Component: ARM Compiler 5.06 update 6 (build 750) Tool: armlink [4d35ed]

==============================================================================

Section Cross References

    helpers.o(i.__secs_to_tm) refers to idiv.o(.text) for __aeabi_idivmod
    helpers.o(i.__secs_to_tm) refers to helpers.o(.constdata) for .constdata
    helpers.o(i.get_time_rmc) refers to minmea.o(i.minmea_gettime) for minmea_gettime
    helpers.o(i.get_time_rtc) refers to stm32f0xx_hal_rtc.o(i.HAL_RTC_GetTime) for HAL_RTC_GetTime
    helpers.o(i.get_time_rtc) refers to stm32f0xx_hal_rtc.o(i.HAL_RTC_GetDate) for HAL_RTC_GetDate
    helpers.o(i.get_time_rtc) refers to mktime.o(.text) for mktime
    helpers.o(i.get_time_rtc) refers to helpers.o(.bss) for .bss
    helpers.o(i.get_time_rtc) refers to main.o(.bss) for hrtc
    helpers.o(i.get_time_rtc) refers to helpers.o(.data) for .data
    helpers.o(i.linear_buf_add) refers to stm32f0xx_hal.o(i.HAL_GetTick) for HAL_GetTick
    helpers.o(i.linear_buf_add_str) refers to helpers.o(i.linear_buf_add) for linear_buf_add
    helpers.o(i.linear_buf_idle) refers to helpers.o(i.linear_buf_reset) for linear_buf_reset
    helpers.o(i.linear_buf_idle) refers to stm32f0xx_hal.o(i.HAL_GetTick) for HAL_GetTick
    helpers.o(i.linear_buf_init) refers to malloc.o(i.malloc) for malloc
    helpers.o(i.linear_buf_init) refers to printf1.o(i.__0printf$1) for __2printf
    helpers.o(i.linear_buf_init) refers to stm32f0xx_hal_gpio.o(i.HAL_GPIO_TogglePin) for HAL_GPIO_TogglePin
    helpers.o(i.linear_buf_init) refers to stm32f0xx_hal.o(i.HAL_Delay) for HAL_Delay
    helpers.o(i.linear_buf_init) refers to helpers.o(i.linear_buf_reset) for linear_buf_reset
    helpers.o(i.linear_buf_line_available) refers to helpers.o(i.linear_buf_reset) for linear_buf_reset
    helpers.o(i.linear_buf_reset) refers to memseta.o(.text) for __aeabi_memclr
    helpers.o(i.rtc_gps_calib) refers to stm32f0xx_hal.o(i.HAL_GetTick) for HAL_GetTick
    helpers.o(i.rtc_gps_calib) refers to stm32f0xx_hal_rtc.o(i.HAL_RTC_SetTime) for HAL_RTC_SetTime
    helpers.o(i.rtc_gps_calib) refers to stm32f0xx_hal_rtc.o(i.HAL_RTC_SetDate) for HAL_RTC_SetDate
    helpers.o(i.rtc_gps_calib) refers to helpers.o(.data) for .data
    helpers.o(i.rtc_gps_calib) refers to helpers.o(.bss) for .bss
    helpers.o(i.rtc_gps_calib) refers to main.o(.bss) for hrtc
    helpers.o(i.unix_ts_2_datetime) refers to helpers.o(i.__secs_to_tm) for __secs_to_tm
    helpers.o(i.unix_ts_2_datetime) refers to idiv.o(.text) for __aeabi_idivmod
    my_tasks.o(i.HAL_GPIO_EXTI_Callback) refers to stm32f0xx_hal_gpio.o(i.HAL_GPIO_WritePin) for HAL_GPIO_WritePin
    my_tasks.o(i.HAL_GPIO_EXTI_Callback) refers to helpers.o(i.rtc_gps_calib) for rtc_gps_calib
    my_tasks.o(i.HAL_GPIO_EXTI_Callback) refers to helpers.o(i.get_time_rmc) for get_time_rmc
    my_tasks.o(i.HAL_GPIO_EXTI_Callback) refers to helpers.o(i.unix_ts_2_datetime) for unix_ts_2_datetime
    my_tasks.o(i.HAL_GPIO_EXTI_Callback) refers to animations.o(i.tube_print2) for tube_print2
    my_tasks.o(i.HAL_GPIO_EXTI_Callback) refers to animations.o(i.led_start_animation) for led_start_animation
    my_tasks.o(i.HAL_GPIO_EXTI_Callback) refers to my_tasks.o(.data) for .data
    my_tasks.o(i.HAL_GPIO_EXTI_Callback) refers to my_tasks.o(.bss) for .bss
    my_tasks.o(i.animation_task_start) refers to animations.o(i.animation_handler) for animation_handler
    my_tasks.o(i.animation_task_start) refers to animations.o(i.led_animation_handler) for led_animation_handler
    my_tasks.o(i.animation_task_start) refers to dfixui.o(.text) for __aeabi_d2uiz
    my_tasks.o(i.animation_task_start) refers to my_tasks.o(i.spi_send) for spi_send
    my_tasks.o(i.animation_task_start) refers to cmsis_os.o(i.osDelay) for osDelay
    my_tasks.o(i.animation_task_start) refers to my_tasks.o(.bss) for .bss
    my_tasks.o(i.animation_task_start) refers to my_tasks.o(.data) for .data
    my_tasks.o(i.gps_temp_parse_task_start) refers to stm32f0xx_hal_iwdg.o(i.HAL_IWDG_Refresh) for HAL_IWDG_Refresh
    my_tasks.o(i.gps_temp_parse_task_start) refers to helpers.o(i.linear_buf_line_available) for linear_buf_line_available
    my_tasks.o(i.gps_temp_parse_task_start) refers to minmea.o(i.parse_gps) for parse_gps
    my_tasks.o(i.gps_temp_parse_task_start) refers to helpers.o(i.linear_buf_reset) for linear_buf_reset
    my_tasks.o(i.gps_temp_parse_task_start) refers to ds18b20.o(i.ds18b20_start_conversion) for ds18b20_start_conversion
    my_tasks.o(i.gps_temp_parse_task_start) refers to ds18b20.o(i.ds18b20_get_temp) for ds18b20_get_temp
    my_tasks.o(i.gps_temp_parse_task_start) refers to uidiv.o(.text) for __aeabi_uidivmod
    my_tasks.o(i.gps_temp_parse_task_start) refers to cmsis_os.o(i.osDelay) for osDelay
    my_tasks.o(i.gps_temp_parse_task_start) refers to my_tasks.o(.bss) for .bss
    my_tasks.o(i.gps_temp_parse_task_start) refers to main.o(.bss) for hiwdg
[...]
    table                                    0x08006a58   Data           4  ctype_o.o(.constdata)
    .constdata                               0x08006a5c   Section       12  mktime.o(.constdata)
    monlen                                   0x08006a5c   Data          12  mktime.o(.constdata)
    .constdata                               0x08006a68   Section       48  cos_i.o(.constdata)
    C                                        0x08006a68   Data          48  cos_i.o(.constdata)
    .constdata                               0x08006a98   Section      200  rred.o(.constdata)
    pio2s                                    0x08006a98   Data          48  rred.o(.constdata)
    twooverpi                                0x08006ac8   Data         152  rred.o(.constdata)
    .constdata                               0x08006b60   Section       40  sin_i.o(.constdata)
    S                                        0x08006b60   Data          40  sin_i.o(.constdata)
    .constdata                               0x08006b88   Section       12  localtime_i.o(.constdata)
    monlen                                   0x08006b88   Data          12  localtime_i.o(.constdata)
    .conststring                             0x08006b94   Section       58  main.o(.conststring)
    .data                                    0x20000000   Section       12  helpers.o(.data)
    next_rtc_calib                           0x20000000   Data           4  helpers.o(.data)
    .data                                    0x2000000c   Section       44  my_tasks.o(.data)
    .data                                    0x20000038   Section        4  delay_us.o(.data)
    .data                                    0x2000003c   Section        4  main.o(.data)
    .data                                    0x20000040   Section        1  user_diskio.o(.data)
    Stat                                     0x20000040   Data           1  user_diskio.o(.data)
    .data                                    0x20000044   Section       20  user_diskio.o(.data)
    .data                                    0x20000058   Section        5  fatfs.o(.data)
    .data                                    0x20000060   Section        4  system_stm32f0xx.o(.data)
    .data                                    0x20000064   Section       12  stm32f0xx_hal.o(.data)
    .data                                    0x20000070   Section       56  tasks.o(.data)
    pxDelayedTaskList                        0x20000074   Data           4  tasks.o(.data)
    pxOverflowDelayedTaskList                0x20000078   Data           4  tasks.o(.data)
    uxCurrentNumberOfTasks                   0x2000007c   Data           4  tasks.o(.data)
    xTickCount                               0x20000080   Data           4  tasks.o(.data)
    uxTopReadyPriority                       0x20000084   Data           4  tasks.o(.data)
    xSchedulerRunning                        0x20000088   Data           4  tasks.o(.data)
    uxPendedTicks                            0x2000008c   Data           4  tasks.o(.data)
    xYieldPending                            0x20000090   Data           4  tasks.o(.data)
    xNumOfOverflows                          0x20000094   Data           4  tasks.o(.data)
    uxTaskNumber                             0x20000098   Data           4  tasks.o(.data)
    xNextTaskUnblockTime                     0x2000009c   Data           4  tasks.o(.data)
    xIdleTaskHandle                          0x200000a0   Data           4  tasks.o(.data)
    uxSchedulerSuspended                     0x200000a4   Data           4  tasks.o(.data)
    .data                                    0x200000a8   Section        8  heap_1.o(.data)
    xNextFreeByte                            0x200000a8   Data           4  heap_1.o(.data)
    pucAlignedHeap                           0x200000ac   Data           4  heap_1.o(.data)
    .data                                    0x200000b0   Section        4  port.o(.data)
    uxCriticalNesting                        0x200000b0   Data           4  port.o(.data)
    .data                                    0x200000b4   Section        4  stdout.o(.data)
    .data                                    0x200000b8   Section        4  mvars.o(.data)
    .data                                    0x200000bc   Section        4  mvars.o(.data)
    .data                                    0x200000c0   Section        4  errno.o(.data)
    _errno                                   0x200000c0   Data           4  errno.o(.data)
    .bss                                     0x200000c4   Section       40  helpers.o(.bss)
    .bss                                     0x200000f0   Section      948  my_tasks.o(.bss)
    .bss                                     0x200004a4   Section        9  ds18b20.o(.bss)
    .bss                                     0x200004b0   Section      576  main.o(.bss)
    .bss                                     0x200006f0   Section      332  freertos.o(.bss)
    xIdleTaskTCBBuffer                       0x200006f0   Data          76  freertos.o(.bss)
    xIdleStack                               0x2000073c   Data         256  freertos.o(.bss)
    .bss                                     0x2000083c   Section       72  stm32f0xx_hal_timebase_tim.o(.bss)
    .bss                                     0x20000884   Section      200  tasks.o(.bss)
    pxReadyTasksLists                        0x20000884   Data         140  tasks.o(.bss)
    xDelayedTaskList1                        0x20000910   Data          20  tasks.o(.bss)
    xDelayedTaskList2                        0x20000924   Data          20  tasks.o(.bss)
    xPendingReadyList                        0x20000938   Data          20  tasks.o(.bss)
    .bss                                     0x2000094c   Section     4096  heap_1.o(.bss)
    ucHeap                                   0x2000094c   Data        4096  heap_1.o(.bss)
    .bss                                     0x2000194c   Section       12  ff_gen_drv.o(.bss)
    HEAP                                     0x20001958   Section      512  startup_stm32f072xb.o(HEAP)
    STACK                                    0x20001b58   Section     1024  startup_stm32f072xb.o(STACK)

    Global Symbols

    Symbol Name                              Value     Ov Type        Size  Object(Section)

    BuildAttributes$$THM_ISAv3M$S$PE$A:L22$X:L11$S22$IEEE1$IW$USESV6$~STKCKD$USESV7$~SHL$OTIME$ROPI$IEEEX$EBA8$MICROLIB$REQ8$PRES8$EABIv2 0x00000000   Number         0  anon$$obj.o ABSOLUTE
    __ARM_use_no_argv                        0x00000000   Number         0  main.o ABSOLUTE
    _printf_a                                0x00000000   Number         0  stubs.o ABSOLUTE
    _printf_c                                0x00000000   Number         0  stubs.o ABSOLUTE
    _printf_charcount                        0x00000000   Number         0  stubs.o ABSOLUTE
    _printf_d                                0x00000000   Number         0  stubs.o ABSOLUTE
    _printf_e                                0x00000000   Number         0  stubs.o ABSOLUTE
    _printf_f                                0x00000000   Number         0  stubs.o ABSOLUTE
    _printf_flags                            0x00000000   Number         0  stubs.o ABSOLUTE
    _printf_fp_dec                           0x00000000   Number         0  stubs.o ABSOLUTE
    _printf_fp_hex                           0x00000000   Number         0  stubs.o ABSOLUTE
    _printf_g                                0x00000000   Number         0  stubs.o ABSOLUTE
    _printf_i                                0x00000000   Number         0  stubs.o ABSOLUTE
    _printf_int_dec                          0x00000000   Number         0  stubs.o ABSOLUTE
    _printf_l                                0x00000000   Number         0  stubs.o ABSOLUTE
    _printf_lc                               0x00000000   Number         0  stubs.o ABSOLUTE
    _printf_ll                               0x00000000   Number         0  stubs.o ABSOLUTE
    _printf_lld                              0x00000000   Number         0  stubs.o ABSOLUTE
    _printf_lli                              0x00000000   Number         0  stubs.o ABSOLUTE
    _printf_llo                              0x00000000   Number         0  stubs.o ABSOLUTE
    _printf_llu                              0x00000000   Number         0  stubs.o ABSOLUTE
    _printf_llx                              0x00000000   Number         0  stubs.o ABSOLUTE
    _printf_longlong_dec                     0x00000000   Number         0  stubs.o ABSOLUTE
    _printf_longlong_hex                     0x00000000   Number         0  stubs.o ABSOLUTE
    _printf_longlong_oct                     0x00000000   Number         0  stubs.o ABSOLUTE
    _printf_ls                               0x00000000   Number         0  stubs.o ABSOLUTE
    _printf_mbtowc                           0x00000000   Number         0  stubs.o ABSOLUTE
    _printf_n                                0x00000000   Number         0  stubs.o ABSOLUTE
    _printf_o                                0x00000000   Number         0  stubs.o ABSOLUTE
    _printf_p                                0x00000000   Number         0  stubs.o ABSOLUTE
    _printf_percent                          0x00000000   Number         0  stubs.o ABSOLUTE
    _printf_pre_padding                      0x00000000   Number         0  stubs.o ABSOLUTE
    _printf_return_value                     0x00000000   Number         0  stubs.o ABSOLUTE
    _printf_s                                0x00000000   Number         0  stubs.o ABSOLUTE
    _printf_sizespec                         0x00000000   Number         0  stubs.o ABSOLUTE
    _printf_str                              0x00000000   Number         0  stubs.o ABSOLUTE
    _printf_truncate_signed                  0x00000000   Number         0  stubs.o ABSOLUTE
    _printf_truncate_unsigned                0x00000000   Number         0  stubs.o ABSOLUTE
    _printf_u                                0x00000000   Number         0  stubs.o ABSOLUTE
    _printf_wc                               0x00000000   Number         0  stubs.o ABSOLUTE
    _printf_wctomb                           0x00000000   Number         0  stubs.o ABSOLUTE
    _printf_widthprec                        0x00000000   Number         0  stubs.o ABSOLUTE
    _printf_x                                0x00000000   Number         0  stubs.o ABSOLUTE
    __cpp_initialize__aeabi_                  - Undefined Weak Reference
    __cxa_finalize                            - Undefined Weak Reference
    __decompress                              - Undefined Weak Reference
    _clock_init                               - Undefined Weak Reference
    _microlib_exit                            - Undefined Weak Reference
    __Vectors_Size                           0x000000c0   Number         0  startup_stm32f072xb.o ABSOLUTE
    __Vectors                                0x08000000   Data           4  startup_stm32f072xb.o(RESET)
    __Vectors_End                            0x080000c0   Data           0  startup_stm32f072xb.o(RESET)
    __main                                   0x080000c1   Thumb Code     0  entry.o(.ARM.Collect$$$$00000000)
    _main_stk                                0x080000c1   Thumb Code     0  entry2.o(.ARM.Collect$$$$00000001)
    _main_scatterload                        0x080000c5   Thumb Code     0  entry5.o(.ARM.Collect$$$$00000004)
    __main_after_scatterload                 0x080000c9   Thumb Code     0  entry5.o(.ARM.Collect$$$$00000004)
    _main_clock                              0x080000c9   Thumb Code     0  entry7b.o(.ARM.Collect$$$$00000008)
    _main_cpp_init                           0x080000c9   Thumb Code     0  entry8b.o(.ARM.Collect$$$$0000000A)
    _main_init                               0x080000c9   Thumb Code     0  entry9a.o(.ARM.Collect$$$$0000000B)
    __rt_final_cpp                           0x080000d1   Thumb Code     0  entry10a.o(.ARM.Collect$$$$0000000D)
    __rt_final_exit                          0x080000d1   Thumb Code     0  entry11a.o(.ARM.Collect$$$$0000000F)
    __asm___6_port_c_39a90d8d__prvPortStartFirstTask 0x080000d5   Thumb Code    36  port.o(.emb_text)
    ulSetInterruptMaskFromISR                0x080000fd   Thumb Code     8  port.o(.emb_text)
    vClearInterruptMaskFromISR               0x08000105   Thumb Code     6  port.o(.emb_text)
    PendSV_Handler                           0x0800010b   Thumb Code    62  port.o(.emb_text)
    Reset_Handler                            0x0800014d   Thumb Code     8  startup_stm32f072xb.o(.text)
    ADC1_COMP_IRQHandler                     0x0800015f   Thumb Code     0  startup_stm32f072xb.o(.text)
    CEC_CAN_IRQHandler                       0x0800015f   Thumb Code     0  startup_stm32f072xb.o(.text)
    DMA1_Channel1_IRQHandler                 0x0800015f   Thumb Code     0  startup_stm32f072xb.o(.text)
    DMA1_Channel2_3_IRQHandler               0x0800015f   Thumb Code     0  startup_stm32f072xb.o(.text)
    DMA1_Channel4_5_6_7_IRQHandler           0x0800015f   Thumb Code     0  startup_stm32f072xb.o(.text)
    EXTI0_1_IRQHandler                       0x0800015f   Thumb Code     0  startup_stm32f072xb.o(.text)
    EXTI2_3_IRQHandler                       0x0800015f   Thumb Code     0  startup_stm32f072xb.o(.text)
    FLASH_IRQHandler                         0x0800015f   Thumb Code     0  startup_stm32f072xb.o(.text)
    I2C1_IRQHandler                          0x0800015f   Thumb Code     0  startup_stm32f072xb.o(.text)
    I2C2_IRQHandler                          0x0800015f   Thumb Code     0  startup_stm32f072xb.o(.text)
    PVD_VDDIO2_IRQHandler                    0x0800015f   Thumb Code     0  startup_stm32f072xb.o(.text)
    RCC_CRS_IRQHandler                       0x0800015f   Thumb Code     0  startup_stm32f072xb.o(.text)
    RTC_IRQHandler                           0x0800015f   Thumb Code     0  startup_stm32f072xb.o(.text)
    SPI1_IRQHandler                          0x0800015f   Thumb Code     0  startup_stm32f072xb.o(.text)
    SPI2_IRQHandler                          0x0800015f   Thumb Code     0  startup_stm32f072xb.o(.text)
    TIM14_IRQHandler                         0x0800015f   Thumb Code     0  startup_stm32f072xb.o(.text)
    TIM15_IRQHandler                         0x0800015f   Thumb Code     0  startup_stm32f072xb.o(.text)
    TIM16_IRQHandler                         0x0800015f   Thumb Code     0  startup_stm32f072xb.o(.text)
    TIM17_IRQHandler                         0x0800015f   Thumb Code     0  startup_stm32f072xb.o(.text)
    TIM1_BRK_UP_TRG_COM_IRQHandler           0x0800015f   Thumb Code     0  startup_stm32f072xb.o(.text)
    TIM1_CC_IRQHandler                       0x0800015f   Thumb Code     0  startup_stm32f072xb.o(.text)
    TIM2_IRQHandler                          0x0800015f   Thumb Code     0  startup_stm32f072xb.o(.text)
    TIM3_IRQHandler                          0x0800015f   Thumb Code     0  startup_stm32f072xb.o(.text)
    TIM6_DAC_IRQHandler                      0x0800015f   Thumb Code     0  startup_stm32f072xb.o(.text)
    TSC_IRQHandler                           0x0800015f   Thumb Code     0  startup_stm32f072xb.o(.text)
    USART2_IRQHandler                        0x0800015f   Thumb Code     0  startup_stm32f072xb.o(.text)
    USART3_4_IRQHandler                      0x0800015f   Thumb Code     0  startup_stm32f072xb.o(.text)
    USB_IRQHandler                           0x0800015f   Thumb Code     0  startup_stm32f072xb.o(.text)
    WWDG_IRQHandler                          0x0800015f   Thumb Code     0  startup_stm32f072xb.o(.text)
    __aeabi_uidiv                            0x08000169   Thumb Code     0  uidiv.o(.text)
    __aeabi_uidivmod                         0x08000169   Thumb Code    44  uidiv.o(.text)
    __aeabi_idiv                             0x08000195   Thumb Code     0  idiv.o(.text)
    __aeabi_idivmod                          0x08000195   Thumb Code    40  idiv.o(.text)
    __aeabi_uldivmod                         0x080001bd   Thumb Code    96  uldiv.o(.text)
    __aeabi_llsr                             0x0800021d   Thumb Code    34  llushr.o(.text)
    _ll_ushift_r                             0x0800021d   Thumb Code     0  llushr.o(.text)
    __rt_ctype_table                         0x08000241   Thumb Code     4  ctype_o.o(.text)
    mktime                                   0x08000249   Thumb Code   124  mktime.o(.text)
    __aeabi_memcpy                           0x080002d5   Thumb Code    36  memcpya.o(.text)
    __aeabi_memcpy4                          0x080002d5   Thumb Code     0  memcpya.o(.text)
    __aeabi_memcpy8                          0x080002d5   Thumb Code     0  memcpya.o(.text)
    __aeabi_memset                           0x080002f9   Thumb Code    14  memseta.o(.text)
    __aeabi_memset4                          0x080002f9   Thumb Code     0  memseta.o(.text)
    __aeabi_memset8                          0x080002f9   Thumb Code     0  memseta.o(.text)
    __aeabi_memclr                           0x08000307   Thumb Code     4  memseta.o(.text)
    __aeabi_memclr4                          0x08000307   Thumb Code     0  memseta.o(.text)
    __aeabi_memclr8                          0x08000307   Thumb Code     0  memseta.o(.text)
    memset                                   0x0800030b   Thumb Code    18  memseta.o(.text)
    strlen                                   0x0800031d   Thumb Code    14  strlen.o(.text)
    strcmp                                   0x0800032b   Thumb Code    28  strcmp.o(.text)
    strtol                                   0x08000349   Thumb Code   108  strtol.o(.text)
    __aeabi_dadd                             0x080003b9   Thumb Code   328  dadd.o(.text)
    __aeabi_dsub                             0x08000501   Thumb Code    12  dadd.o(.text)
    __aeabi_drsub                            0x0800050d   Thumb Code    12  dadd.o(.text)
    __aeabi_dmul                             0x0800051d   Thumb Code   202  dmul.o(.text)
    __aeabi_ddiv                             0x080005ed   Thumb Code   234  ddiv.o(.text)
    __aeabi_ui2d                             0x080006dd   Thumb Code    24  dfltui.o(.text)
    __aeabi_d2uiz                            0x080006f9   Thumb Code    50  dfixui.o(.text)
    __aeabi_cdcmpeq                          0x08000735   Thumb Code     0  cdcmple.o(.text)
    __aeabi_cdcmple                          0x08000735   Thumb Code    38  cdcmple.o(.text)
    __aeabi_cdrcmple                         0x0800075d   Thumb Code    38  cdrcmple.o(.text)
    __aeabi_llsl                             0x08000785   Thumb Code    32  llshl.o(.text)
    _ll_shift_l                              0x08000785   Thumb Code     0  llshl.o(.text)
    __aeabi_lasr                             0x080007a5   Thumb Code    38  llsshr.o(.text)
    _ll_sshift_r                             0x080007a5   Thumb Code     0  llsshr.o(.text)
    _localtime                               0x080007cd   Thumb Code   104  localtime_i.o(.text)
    _strtoul                                 0x08000841   Thumb Code   166  _strtoul.o(.text)
    __I$use$fp                               0x080008e7   Thumb Code     0  iusefp.o(.text)
    _double_round                            0x080008e7   Thumb Code    26  depilogue.o(.text)
    _double_epilogue                         0x08000901   Thumb Code   164  depilogue.o(.text)
    __scatterload                            0x080009a5   Thumb Code    28  init.o(.text)
    __scatterload_rt2                        0x080009a5   Thumb Code     0  init.o(.text)
    _chval                                   0x080009c9   Thumb Code    30  _chval.o(.text)
    __ARM_scalbn                             0x080009e7   Thumb Code    44  dscalb.o(.text)
    scalbn                                   0x080009e7   Thumb Code     0  dscalb.o(.text)
    __aeabi_i2d                              0x08000a15   Thumb Code    34  dflti.o(.text)
    __aeabi_d2iz                             0x08000a3d   Thumb Code    62  dfixi.o(.text)
    EXTI4_15_IRQHandler                      0x08000a85   Thumb Code    12  stm32f0xx_it.o(i.EXTI4_15_IRQHandler)
    FATFS_LinkDriver                         0x08000a91   Thumb Code    10  ff_gen_drv.o(i.FATFS_LinkDriver)
    FATFS_LinkDriverEx                       0x08000a9d   Thumb Code    60  ff_gen_drv.o(i.FATFS_LinkDriverEx)
    HAL_DMA_Abort                            0x08000ae1   Thumb Code    68  stm32f0xx_hal_dma.o(i.HAL_DMA_Abort)
    HAL_DMA_Abort_IT                         0x08000b25   Thumb Code    72  stm32f0xx_hal_dma.o(i.HAL_DMA_Abort_IT)
    HAL_Delay                                0x08000b6d   Thumb Code    32  stm32f0xx_hal.o(i.HAL_Delay)
    HAL_GPIO_EXTI_Callback                   0x08000b91   Thumb Code   276  my_tasks.o(i.HAL_GPIO_EXTI_Callback)
    HAL_GPIO_EXTI_IRQHandler                 0x08000cb1   Thumb Code    18  stm32f0xx_hal_gpio.o(i.HAL_GPIO_EXTI_IRQHandler)
    HAL_GPIO_Init                            0x08000cc9   Thumb Code   334  stm32f0xx_hal_gpio.o(i.HAL_GPIO_Init)
    HAL_GPIO_ReadPin                         0x08000e35   Thumb Code    14  stm32f0xx_hal_gpio.o(i.HAL_GPIO_ReadPin)
    HAL_GPIO_TogglePin                       0x08000e43   Thumb Code    16  stm32f0xx_hal_gpio.o(i.HAL_GPIO_TogglePin)
    HAL_GPIO_WritePin                        0x08000e53   Thumb Code    12  stm32f0xx_hal_gpio.o(i.HAL_GPIO_WritePin)
    HAL_GetTick                              0x08000e61   Thumb Code     6  stm32f0xx_hal.o(i.HAL_GetTick)
    HAL_I2CEx_ConfigAnalogFilter             0x08000e6d   Thumb Code    84  stm32f0xx_hal_i2c_ex.o(i.HAL_I2CEx_ConfigAnalogFilter)
    HAL_I2CEx_ConfigDigitalFilter            0x08000ec1   Thumb Code    82  stm32f0xx_hal_i2c_ex.o(i.HAL_I2CEx_ConfigDigitalFilter)
    HAL_I2C_Init                             0x08000f15   Thumb Code   196  stm32f0xx_hal_i2c.o(i.HAL_I2C_Init)
    HAL_I2C_IsDeviceReady                    0x08000fdd   Thumb Code   308  stm32f0xx_hal_i2c.o(i.HAL_I2C_IsDeviceReady)
    HAL_I2C_Master_Receive                   0x08001119   Thumb Code   328  stm32f0xx_hal_i2c.o(i.HAL_I2C_Master_Receive)
    HAL_I2C_Master_Transmit                  0x08001269   Thumb Code   364  stm32f0xx_hal_i2c.o(i.HAL_I2C_Master_Transmit)
    HAL_I2C_MspInit                          0x080013dd   Thumb Code    88  stm32f0xx_hal_msp.o(i.HAL_I2C_MspInit)
    HAL_IWDG_Init                            0x08001441   Thumb Code   102  stm32f0xx_hal_iwdg.o(i.HAL_IWDG_Init)
    HAL_IWDG_Refresh                         0x080014b5   Thumb Code    10  stm32f0xx_hal_iwdg.o(i.HAL_IWDG_Refresh)
    HAL_IncTick                              0x080014c5   Thumb Code    12  stm32f0xx_hal.o(i.HAL_IncTick)
    HAL_Init                                 0x080014d5   Thumb Code    26  stm32f0xx_hal.o(i.HAL_Init)
    HAL_InitTick                             0x080014f5   Thumb Code   130  stm32f0xx_hal_timebase_tim.o(i.HAL_InitTick)
    HAL_MspInit                              0x08001591   Thumb Code    44  stm32f0xx_hal_msp.o(i.HAL_MspInit)
    HAL_NVIC_EnableIRQ                       0x080015c1   Thumb Code    18  stm32f0xx_hal_cortex.o(i.HAL_NVIC_EnableIRQ)
    HAL_NVIC_SetPriority                     0x080015d9   Thumb Code    60  stm32f0xx_hal_cortex.o(i.HAL_NVIC_SetPriority)
    HAL_NVIC_SystemReset                     0x0800161d   Thumb Code    18  stm32f0xx_hal_cortex.o(i.HAL_NVIC_SystemReset)
    HAL_RCCEx_PeriphCLKConfig                0x08001639   Thumb Code   294  stm32f0xx_hal_rcc_ex.o(i.HAL_RCCEx_PeriphCLKConfig)
    HAL_RCC_ClockConfig                      0x0800176d   Thumb Code   292  stm32f0xx_hal_rcc.o(i.HAL_RCC_ClockConfig)
    HAL_RCC_GetClockConfig                   0x080018a5   Thumb Code    48  stm32f0xx_hal_rcc.o(i.HAL_RCC_GetClockConfig)
    HAL_RCC_GetHCLKFreq                      0x080018dd   Thumb Code     6  stm32f0xx_hal_rcc.o(i.HAL_RCC_GetHCLKFreq)
    HAL_RCC_GetPCLK1Freq                     0x080018e9   Thumb Code    22  stm32f0xx_hal_rcc.o(i.HAL_RCC_GetPCLK1Freq)
    HAL_RCC_GetSysClockFreq                  0x08001909   Thumb Code   112  stm32f0xx_hal_rcc.o(i.HAL_RCC_GetSysClockFreq)
    HAL_RCC_OscConfig                        0x0800198d   Thumb Code  1300  stm32f0xx_hal_rcc.o(i.HAL_RCC_OscConfig)
    HAL_RTC_GetDate                          0x08001ea1   Thumb Code    64  stm32f0xx_hal_rtc.o(i.HAL_RTC_GetDate)
    HAL_RTC_GetTime                          0x08001ee5   Thumb Code    80  stm32f0xx_hal_rtc.o(i.HAL_RTC_GetTime)
    HAL_RTC_Init                             0x08001f39   Thumb Code   162  stm32f0xx_hal_rtc.o(i.HAL_RTC_Init)
    HAL_RTC_MspInit                          0x08001fe1   Thumb Code    22  stm32f0xx_hal_msp.o(i.HAL_RTC_MspInit)
    HAL_RTC_SetDate                          0x08002001   Thumb Code   158  stm32f0xx_hal_rtc.o(i.HAL_RTC_SetDate)
    HAL_RTC_SetTime                          0x080020a5   Thumb Code   186  stm32f0xx_hal_rtc.o(i.HAL_RTC_SetTime)
    HAL_RTC_WaitForSynchro                   0x08002165   Thumb Code    54  stm32f0xx_hal_rtc.o(i.HAL_RTC_WaitForSynchro)
    HAL_SPI_Init                             0x080021a1   Thumb Code   240  stm32f0xx_hal_spi.o(i.HAL_SPI_Init)
    HAL_SPI_MspInit                          0x08002291   Thumb Code    82  stm32f0xx_hal_msp.o(i.HAL_SPI_MspInit)
    HAL_SPI_Transmit                         0x080022f1   Thumb Code   408  stm32f0xx_hal_spi.o(i.HAL_SPI_Transmit)
    HAL_TIMEx_BreakCallback                  0x08002489   Thumb Code     2  stm32f0xx_hal_tim_ex.o(i.HAL_TIMEx_BreakCallback)
    HAL_TIMEx_CommutCallback                 0x0800248b   Thumb Code     2  stm32f0xx_hal_tim_ex.o(i.HAL_TIMEx_CommutCallback)
    HAL_TIMEx_MasterConfigSynchronization    0x0800248d   Thumb Code    88  stm32f0xx_hal_tim_ex.o(i.HAL_TIMEx_MasterConfigSynchronization)
    HAL_TIM_Base_Init                        0x080024f1   Thumb Code    74  stm32f0xx_hal_tim.o(i.HAL_TIM_Base_Init)
    HAL_TIM_Base_MspInit                     0x0800253d   Thumb Code    30  stm32f0xx_hal_msp.o(i.HAL_TIM_Base_MspInit)
    HAL_TIM_Base_Start                       0x08002561   Thumb Code    74  stm32f0xx_hal_tim.o(i.HAL_TIM_Base_Start)
    HAL_TIM_Base_Start_IT                    0x080025b9   Thumb Code    82  stm32f0xx_hal_tim.o(i.HAL_TIM_Base_Start_IT)
    HAL_TIM_ConfigClockSource                0x08002619   Thumb Code   232  stm32f0xx_hal_tim.o(i.HAL_TIM_ConfigClockSource)
    HAL_TIM_IC_CaptureCallback               0x08002701   Thumb Code     2  stm32f0xx_hal_tim.o(i.HAL_TIM_IC_CaptureCallback)
    HAL_TIM_IRQHandler                       0x08002703   Thumb Code   304  stm32f0xx_hal_tim.o(i.HAL_TIM_IRQHandler)
    HAL_TIM_OC_DelayElapsedCallback          0x08002833   Thumb Code     2  stm32f0xx_hal_tim.o(i.HAL_TIM_OC_DelayElapsedCallback)
    HAL_TIM_PWM_PulseFinishedCallback        0x08002835   Thumb Code     2  stm32f0xx_hal_tim.o(i.HAL_TIM_PWM_PulseFinishedCallback)
    HAL_TIM_PeriodElapsedCallback            0x08002839   Thumb Code    16  main.o(i.HAL_TIM_PeriodElapsedCallback)
    HAL_TIM_TriggerCallback                  0x0800284d   Thumb Code     2  stm32f0xx_hal_tim.o(i.HAL_TIM_TriggerCallback)
    HAL_UARTEx_RxEventCallback               0x0800284f   Thumb Code     2  stm32f0xx_hal_uart.o(i.HAL_UARTEx_RxEventCallback)
    HAL_UARTEx_WakeupCallback                0x08002851   Thumb Code     2  stm32f0xx_hal_uart_ex.o(i.HAL_UARTEx_WakeupCallback)
    HAL_UART_ErrorCallback                   0x08002855   Thumb Code    22  main.o(i.HAL_UART_ErrorCallback)
    HAL_UART_IRQHandler                      0x08002879   Thumb Code   662  stm32f0xx_hal_uart.o(i.HAL_UART_IRQHandler)
    HAL_UART_Init                            0x08002b1d   Thumb Code   112  stm32f0xx_hal_uart.o(i.HAL_UART_Init)
    HAL_UART_MspInit                         0x08002b8d   Thumb Code   154  stm32f0xx_hal_msp.o(i.HAL_UART_MspInit)
    HAL_UART_Receive_IT                      0x08002c39   Thumb Code    94  stm32f0xx_hal_uart.o(i.HAL_UART_Receive_IT)
    HAL_UART_RxCpltCallback                  0x08002c99   Thumb Code    32  main.o(i.HAL_UART_RxCpltCallback)
    HAL_UART_Transmit                        0x08002cc9   Thumb Code   226  stm32f0xx_hal_uart.o(i.HAL_UART_Transmit)
    HAL_UART_TxCpltCallback                  0x08002dab   Thumb Code     2  stm32f0xx_hal_uart.o(i.HAL_UART_TxCpltCallback)
    HardFault_Handler                        0x08002dad   Thumb Code     2  stm32f0xx_it.o(i.HardFault_Handler)
    MX_FATFS_Init                            0x08003105   Thumb Code    18  fatfs.o(i.MX_FATFS_Init)
    NMI_Handler                              0x08003429   Thumb Code     2  stm32f0xx_it.o(i.NMI_Handler)
    RTC_Bcd2ToByte                           0x0800342b   Thumb Code    16  stm32f0xx_hal_rtc.o(i.RTC_Bcd2ToByte)
    RTC_ByteToBcd2                           0x0800343b   Thumb Code    24  stm32f0xx_hal_rtc.o(i.RTC_ByteToBcd2)
    RTC_EnterInitMode                        0x08003453   Thumb Code    66  stm32f0xx_hal_rtc.o(i.RTC_EnterInitMode)
    RTC_ExitInitMode                         0x08003495   Thumb Code    44  stm32f0xx_hal_rtc.o(i.RTC_ExitInitMode)
    SVC_Handler                              0x080036e5   Thumb Code     2  port.o(i.SVC_Handler)
    StartDefaultTask                         0x080036e7   Thumb Code    12  main.o(i.StartDefaultTask)
    SysTick_Handler                          0x080036f5   Thumb Code    32  port.o(i.SysTick_Handler)
    SystemClock_Config                       0x08003719   Thumb Code   110  main.o(i.SystemClock_Config)
    SystemInit                               0x0800378d   Thumb Code    76  system_stm32f0xx.o(i.SystemInit)
    TIM7_IRQHandler                          0x080037e9   Thumb Code    10  stm32f0xx_it.o(i.TIM7_IRQHandler)
    TIM_Base_SetConfig                       0x080037f9   Thumb Code   140  stm32f0xx_hal_tim.o(i.TIM_Base_SetConfig)
    TIM_ETR_SetConfig                        0x0800389d   Thumb Code    24  stm32f0xx_hal_tim.o(i.TIM_ETR_SetConfig)
    UART_AdvFeatureConfig                    0x08003911   Thumb Code   204  stm32f0xx_hal_uart.o(i.UART_AdvFeatureConfig)
    UART_CheckIdleState                      0x080039dd   Thumb Code   202  stm32f0xx_hal_uart.o(i.UART_CheckIdleState)
    UART_SetConfig                           0x08003ce9   Thumb Code   372  stm32f0xx_hal_uart.o(i.UART_SetConfig)
    UART_Start_Receive_IT                    0x08003e81   Thumb Code   210  stm32f0xx_hal_uart.o(i.UART_Start_Receive_IT)
    UART_WaitOnFlagUntilTimeout              0x08003f61   Thumb Code   186  stm32f0xx_hal_uart.o(i.UART_WaitOnFlagUntilTimeout)
    USART1_IRQHandler                        0x0800401d   Thumb Code    10  stm32f0xx_it.o(i.USART1_IRQHandler)
    USER_initialize                          0x0800402d   Thumb Code    10  user_diskio.o(i.USER_initialize)
    USER_ioctl                               0x0800403d   Thumb Code     4  user_diskio.o(i.USER_ioctl)
    USER_read                                0x08004041   Thumb Code     4  user_diskio.o(i.USER_read)
    USER_status                              0x08004045   Thumb Code    10  user_diskio.o(i.USER_status)
    USER_write                               0x08004055   Thumb Code     4  user_diskio.o(i.USER_write)
    __0printf$1                              0x08004059   Thumb Code    24  printf1.o(i.__0printf$1)
    __1printf$1                              0x08004059   Thumb Code     0  printf1.o(i.__0printf$1)
    __2printf                                0x08004059   Thumb Code     0  printf1.o(i.__0printf$1)
    __ARM_clz                                0x08004079   Thumb Code    46  depilogue.o(i.__ARM_clz)
    __ARM_common_ll_muluu                    0x080040a7   Thumb Code    50  stm32f0xx_hal_rcc.o(i.__ARM_common_ll_muluu)
    __ARM_common_switch8                     0x080040d9   Thumb Code    26  my_tasks.o(i.__ARM_common_switch8)
    __ARM_fpclassify                         0x080040f5   Thumb Code    40  fpclassify.o(i.__ARM_fpclassify)
    __aeabi_errno_addr                       0x08004121   Thumb Code     4  errno.o(i.__aeabi_errno_addr)
    __rt_errno_addr                          0x08004121   Thumb Code     0  errno.o(i.__aeabi_errno_addr)
    __ieee754_rem_pio2                       0x08004129   Thumb Code   838  rred.o(i.__ieee754_rem_pio2)
    __kernel_cos                             0x080044c5   Thumb Code   224  cos_i.o(i.__kernel_cos)
    __kernel_poly                            0x080045b9   Thumb Code   172  poly.o(i.__kernel_poly)
    __kernel_sin                             0x08004665   Thumb Code   222  sin_i.o(i.__kernel_sin)
    __mathlib_dbl_infnan                     0x08004751   Thumb Code    10  dunder.o(i.__mathlib_dbl_infnan)
    __mathlib_dbl_invalid                    0x0800475b   Thumb Code    16  dunder.o(i.__mathlib_dbl_invalid)
    __mathlib_dbl_underflow                  0x0800476d   Thumb Code    14  dunder.o(i.__mathlib_dbl_underflow)
    __scatterload_copy                       0x08004781   Thumb Code    14  handlers.o(i.__scatterload_copy)
    __scatterload_null                       0x0800478f   Thumb Code     2  handlers.o(i.__scatterload_null)
    __scatterload_zeroinit                   0x08004791   Thumb Code    14  handlers.o(i.__scatterload_zeroinit)
    __secs_to_tm                             0x080047a1   Thumb Code   282  helpers.o(i.__secs_to_tm)
    __set_errno                              0x080048d5   Thumb Code     6  errno.o(i.__set_errno)
    animation_handler                        0x08004a31   Thumb Code   174  animations.o(i.animation_handler)
    animation_init                           0x08004af9   Thumb Code    28  animations.o(i.animation_init)
    animation_task_start                     0x08004b15   Thumb Code   182  my_tasks.o(i.animation_task_start)
    button_init                              0x08004bd5   Thumb Code    16  buttons.o(i.button_init)
    button_update                            0x08004be5   Thumb Code    60  buttons.o(i.button_update)
    cos                                      0x08004c21   Thumb Code   142  cos.o(i.cos)
    delay_us                                 0x08004cb9   Thumb Code    18  delay_us.o(i.delay_us)
    delay_us_init                            0x08004cd1   Thumb Code    12  delay_us.o(i.delay_us_init)
    ds18b20_get_temp                         0x08004ce1   Thumb Code    48  ds18b20.o(i.ds18b20_get_temp)
    ds18b20_start_conversion                 0x08004d15   Thumb Code    28  ds18b20.o(i.ds18b20_start_conversion)
    eeprom_read                              0x08004d31   Thumb Code    66  eeprom.o(i.eeprom_read)
    eeprom_write                             0x08004d79   Thumb Code    64  eeprom.o(i.eeprom_write)
    fputc                                    0x08004dbd   Thumb Code    18  main.o(i.fputc)
    get_display_mode                         0x08004dd5   Thumb Code    14  config.o(i.get_display_mode)
    get_time_rmc                             0x08004de3   Thumb Code    28  helpers.o(i.get_time_rmc)
    get_time_rtc                             0x08004e01   Thumb Code    72  helpers.o(i.get_time_rtc)
    get_use_24hour                           0x08004e55   Thumb Code    14  config.o(i.get_use_24hour)
    get_utc_offset                           0x08004e63   Thumb Code    16  config.o(i.get_utc_offset)
    gps_init                                 0x08004e75   Thumb Code    98  gps_config.o(i.gps_init)
    gps_say                                  0x08004edd   Thumb Code    22  gps_config.o(i.gps_say)
    gps_temp_parse_task_start                0x08004ef9   Thumb Code   106  my_tasks.o(i.gps_temp_parse_task_start)
    led_animation_handler                    0x08004fa1   Thumb Code   252  animations.o(i.led_animation_handler)
    led_animation_init                       0x080050c1   Thumb Code    36  animations.o(i.led_animation_init)
    led_start_animation                      0x080050e5   Thumb Code    66  animations.o(i.led_start_animation)
    linear_buf_add                           0x08005131   Thumb Code    42  helpers.o(i.linear_buf_add)
    linear_buf_init                          0x0800515d   Thumb Code    60  helpers.o(i.linear_buf_init)
    linear_buf_line_available                0x080051a9   Thumb Code    36  helpers.o(i.linear_buf_line_available)
    linear_buf_reset                         0x080051cd   Thumb Code    16  helpers.o(i.linear_buf_reset)
    main                                     0x080051dd   Thumb Code   194  main.o(i.main)
    malloc                                   0x080052c1   Thumb Code    92  malloc.o(i.malloc)
    minmea_check                             0x0800532d   Thumb Code   132  minmea.o(i.minmea_check)
    minmea_gettime                           0x080053b9   Thumb Code    92  minmea.o(i.minmea_gettime)
    minmea_parse_gga                         0x0800543d   Thumb Code   114  minmea.o(i.minmea_parse_gga)
    minmea_parse_gst                         0x080054c5   Thumb Code    78  minmea.o(i.minmea_parse_gst)
    minmea_parse_gsv                         0x08005525   Thumb Code   112  minmea.o(i.minmea_parse_gsv)
    minmea_parse_rmc                         0x080055b1   Thumb Code   132  minmea.o(i.minmea_parse_rmc)
    minmea_scan                              0x08005649   Thumb Code   884  minmea.o(i.minmea_scan)
    minmea_sentence_id                       0x080059c5   Thumb Code   136  minmea.o(i.minmea_sentence_id)
    my_1wire_read_bit                        0x08005a69   Thumb Code    58  my_1wire.o(i.my_1wire_read_bit)
    my_1wire_read_byte                       0x08005aa3   Thumb Code    28  my_1wire.o(i.my_1wire_read_byte)
    my_1wire_read_bytes                      0x08005abf   Thumb Code    24  my_1wire.o(i.my_1wire_read_bytes)
    my_1wire_reset                           0x08005ad7   Thumb Code    70  my_1wire.o(i.my_1wire_reset)
    my_1wire_write_bit                       0x08005b1d   Thumb Code    72  my_1wire.o(i.my_1wire_write_bit)
    my_1wire_write_byte                      0x08005b69   Thumb Code    28  my_1wire.o(i.my_1wire_write_byte)
    osDelay                                  0x08005b85   Thumb Code    16  cmsis_os.o(i.osDelay)
    osKernelStart                            0x08005b95   Thumb Code    10  cmsis_os.o(i.osKernelStart)
    osThreadCreate                           0x08005b9f   Thumb Code    94  cmsis_os.o(i.osThreadCreate)
    parse_gps                                0x08005bfd   Thumb Code    80  minmea.o(i.parse_gps)
    pvPortMalloc                             0x08005e49   Thumb Code    68  heap_1.o(i.pvPortMalloc)
    pxPortInitialiseStack                    0x08005e99   Thumb Code    26  port.o(i.pxPortInitialiseStack)
    rtc_gps_calib                            0x08005eb9   Thumb Code    98  helpers.o(i.rtc_gps_calib)
    setup_task                               0x08005f2d   Thumb Code   238  my_tasks.o(i.setup_task)
    sin                                      0x08006049   Thumb Code   146  sin.o(i.sin)
    spi_send                                 0x080060e5   Thumb Code    84  my_tasks.o(i.spi_send)
    start_animation                          0x08006141   Thumb Code    38  animations.o(i.start_animation)
    test_task_start                          0x0800616d   Thumb Code   286  my_tasks.o(i.test_task_start)
    timegm                                   0x080062ad   Thumb Code   140  minmea.o(i.timegm)
    tube_print2                              0x08006341   Thumb Code    62  animations.o(i.tube_print2)
    unix_ts_2_datetime                       0x0800637f   Thumb Code    88  helpers.o(i.unix_ts_2_datetime)
    utc_offset_trim                          0x080063d7   Thumb Code    20  config.o(i.utc_offset_trim)
    uxListRemove                             0x080063eb   Thumb Code    38  list.o(i.uxListRemove)
    vApplicationGetIdleTaskMemory            0x08006411   Thumb Code    16  freertos.o(i.vApplicationGetIdleTaskMemory)
    vListInitialise                          0x08006425   Thumb Code    22  list.o(i.vListInitialise)
    vListInitialiseItem                      0x0800643b   Thumb Code     6  list.o(i.vListInitialiseItem)
    vListInsert                              0x08006441   Thumb Code    50  list.o(i.vListInsert)
    vListInsertEnd                           0x08006473   Thumb Code    24  list.o(i.vListInsertEnd)
    vPortEnterCritical                       0x0800648d   Thumb Code    20  port.o(i.vPortEnterCritical)
    vPortExitCritical                        0x080064a5   Thumb Code    24  port.o(i.vPortExitCritical)
    vPortFree                                0x080064c1   Thumb Code    10  heap_1.o(i.vPortFree)
    vPortYield                               0x080064cd   Thumb Code    18  port.o(i.vPortYield)
    vTaskDelay                               0x080064e5   Thumb Code    48  tasks.o(i.vTaskDelay)
    vTaskStartScheduler                      0x08006519   Thumb Code    90  tasks.o(i.vTaskStartScheduler)
    vTaskSuspendAll                          0x08006585   Thumb Code    10  tasks.o(i.vTaskSuspendAll)
    vTaskSwitchContext                       0x08006595   Thumb Code    94  tasks.o(i.vTaskSwitchContext)
    xPortStartScheduler                      0x080065fd   Thumb Code    40  port.o(i.xPortStartScheduler)
    xTaskCreate                              0x0800662d   Thumb Code    94  tasks.o(i.xTaskCreate)
    xTaskCreateStatic                        0x0800668b   Thumb Code    70  tasks.o(i.xTaskCreateStatic)
    xTaskIncrementTick                       0x080066d1   Thumb Code   184  tasks.o(i.xTaskIncrementTick)
    xTaskResumeAll                           0x08006791   Thumb Code   168  tasks.o(i.xTaskResumeAll)
    disable_gll                              0x08006850   Data          11  gps_config.o(.constdata)
    disable_gsa                              0x0800685b   Data          11  gps_config.o(.constdata)
    disable_gsv                              0x08006866   Data          11  gps_config.o(.constdata)
    disable_vtg                              0x08006871   Data          11  gps_config.o(.constdata)
    disable_gga                              0x0800687c   Data          11  gps_config.o(.constdata)
    disable_sbas                             0x08006887   Data          16  gps_config.o(.constdata)
    pos_mode_stationary                      0x08006897   Data          44  gps_config.o(.constdata)
    pwr_full_power                           0x080068c3   Data          16  gps_config.o(.constdata)
    tp_1hz                                   0x080068d3   Data          40  gps_config.o(.constdata)
    AHBPrescTable                            0x0800699c   Data          16  system_stm32f0xx.o(.constdata)
    APBPrescTable                            0x080069ac   Data           8  system_stm32f0xx.o(.constdata)
    __ctype_table                            0x080069d4   Data         129  ctype_o.o(.constdata)
    Region$$Table$$Base                      0x08006bd0   Number         0  anon$$obj.o(Region$$Table)
    Region$$Table$$Limit                     0x08006bf0   Number         0  anon$$obj.o(Region$$Table)
    date_to_update                           0x20000004   Data           4  helpers.o(.data)
    rtc_current_date                         0x20000008   Data           4  helpers.o(.data)
    gps_byte_buf                             0x2000000c   Data           1  my_tasks.o(.data)
    year                                     0x2000000d   Data           1  my_tasks.o(.data)
    month                                    0x2000000e   Data           1  my_tasks.o(.data)
    day                                      0x2000000f   Data           1  my_tasks.o(.data)
    hour                                     0x20000010   Data           1  my_tasks.o(.data)
    minute                                   0x20000011   Data           1  my_tasks.o(.data)
    second                                   0x20000012   Data           1  my_tasks.o(.data)
    display_mode                             0x20000013   Data           1  my_tasks.o(.data)
    is_in_setup_mode                         0x20000014   Data           1  my_tasks.o(.data)
    use_24hour                               0x20000015   Data           1  my_tasks.o(.data)
    utc_offset                               0x20000016   Data           1  my_tasks.o(.data)
    raw_temp                                 0x20000018   Data           2  my_tasks.o(.data)
    rgb_orange                               0x2000001a   Data           3  my_tasks.o(.data)
    rgb_purple                               0x2000001d   Data           3  my_tasks.o(.data)
    frame_counter                            0x20000020   Data           4  my_tasks.o(.data)
    current_time                             0x20000024   Data           4  my_tasks.o(.data)
    up_button                                0x20000028   Data           8  my_tasks.o(.data)
    down_button                              0x20000030   Data           8  my_tasks.o(.data)
    us_timer                                 0x20000038   Data           4  delay_us.o(.data)
    defaultTaskHandle                        0x2000003c   Data           4  main.o(.data)
    USER_Driver                              0x20000044   Data          20  user_diskio.o(.data)
    retUSER                                  0x20000058   Data           1  fatfs.o(.data)
    USERPath                                 0x20000059   Data           4  fatfs.o(.data)
    SystemCoreClock                          0x20000060   Data           4  system_stm32f0xx.o(.data)
    uwTickFreq                               0x20000064   Data           1  stm32f0xx_hal.o(.data)
    uwTickPrio                               0x20000068   Data           4  stm32f0xx_hal.o(.data)
    uwTick                                   0x2000006c   Data           4  stm32f0xx_hal.o(.data)
    pxCurrentTCB                             0x20000070   Data           4  tasks.o(.data)
    __stdout                                 0x200000b4   Data           4  stdout.o(.data)
    __microlib_freelist                      0x200000b8   Data           4  mvars.o(.data)
    __microlib_freelist_initialised          0x200000bc   Data           4  mvars.o(.data)
    time_to_update                           0x200000c4   Data          20  helpers.o(.bss)
    rtc_current_time                         0x200000d8   Data          20  helpers.o(.bss)
    spi_buf                                  0x200000f0   Data          16  my_tasks.o(.bss)
    tube_animation                           0x20000100   Data         168  my_tasks.o(.bss)
    rgb_animation                            0x200001a8   Data         336  my_tasks.o(.bss)
    gps_lb                                   0x200002f8   Data          16  my_tasks.o(.bss)
    gps_rmc                                  0x20000308   Data          72  my_tasks.o(.bss)
    gps_gga                                  0x20000350   Data          76  my_tasks.o(.bss)
    gps_gsa                                  0x2000039c   Data          80  my_tasks.o(.bss)
    gps_gll                                  0x200003ec   Data          36  my_tasks.o(.bss)
    gps_gst                                  0x20000410   Data          72  my_tasks.o(.bss)
    gps_gsv                                  0x20000458   Data          76  my_tasks.o(.bss)
    ds18b20_buf                              0x200004a4   Data           9  ds18b20.o(.bss)
    hi2c1                                    0x200004b0   Data          84  main.o(.bss)
    hiwdg                                    0x20000504   Data          16  main.o(.bss)
    hrtc                                     0x20000514   Data          32  main.o(.bss)
    hspi1                                    0x20000534   Data         100  main.o(.bss)
    htim2                                    0x20000598   Data          72  main.o(.bss)
    huart1                                   0x200005e0   Data         136  main.o(.bss)
    huart3                                   0x20000668   Data         136  main.o(.bss)
    htim7                                    0x2000083c   Data          72  stm32f0xx_hal_timebase_tim.o(.bss)
    disk                                     0x2000194c   Data          12  ff_gen_drv.o(.bss)
    __heap_base                              0x20001958   Data           0  startup_stm32f072xb.o(HEAP)
    __heap_limit                             0x20001b58   Data           0  startup_stm32f072xb.o(HEAP)
    __initial_sp                             0x20001f58   Data           0  startup_stm32f072xb.o(STACK)



==============================================================================

Memory Map of the image

  Image Entry point : 0x080000c1

  Load Region LR_IROM1 (Base: 0x08000000, Size: 0x00006cb4, Max: 0x00010000, ABSOLUTE)

    Execution Region ER_IROM1 (Exec base: 0x08000000, Load base: 0x08000000, Size: 0x00006bf0, Max: 0x00010000, ABSOLUTE)

    Exec Addr    Load Addr    Size         Type   Attr      Idx    E Section Name        Object

    0x08000000   0x08000000   0x000000c0   Data   RO         1270    RESET               startup_stm32f072xb.o
    0x080000c0   0x080000c0   0x00000000   Code   RO         6629  * .ARM.Collect$$$$00000000  mc_p.l(entry.o)
    0x080000c0   0x080000c0   0x00000004   Code   RO         7016    .ARM.Collect$$$$00000001  mc_p.l(entry2.o)
    0x080000c4   0x080000c4   0x00000004   Code   RO         7019    .ARM.Collect$$$$00000004  mc_p.l(entry5.o)
    0x080000c8   0x080000c8   0x00000000   Code   RO         7021    .ARM.Collect$$$$00000008  mc_p.l(entry7b.o)
    0x080000c8   0x080000c8   0x00000000   Code   RO         7023    .ARM.Collect$$$$0000000A  mc_p.l(entry8b.o)
    0x080000c8   0x080000c8   0x00000008   Code   RO         7024    .ARM.Collect$$$$0000000B  mc_p.l(entry9a.o)
    0x080000d0   0x080000d0   0x00000000   Code   RO         7026    .ARM.Collect$$$$0000000D  mc_p.l(entry10a.o)
    0x080000d0   0x080000d0   0x00000000   Code   RO         7028    .ARM.Collect$$$$0000000F  mc_p.l(entry11a.o)
    0x080000d0   0x080000d0   0x00000004   Code   RO         7017    .ARM.Collect$$$$00002712  mc_p.l(entry2.o)
    0x080000d4   0x080000d4   0x00000078   Code   RO         6061    .emb_text           port.o
    0x0800014c   0x0800014c   0x0000001c   Code   RO         1271    .text               startup_stm32f072xb.o
    0x08000168   0x08000168   0x0000002c   Code   RO         6632    .text               mc_p.l(uidiv.o)
    0x08000194   0x08000194   0x00000028   Code   RO         6634    .text               mc_p.l(idiv.o)
    0x080001bc   0x080001bc   0x00000060   Code   RO         6636    .text               mc_p.l(uldiv.o)
    0x0800021c   0x0800021c   0x00000022   Code   RO         6638    .text               mc_p.l(llushr.o)
    0x0800023e   0x0800023e   0x00000002   PAD
    0x08000240   0x08000240   0x00000008   Code   RO         6640    .text               mc_p.l(ctype_o.o)
    0x08000248   0x08000248   0x0000008c   Code   RO         6668    .text               mc_p.l(mktime.o)
    0x080002d4   0x080002d4   0x00000024   Code   RO         6671    .text               mc_p.l(memcpya.o)
    0x080002f8   0x080002f8   0x00000024   Code   RO         6675    .text               mc_p.l(memseta.o)
    0x0800031c   0x0800031c   0x0000000e   Code   RO         6677    .text               mc_p.l(strlen.o)
    0x0800032a   0x0800032a   0x0000001c   Code   RO         6679    .text               mc_p.l(strcmp.o)
    0x08000346   0x08000346   0x00000002   PAD
    0x08000348   0x08000348   0x00000070   Code   RO         6972    .text               mc_p.l(strtol.o)
    0x080003b8   0x080003b8   0x00000164   Code   RO         6974    .text               mf_p.l(dadd.o)
    0x0800051c   0x0800051c   0x000000d0   Code   RO         6976    .text               mf_p.l(dmul.o)
    0x080005ec   0x080005ec   0x000000f0   Code   RO         6978    .text               mf_p.l(ddiv.o)
    0x080006dc   0x080006dc   0x0000001c   Code   RO         6980    .text               mf_p.l(dfltui.o)
    0x080006f8   0x080006f8   0x0000003c   Code   RO         6982    .text               mf_p.l(dfixui.o)
    0x08000734   0x08000734   0x00000028   Code   RO         6984    .text               mf_p.l(cdcmple.o)
    0x0800075c   0x0800075c   0x00000028   Code   RO         6986    .text               mf_p.l(cdrcmple.o)
    0x08000784   0x08000784   0x00000020   Code   RO         7031    .text               mc_p.l(llshl.o)
    0x080007a4   0x080007a4   0x00000026   Code   RO         7033    .text               mc_p.l(llsshr.o)
    0x080007ca   0x080007ca   0x00000002   PAD
    0x080007cc   0x080007cc   0x00000074   Code   RO         7038    .text               mc_p.l(localtime_i.o)
    0x08000840   0x08000840   0x000000a6   Code   RO         7050    .text               mc_p.l(_strtoul.o)
    0x080008e6   0x080008e6   0x00000000   Code   RO         7052    .text               mc_p.l(iusefp.o)
    0x080008e6   0x080008e6   0x000000be   Code   RO         7053    .text               mf_p.l(depilogue.o)
    0x080009a4   0x080009a4   0x00000024   Code   RO         7063    .text               mc_p.l(init.o)
    0x080009c8   0x080009c8   0x0000001e   Code   RO         7065    .text               mc_p.l(_chval.o)
    0x080009e6   0x080009e6   0x0000002c   Code   RO         7067    .text               mf_p.l(dscalb.o)
    0x08000a12   0x08000a12   0x00000002   PAD
    0x08000a14   0x08000a14   0x00000028   Code   RO         7069    .text               mf_p.l(dflti.o)
    0x08000a3c   0x08000a3c   0x00000048   Code   RO         7071    .text               mf_p.l(dfixi.o)
    0x08000a84   0x08000a84   0x0000000c   Code   RO         1073    i.EXTI4_15_IRQHandler  stm32f0xx_it.o
    0x08000a90   0x08000a90   0x0000000a   Code   RO         6522    i.FATFS_LinkDriver  ff_gen_drv.o
    0x08000a9a   0x08000a9a   0x00000002   PAD
    0x08000a9c   0x08000a9c   0x00000044   Code   RO         6523    i.FATFS_LinkDriverEx  ff_gen_drv.o
    0x08000ae0   0x08000ae0   0x00000044   Code   RO         2198    i.HAL_DMA_Abort     stm32f0xx_hal_dma.o
    0x08000b24   0x08000b24   0x00000048   Code   RO         2199    i.HAL_DMA_Abort_IT  stm32f0xx_hal_dma.o
    0x08000b6c   0x08000b6c   0x00000024   Code   RO         1463    i.HAL_Delay         stm32f0xx_hal.o
    0x08000b90   0x08000b90   0x00000120   Code   RO          237    i.HAL_GPIO_EXTI_Callback  my_tasks.o
    0x08000cb0   0x08000cb0   0x00000018   Code   RO         2136    i.HAL_GPIO_EXTI_IRQHandler  stm32f0xx_hal_gpio.o
    0x08000cc8   0x08000cc8   0x0000016c   Code   RO         2137    i.HAL_GPIO_Init     stm32f0xx_hal_gpio.o
    0x08000e34   0x08000e34   0x0000000e   Code   RO         2139    i.HAL_GPIO_ReadPin  stm32f0xx_hal_gpio.o
    0x08000e42   0x08000e42   0x00000010   Code   RO         2140    i.HAL_GPIO_TogglePin  stm32f0xx_hal_gpio.o
    0x08000e52   0x08000e52   0x0000000c   Code   RO         2141    i.HAL_GPIO_WritePin  stm32f0xx_hal_gpio.o
    0x08000e5e   0x08000e5e   0x00000002   PAD
    0x08000e60   0x08000e60   0x0000000c   Code   RO         1467    i.HAL_GetTick       stm32f0xx_hal.o
    0x08000e6c   0x08000e6c   0x00000054   Code   RO         2084    i.HAL_I2CEx_ConfigAnalogFilter  stm32f0xx_hal_i2c_ex.o
    0x08000ec0   0x08000ec0   0x00000052   Code   RO         2085    i.HAL_I2CEx_ConfigDigitalFilter  stm32f0xx_hal_i2c_ex.o
    0x08000f12   0x08000f12   0x00000002   PAD
    0x08000f14   0x08000f14   0x000000c8   Code   RO         1627    i.HAL_I2C_Init      stm32f0xx_hal_i2c.o
    0x08000fdc   0x08000fdc   0x0000013c   Code   RO         1628    i.HAL_I2C_IsDeviceReady  stm32f0xx_hal_i2c.o
    0x08001118   0x08001118   0x00000150   Code   RO         1633    i.HAL_I2C_Master_Receive  stm32f0xx_hal_i2c.o
    0x08001268   0x08001268   0x00000174   Code   RO         1640    i.HAL_I2C_Master_Transmit  stm32f0xx_hal_i2c.o
    0x080013dc   0x080013dc   0x00000064   Code   RO         1122    i.HAL_I2C_MspInit   stm32f0xx_hal_msp.o
    0x08001440   0x08001440   0x00000074   Code   RO         2804    i.HAL_IWDG_Init     stm32f0xx_hal_iwdg.o
    0x080014b4   0x080014b4   0x00000010   Code   RO         2805    i.HAL_IWDG_Refresh  stm32f0xx_hal_iwdg.o
    0x080014c4   0x080014c4   0x00000010   Code   RO         1473    i.HAL_IncTick       stm32f0xx_hal.o
    0x080014d4   0x080014d4   0x00000020   Code   RO         1474    i.HAL_Init          stm32f0xx_hal.o
    0x080014f4   0x080014f4   0x0000009c   Code   RO         1201    i.HAL_InitTick      stm32f0xx_hal_timebase_tim.o
    0x08001590   0x08001590   0x00000030   Code   RO         1123    i.HAL_MspInit       stm32f0xx_hal_msp.o
    0x080015c0   0x080015c0   0x00000018   Code   RO         2294    i.HAL_NVIC_EnableIRQ  stm32f0xx_hal_cortex.o
    0x080015d8   0x080015d8   0x00000044   Code   RO         2298    i.HAL_NVIC_SetPriority  stm32f0xx_hal_cortex.o
    0x0800161c   0x0800161c   0x0000001c   Code   RO         2299    i.HAL_NVIC_SystemReset  stm32f0xx_hal_cortex.o
    0x08001638   0x08001638   0x00000134   Code   RO         1383    i.HAL_RCCEx_PeriphCLKConfig  stm32f0xx_hal_rcc_ex.o
    0x0800176c   0x0800176c   0x00000138   Code   RO         1278    i.HAL_RCC_ClockConfig  stm32f0xx_hal_rcc.o
    0x080018a4   0x080018a4   0x00000038   Code   RO         1282    i.HAL_RCC_GetClockConfig  stm32f0xx_hal_rcc.o
    0x080018dc   0x080018dc   0x0000000c   Code   RO         1283    i.HAL_RCC_GetHCLKFreq  stm32f0xx_hal_rcc.o
    0x080018e8   0x080018e8   0x00000020   Code   RO         1285    i.HAL_RCC_GetPCLK1Freq  stm32f0xx_hal_rcc.o
    0x08001908   0x08001908   0x00000084   Code   RO         1286    i.HAL_RCC_GetSysClockFreq  stm32f0xx_hal_rcc.o
    0x0800198c   0x0800198c   0x00000514   Code   RO         1289    i.HAL_RCC_OscConfig  stm32f0xx_hal_rcc.o
    0x08001ea0   0x08001ea0   0x00000044   Code   RO         2840    i.HAL_RTC_GetDate   stm32f0xx_hal_rtc.o
    0x08001ee4   0x08001ee4   0x00000054   Code   RO         2842    i.HAL_RTC_GetTime   stm32f0xx_hal_rtc.o
    0x08001f38   0x08001f38   0x000000a8   Code   RO         2843    i.HAL_RTC_Init      stm32f0xx_hal_rtc.o
    0x08001fe0   0x08001fe0   0x00000020   Code   RO         1125    i.HAL_RTC_MspInit   stm32f0xx_hal_msp.o
    0x08002000   0x08002000   0x000000a4   Code   RO         2849    i.HAL_RTC_SetDate   stm32f0xx_hal_rtc.o
    0x080020a4   0x080020a4   0x000000c0   Code   RO         2850    i.HAL_RTC_SetTime   stm32f0xx_hal_rtc.o
    0x08002164   0x08002164   0x0000003c   Code   RO         2851    i.HAL_RTC_WaitForSynchro  stm32f0xx_hal_rtc.o
    0x080021a0   0x080021a0   0x000000f0   Code   RO         3223    i.HAL_SPI_Init      stm32f0xx_hal_spi.o
    0x08002290   0x08002290   0x00000060   Code   RO         1127    i.HAL_SPI_MspInit   stm32f0xx_hal_msp.o
    0x080022f0   0x080022f0   0x00000198   Code   RO         3231    i.HAL_SPI_Transmit  stm32f0xx_hal_spi.o
    0x08002488   0x08002488   0x00000002   Code   RO         4268    i.HAL_TIMEx_BreakCallback  stm32f0xx_hal_tim_ex.o
    0x0800248a   0x0800248a   0x00000002   Code   RO         4269    i.HAL_TIMEx_CommutCallback  stm32f0xx_hal_tim_ex.o
    0x0800248c   0x0800248c   0x00000064   Code   RO         4287    i.HAL_TIMEx_MasterConfigSynchronization  stm32f0xx_hal_tim_ex.o
    0x080024f0   0x080024f0   0x0000004a   Code   RO         3557    i.HAL_TIM_Base_Init  stm32f0xx_hal_tim.o
    0x0800253a   0x0800253a   0x00000002   PAD
    0x0800253c   0x0800253c   0x00000024   Code   RO         1129    i.HAL_TIM_Base_MspInit  stm32f0xx_hal_msp.o
    0x08002560   0x08002560   0x00000058   Code   RO         3560    i.HAL_TIM_Base_Start  stm32f0xx_hal_tim.o
    0x080025b8   0x080025b8   0x00000060   Code   RO         3562    i.HAL_TIM_Base_Start_IT  stm32f0xx_hal_tim.o
    0x08002618   0x08002618   0x000000e8   Code   RO         3566    i.HAL_TIM_ConfigClockSource  stm32f0xx_hal_tim.o
    0x08002700   0x08002700   0x00000002   Code   RO         3591    i.HAL_TIM_IC_CaptureCallback  stm32f0xx_hal_tim.o
    0x08002702   0x08002702   0x00000130   Code   RO         3605    i.HAL_TIM_IRQHandler  stm32f0xx_hal_tim.o
    0x08002832   0x08002832   0x00000002   Code   RO         3608    i.HAL_TIM_OC_DelayElapsedCallback  stm32f0xx_hal_tim.o
    0x08002834   0x08002834   0x00000002   Code   RO         3635    i.HAL_TIM_PWM_PulseFinishedCallback  stm32f0xx_hal_tim.o
    0x08002836   0x08002836   0x00000002   PAD
    0x08002838   0x08002838   0x00000014   Code   RO          812    i.HAL_TIM_PeriodElapsedCallback  main.o
    0x0800284c   0x0800284c   0x00000002   Code   RO         3648    i.HAL_TIM_TriggerCallback  stm32f0xx_hal_tim.o
    0x0800284e   0x0800284e   0x00000002   Code   RO         4540    i.HAL_UARTEx_RxEventCallback  stm32f0xx_hal_uart.o
    0x08002850   0x08002850   0x00000002   Code   RO         4936    i.HAL_UARTEx_WakeupCallback  stm32f0xx_hal_uart_ex.o
    0x08002852   0x08002852   0x00000002   PAD
    0x08002854   0x08002854   0x00000024   Code   RO          813    i.HAL_UART_ErrorCallback  main.o
    0x08002878   0x08002878   0x000002a4   Code   RO         4559    i.HAL_UART_IRQHandler  stm32f0xx_hal_uart.o
    0x08002b1c   0x08002b1c   0x00000070   Code   RO         4560    i.HAL_UART_Init     stm32f0xx_hal_uart.o
    0x08002b8c   0x08002b8c   0x000000ac   Code   RO         1131    i.HAL_UART_MspInit  stm32f0xx_hal_msp.o
    0x08002c38   0x08002c38   0x0000005e   Code   RO         4565    i.HAL_UART_Receive_IT  stm32f0xx_hal_uart.o
    0x08002c96   0x08002c96   0x00000002   PAD
    0x08002c98   0x08002c98   0x00000030   Code   RO          814    i.HAL_UART_RxCpltCallback  main.o
    0x08002cc8   0x08002cc8   0x000000e2   Code   RO         4569    i.HAL_UART_Transmit  stm32f0xx_hal_uart.o
    0x08002daa   0x08002daa   0x00000002   Code   RO         4572    i.HAL_UART_TxCpltCallback  stm32f0xx_hal_uart.o
    0x08002dac   0x08002dac   0x00000002   Code   RO         1074    i.HardFault_Handler  stm32f0xx_it.o
    0x08002dae   0x08002dae   0x00000022   Code   RO         1674    i.I2C_Flush_TXDR    stm32f0xx_hal_i2c.o
    0x08002dd0   0x08002dd0   0x00000114   Code   RO         1682    i.I2C_IsErrorOccurred  stm32f0xx_hal_i2c.o
    0x08002ee4   0x08002ee4   0x0000002c   Code   RO         1691    i.I2C_TransferConfig  stm32f0xx_hal_i2c.o
    0x08002f10   0x08002f10   0x00000086   Code   RO         1693    i.I2C_WaitOnFlagUntilTimeout  stm32f0xx_hal_i2c.o
    0x08002f96   0x08002f96   0x00000002   PAD
    0x08002f98   0x08002f98   0x000000a8   Code   RO         1694    i.I2C_WaitOnRXNEFlagUntilTimeout  stm32f0xx_hal_i2c.o
    0x08003040   0x08003040   0x00000060   Code   RO         1695    i.I2C_WaitOnSTOPFlagUntilTimeout  stm32f0xx_hal_i2c.o
    0x080030a0   0x080030a0   0x00000064   Code   RO         1696    i.I2C_WaitOnTXISFlagUntilTimeout  stm32f0xx_hal_i2c.o
    0x08003104   0x08003104   0x0000001c   Code   RO         1042    i.MX_FATFS_Init     fatfs.o
    0x08003120   0x08003120   0x00000120   Code   RO          815    i.MX_GPIO_Init      main.o
    0x08003240   0x08003240   0x00000054   Code   RO          816    i.MX_I2C1_Init      main.o
    0x08003294   0x08003294   0x00000074   Code   RO          817    i.MX_RTC_Init       main.o
    0x08003308   0x08003308   0x0000004c   Code   RO          818    i.MX_SPI1_Init      main.o
    0x08003354   0x08003354   0x00000060   Code   RO          819    i.MX_TIM2_Init      main.o
    0x080033b4   0x080033b4   0x0000003c   Code   RO          820    i.MX_USART1_UART_Init  main.o
    0x080033f0   0x080033f0   0x00000038   Code   RO          821    i.MX_USART3_UART_Init  main.o
    0x08003428   0x08003428   0x00000002   Code   RO         1075    i.NMI_Handler       stm32f0xx_it.o
    0x0800342a   0x0800342a   0x00000010   Code   RO         2852    i.RTC_Bcd2ToByte    stm32f0xx_hal_rtc.o
    0x0800343a   0x0800343a   0x00000018   Code   RO         2853    i.RTC_ByteToBcd2    stm32f0xx_hal_rtc.o
    0x08003452   0x08003452   0x00000042   Code   RO         2854    i.RTC_EnterInitMode  stm32f0xx_hal_rtc.o
    0x08003494   0x08003494   0x0000002c   Code   RO         2855    i.RTC_ExitInitMode  stm32f0xx_hal_rtc.o
    0x080034c0   0x080034c0   0x00000066   Code   RO         3261    i.SPI_EndRxTxTransaction  stm32f0xx_hal_spi.o
    0x08003526   0x08003526   0x00000002   PAD
    0x08003528   0x08003528   0x000000e4   Code   RO         3266    i.SPI_WaitFifoStateUntilTimeout  stm32f0xx_hal_spi.o
    0x0800360c   0x0800360c   0x000000d8   Code   RO         3267    i.SPI_WaitFlagStateUntilTimeout  stm32f0xx_hal_spi.o
    0x080036e4   0x080036e4   0x00000002   Code   RO         6062    i.SVC_Handler       port.o
    0x080036e6   0x080036e6   0x0000000c   Code   RO          822    i.StartDefaultTask  main.o
    0x080036f2   0x080036f2   0x00000002   PAD
    0x080036f4   0x080036f4   0x00000024   Code   RO         6063    i.SysTick_Handler   port.o
    0x08003718   0x08003718   0x00000074   Code   RO          823    i.SystemClock_Config  main.o
    0x0800378c   0x0800378c   0x0000005c   Code   RO         1237    i.SystemInit        system_stm32f0xx.o
    0x080037e8   0x080037e8   0x00000010   Code   RO         1076    i.TIM7_IRQHandler   stm32f0xx_it.o
    0x080037f8   0x080037f8   0x000000a4   Code   RO         3650    i.TIM_Base_SetConfig  stm32f0xx_hal_tim.o
    0x0800389c   0x0800389c   0x00000018   Code   RO         3661    i.TIM_ETR_SetConfig  stm32f0xx_hal_tim.o
    0x080038b4   0x080038b4   0x00000010   Code   RO         3662    i.TIM_ITRx_SetConfig  stm32f0xx_hal_tim.o
    0x080038c4   0x080038c4   0x00000024   Code   RO         3668    i.TIM_TI1_ConfigInputStage  stm32f0xx_hal_tim.o
    0x080038e8   0x080038e8   0x00000028   Code   RO         3670    i.TIM_TI2_ConfigInputStage  stm32f0xx_hal_tim.o
    0x08003910   0x08003910   0x000000cc   Code   RO         4574    i.UART_AdvFeatureConfig  stm32f0xx_hal_uart.o
    0x080039dc   0x080039dc   0x000000d0   Code   RO         4575    i.UART_CheckIdleState  stm32f0xx_hal_uart.o
    0x08003aac   0x08003aac   0x00000014   Code   RO         4576    i.UART_DMAAbortOnError  stm32f0xx_hal_uart.o
    0x08003ac0   0x08003ac0   0x00000060   Code   RO         4586    i.UART_EndRxTransfer  stm32f0xx_hal_uart.o
    0x08003b20   0x08003b20   0x00000028   Code   RO         4587    i.UART_EndTransmit_IT  stm32f0xx_hal_uart.o
    0x08003b48   0x08003b48   0x000000d0   Code   RO         4589    i.UART_RxISR_16BIT  stm32f0xx_hal_uart.o
    0x08003c18   0x08003c18   0x000000d0   Code   RO         4590    i.UART_RxISR_8BIT   stm32f0xx_hal_uart.o
    0x08003ce8   0x08003ce8   0x00000198   Code   RO         4591    i.UART_SetConfig    stm32f0xx_hal_uart.o
    0x08003e80   0x08003e80   0x000000e0   Code   RO         4593    i.UART_Start_Receive_IT  stm32f0xx_hal_uart.o
    0x08003f60   0x08003f60   0x000000ba   Code   RO         4596    i.UART_WaitOnFlagUntilTimeout  stm32f0xx_hal_uart.o
    0x0800401a   0x0800401a   0x00000002   PAD
    0x0800401c   0x0800401c   0x00000010   Code   RO         1077    i.USART1_IRQHandler  stm32f0xx_it.o
    0x0800402c   0x0800402c   0x00000010   Code   RO          976    i.USER_initialize   user_diskio.o
    0x0800403c   0x0800403c   0x00000004   Code   RO          977    i.USER_ioctl        user_diskio.o
    0x08004040   0x08004040   0x00000004   Code   RO          978    i.USER_read         user_diskio.o
    0x08004044   0x08004044   0x00000010   Code   RO          979    i.USER_status       user_diskio.o
    0x08004054   0x08004054   0x00000004   Code   RO          980    i.USER_write        user_diskio.o
    0x08004058   0x08004058   0x00000020   Code   RO         6728    i.__0printf$1       mc_p.l(printf1.o)
    0x08004078   0x08004078   0x0000002e   Code   RO         7055    i.__ARM_clz         mf_p.l(depilogue.o)
    0x080040a6   0x080040a6   0x00000032   Code   RO         1365    i.__ARM_common_ll_muluu  stm32f0xx_hal_rcc.o
    0x080040d8   0x080040d8   0x0000001a   Code   RO          286    i.__ARM_common_switch8  my_tasks.o
    0x080040f2   0x080040f2   0x00000002   PAD
    0x080040f4   0x080040f4   0x0000002c   Code   RO         7059    i.__ARM_fpclassify  m_ps.l(fpclassify.o)
    0x08004120   0x08004120   0x00000008   Code   RO         7043    i.__aeabi_errno_addr  mc_p.l(errno.o)
    0x08004128   0x08004128   0x0000039c   Code   RO         7005    i.__ieee754_rem_pio2  m_ps.l(rred.o)
    0x080044c4   0x080044c4   0x000000f4   Code   RO         6988    i.__kernel_cos      m_ps.l(cos_i.o)
    0x080045b8   0x080045b8   0x000000ac   Code   RO         7061    i.__kernel_poly     m_ps.l(poly.o)
    0x08004664   0x08004664   0x000000ec   Code   RO         7010    i.__kernel_sin      m_ps.l(sin_i.o)
    0x08004750   0x08004750   0x0000000a   Code   RO         6992    i.__mathlib_dbl_infnan  m_ps.l(dunder.o)
    0x0800475a   0x0800475a   0x00000010   Code   RO         6994    i.__mathlib_dbl_invalid  m_ps.l(dunder.o)
    0x0800476a   0x0800476a   0x00000002   PAD
    0x0800476c   0x0800476c   0x00000014   Code   RO         6997    i.__mathlib_dbl_underflow  m_ps.l(dunder.o)
    0x08004780   0x08004780   0x0000000e   Code   RO         7075    i.__scatterload_copy  mc_p.l(handlers.o)
    0x0800478e   0x0800478e   0x00000002   Code   RO         7076    i.__scatterload_null  mc_p.l(handlers.o)
    0x08004790   0x08004790   0x0000000e   Code   RO         7077    i.__scatterload_zeroinit  mc_p.l(handlers.o)
    0x0800479e   0x0800479e   0x00000002   PAD
    0x080047a0   0x080047a0   0x00000134   Code   RO            3    i.__secs_to_tm      helpers.o
    0x080048d4   0x080048d4   0x0000000c   Code   RO         7045    i.__set_errno       mc_p.l(errno.o)
    0x080048e0   0x080048e0   0x00000150   Code   RO         6735    i._printf_core      mc_p.l(printf1.o)
    0x08004a30   0x08004a30   0x000000c8   Code   RO          362    i.animation_handler  animations.o
    0x08004af8   0x08004af8   0x0000001c   Code   RO          363    i.animation_init    animations.o
    0x08004b14   0x08004b14   0x000000c0   Code   RO          238    i.animation_task_start  my_tasks.o
    0x08004bd4   0x08004bd4   0x00000010   Code   RO          785    i.button_init       buttons.o
    0x08004be4   0x08004be4   0x0000003c   Code   RO          786    i.button_update     buttons.o
    0x08004c20   0x08004c20   0x00000098   Code   RO         6614    i.cos               m_ps.l(cos.o)
    0x08004cb8   0x08004cb8   0x00000018   Code   RO          422    i.delay_us          delay_us.o
    0x08004cd0   0x08004cd0   0x00000010   Code   RO          423    i.delay_us_init     delay_us.o
    0x08004ce0   0x08004ce0   0x00000034   Code   RO          510    i.ds18b20_get_temp  ds18b20.o
    0x08004d14   0x08004d14   0x0000001c   Code   RO          511    i.ds18b20_start_conversion  ds18b20.o
    0x08004d30   0x08004d30   0x00000048   Code   RO          559    i.eeprom_read       eeprom.o
    0x08004d78   0x08004d78   0x00000044   Code   RO          560    i.eeprom_write      eeprom.o
    0x08004dbc   0x08004dbc   0x00000018   Code   RO          824    i.fputc             main.o
    0x08004dd4   0x08004dd4   0x0000000e   Code   RO          747    i.get_display_mode  config.o
    0x08004de2   0x08004de2   0x0000001c   Code   RO            4    i.get_time_rmc      helpers.o
    0x08004dfe   0x08004dfe   0x00000002   PAD
    0x08004e00   0x08004e00   0x00000054   Code   RO            5    i.get_time_rtc      helpers.o
    0x08004e54   0x08004e54   0x0000000e   Code   RO          748    i.get_use_24hour    config.o
    0x08004e62   0x08004e62   0x00000010   Code   RO          749    i.get_utc_offset    config.o
    0x08004e72   0x08004e72   0x00000002   PAD
    0x08004e74   0x08004e74   0x00000068   Code   RO          590    i.gps_init          gps_config.o
    0x08004edc   0x08004edc   0x0000001c   Code   RO          592    i.gps_say           gps_config.o
    0x08004ef8   0x08004ef8   0x0000007c   Code   RO          239    i.gps_temp_parse_task_start  my_tasks.o
    0x08004f74   0x08004f74   0x0000002a   Code   RO          624    i.hex2int           minmea.o
    0x08004f9e   0x08004f9e   0x00000002   PAD
    0x08004fa0   0x08004fa0   0x00000120   Code   RO          364    i.led_animation_handler  animations.o
    0x080050c0   0x080050c0   0x00000024   Code   RO          365    i.led_animation_init  animations.o
    0x080050e4   0x080050e4   0x0000004c   Code   RO          366    i.led_start_animation  animations.o
    0x08005130   0x08005130   0x0000002a   Code   RO            6    i.linear_buf_add    helpers.o
    0x0800515a   0x0800515a   0x00000002   PAD
    0x0800515c   0x0800515c   0x0000004c   Code   RO            9    i.linear_buf_init   helpers.o
    0x080051a8   0x080051a8   0x00000024   Code   RO           10    i.linear_buf_line_available  helpers.o
    0x080051cc   0x080051cc   0x00000010   Code   RO           11    i.linear_buf_reset  helpers.o
    0x080051dc   0x080051dc   0x000000d8   Code   RO          825    i.main              main.o
    0x080052b4   0x080052b4   0x0000000c   Code   RO         5679    i.makeFreeRtosPriority  cmsis_os.o
    0x080052c0   0x080052c0   0x0000006c   Code   RO         6945    i.malloc            mc_p.l(malloc.o)
    0x0800532c   0x0800532c   0x0000008c   Code   RO          625    i.minmea_check      minmea.o
    0x080053b8   0x080053b8   0x00000060   Code   RO          627    i.minmea_gettime    minmea.o
    0x08005418   0x08005418   0x00000022   Code   RO          628    i.minmea_isfield    minmea.o
    0x0800543a   0x0800543a   0x00000002   PAD
    0x0800543c   0x0800543c   0x00000088   Code   RO          629    i.minmea_parse_gga  minmea.o
    0x080054c4   0x080054c4   0x00000060   Code   RO          632    i.minmea_parse_gst  minmea.o
    0x08005524   0x08005524   0x0000008c   Code   RO          633    i.minmea_parse_gsv  minmea.o
    0x080055b0   0x080055b0   0x00000098   Code   RO          634    i.minmea_parse_rmc  minmea.o
    0x08005648   0x08005648   0x0000037c   Code   RO          635    i.minmea_scan       minmea.o
    0x080059c4   0x080059c4   0x000000a4   Code   RO          636    i.minmea_sentence_id  minmea.o
    0x08005a68   0x08005a68   0x0000003a   Code   RO          460    i.my_1wire_read_bit  my_1wire.o
    0x08005aa2   0x08005aa2   0x0000001c   Code   RO          461    i.my_1wire_read_byte  my_1wire.o
    0x08005abe   0x08005abe   0x00000018   Code   RO          462    i.my_1wire_read_bytes  my_1wire.o
    0x08005ad6   0x08005ad6   0x00000046   Code   RO          463    i.my_1wire_reset    my_1wire.o
    0x08005b1c   0x08005b1c   0x0000004c   Code   RO          464    i.my_1wire_write_bit  my_1wire.o
    0x08005b68   0x08005b68   0x0000001c   Code   RO          465    i.my_1wire_write_byte  my_1wire.o
    0x08005b84   0x08005b84   0x00000010   Code   RO         5681    i.osDelay           cmsis_os.o
    0x08005b94   0x08005b94   0x0000000a   Code   RO         5684    i.osKernelStart     cmsis_os.o
    0x08005b9e   0x08005b9e   0x0000005e   Code   RO         5718    i.osThreadCreate    cmsis_os.o
    0x08005bfc   0x08005bfc   0x00000050   Code   RO          639    i.parse_gps         minmea.o
    0x08005c4c   0x08005c4c   0x00000040   Code   RO         5424    i.prvAddCurrentTaskToDelayedList  tasks.o
    0x08005c8c   0x08005c8c   0x00000078   Code   RO         5425    i.prvAddNewTaskToReadyList  tasks.o
    0x08005d04   0x08005d04   0x00000002   Code   RO         5426    i.prvCheckTasksWaitingTermination  tasks.o
    0x08005d06   0x08005d06   0x00000002   PAD
    0x08005d08   0x08005d08   0x00000018   Code   RO         5427    i.prvIdleTask       tasks.o
    0x08005d20   0x08005d20   0x0000007e   Code   RO         5428    i.prvInitialiseNewTask  tasks.o
    0x08005d9e   0x08005d9e   0x00000002   PAD
    0x08005da0   0x08005da0   0x00000048   Code   RO         5429    i.prvInitialiseTaskLists  tasks.o
    0x08005de8   0x08005de8   0x00000024   Code   RO         5430    i.prvResetNextTaskUnblockTime  tasks.o
    0x08005e0c   0x08005e0c   0x00000028   Code   RO         6064    i.prvSetupTimerInterrupt  port.o
    0x08005e34   0x08005e34   0x00000014   Code   RO         6065    i.prvTaskExitError  port.o
    0x08005e48   0x08005e48   0x00000050   Code   RO         6028    i.pvPortMalloc      heap_1.o
    0x08005e98   0x08005e98   0x00000020   Code   RO         6066    i.pxPortInitialiseStack  port.o
    0x08005eb8   0x08005eb8   0x00000074   Code   RO           12    i.rtc_gps_calib     helpers.o
    0x08005f2c   0x08005f2c   0x0000011c   Code   RO          240    i.setup_task        my_tasks.o
    0x08006048   0x08006048   0x0000009c   Code   RO         6622    i.sin               m_ps.l(sin.o)
    0x080060e4   0x080060e4   0x0000005c   Code   RO          241    i.spi_send          my_tasks.o
    0x08006140   0x08006140   0x0000002c   Code   RO          367    i.start_animation   animations.o
    0x0800616c   0x0800616c   0x00000140   Code   RO          242    i.test_task_start   my_tasks.o
    0x080062ac   0x080062ac   0x00000094   Code   RO          640    i.timegm            minmea.o
    0x08006340   0x08006340   0x0000003e   Code   RO          368    i.tube_print2       animations.o
    0x0800637e   0x0800637e   0x00000058   Code   RO           13    i.unix_ts_2_datetime  helpers.o
    0x080063d6   0x080063d6   0x00000014   Code   RO          750    i.utc_offset_trim   config.o
    0x080063ea   0x080063ea   0x00000026   Code   RO         5096    i.uxListRemove      list.o
    0x08006410   0x08006410   0x00000014   Code   RO          946    i.vApplicationGetIdleTaskMemory  freertos.o
    0x08006424   0x08006424   0x00000016   Code   RO         5097    i.vListInitialise   list.o
    0x0800643a   0x0800643a   0x00000006   Code   RO         5098    i.vListInitialiseItem  list.o
    0x08006440   0x08006440   0x00000032   Code   RO         5099    i.vListInsert       list.o
    0x08006472   0x08006472   0x00000018   Code   RO         5100    i.vListInsertEnd    list.o
    0x0800648a   0x0800648a   0x00000002   PAD
    0x0800648c   0x0800648c   0x00000018   Code   RO         6068    i.vPortEnterCritical  port.o
    0x080064a4   0x080064a4   0x0000001c   Code   RO         6069    i.vPortExitCritical  port.o
    0x080064c0   0x080064c0   0x0000000a   Code   RO         6029    i.vPortFree         heap_1.o
    0x080064ca   0x080064ca   0x00000002   PAD
    0x080064cc   0x080064cc   0x00000018   Code   RO         6070    i.vPortYield        port.o
    0x080064e4   0x080064e4   0x00000034   Code   RO         5436    i.vTaskDelay        tasks.o
    0x08006518   0x08006518   0x0000006c   Code   RO         5446    i.vTaskStartScheduler  tasks.o
    0x08006584   0x08006584   0x00000010   Code   RO         5447    i.vTaskSuspendAll   tasks.o
    0x08006594   0x08006594   0x00000068   Code   RO         5448    i.vTaskSwitchContext  tasks.o
    0x080065fc   0x080065fc   0x00000030   Code   RO         6071    i.xPortStartScheduler  port.o
    0x0800662c   0x0800662c   0x0000005e   Code   RO         5450    i.xTaskCreate       tasks.o
    0x0800668a   0x0800668a   0x00000046   Code   RO         5451    i.xTaskCreateStatic  tasks.o
    0x080066d0   0x080066d0   0x000000c0   Code   RO         5458    i.xTaskIncrementTick  tasks.o
    0x08006790   0x08006790   0x000000b4   Code   RO         5462    i.xTaskResumeAll    tasks.o
    0x08006844   0x08006844   0x0000000c   Data   RO           15    .constdata          helpers.o
    0x08006850   0x08006850   0x000000ab   Data   RO          593    .constdata          gps_config.o
    0x080068fb   0x080068fb   0x00000001   PAD
    0x080068fc   0x080068fc   0x00000030   Data   RO          641    .constdata          minmea.o
    0x0800692c   0x0800692c   0x00000070   Data   RO          827    .constdata          main.o
    0x0800699c   0x0800699c   0x00000010   Data   RO         1238    .constdata          system_stm32f0xx.o
    0x080069ac   0x080069ac   0x00000008   Data   RO         1239    .constdata          system_stm32f0xx.o
    0x080069b4   0x080069b4   0x00000020   Data   RO         1290    .constdata          stm32f0xx_hal_rcc.o
    0x080069d4   0x080069d4   0x00000081   Data   RO         6641    .constdata          mc_p.l(ctype_o.o)
    0x08006a55   0x08006a55   0x00000003   PAD
    0x08006a58   0x08006a58   0x00000004   Data   RO         6642    .constdata          mc_p.l(ctype_o.o)
    0x08006a5c   0x08006a5c   0x0000000c   Data   RO         6669    .constdata          mc_p.l(mktime.o)
    0x08006a68   0x08006a68   0x00000030   Data   RO         6989    .constdata          m_ps.l(cos_i.o)
    0x08006a98   0x08006a98   0x000000c8   Data   RO         7007    .constdata          m_ps.l(rred.o)
    0x08006b60   0x08006b60   0x00000028   Data   RO         7011    .constdata          m_ps.l(sin_i.o)
    0x08006b88   0x08006b88   0x0000000c   Data   RO         7039    .constdata          mc_p.l(localtime_i.o)
    0x08006b94   0x08006b94   0x0000003a   Data   RO          828    .conststring        main.o
    0x08006bce   0x08006bce   0x00000002   PAD
    0x08006bd0   0x08006bd0   0x00000020   Data   RO         7073    Region$$Table       anon$$obj.o


    Execution Region RW_IRAM1 (Exec base: 0x20000000, Load base: 0x08006bf0, Size: 0x00001f58, Max: 0x00004000, ABSOLUTE)

    Exec Addr    Load Addr    Size         Type   Attr      Idx    E Section Name        Object

    0x20000000   0x08006bf0   0x0000000c   Data   RW           16    .data               helpers.o
    0x2000000c   0x08006bfc   0x0000002c   Data   RW          244    .data               my_tasks.o
    0x20000038   0x08006c28   0x00000004   Data   RW          425    .data               delay_us.o
    0x2000003c   0x08006c2c   0x00000004   Data   RW          829    .data               main.o
    0x20000040   0x08006c30   0x00000001   Data   RW          981    .data               user_diskio.o
    0x20000041   0x08006c31   0x00000003   PAD
    0x20000044   0x08006c34   0x00000014   Data   RW          982    .data               user_diskio.o
    0x20000058   0x08006c48   0x00000005   Data   RW         1045    .data               fatfs.o
    0x2000005d   0x08006c4d   0x00000003   PAD
    0x20000060   0x08006c50   0x00000004   Data   RW         1240    .data               system_stm32f0xx.o
    0x20000064   0x08006c54   0x0000000c   Data   RW         1481    .data               stm32f0xx_hal.o
    0x20000070   0x08006c60   0x00000038   Data   RW         5464    .data               tasks.o
    0x200000a8   0x08006c98   0x00000008   Data   RW         6033    .data               heap_1.o
    0x200000b0   0x08006ca0   0x00000004   Data   RW         6072    .data               port.o
    0x200000b4   0x08006ca4   0x00000004   Data   RW         7030    .data               mc_p.l(stdout.o)
    0x200000b8   0x08006ca8   0x00000004   Data   RW         7041    .data               mc_p.l(mvars.o)
    0x200000bc   0x08006cac   0x00000004   Data   RW         7042    .data               mc_p.l(mvars.o)
    0x200000c0   0x08006cb0   0x00000004   Data   RW         7046    .data               mc_p.l(errno.o)
    0x200000c4        -       0x00000028   Zero   RW           14    .bss                helpers.o
    0x200000ec   0x08006cb4   0x00000004   PAD
    0x200000f0        -       0x000003b4   Zero   RW          243    .bss                my_tasks.o
    0x200004a4        -       0x00000009   Zero   RW          512    .bss                ds18b20.o
    0x200004ad   0x08006cb4   0x00000003   PAD
    0x200004b0        -       0x00000240   Zero   RW          826    .bss                main.o
    0x200006f0        -       0x0000014c   Zero   RW          947    .bss                freertos.o
    0x2000083c        -       0x00000048   Zero   RW         1204    .bss                stm32f0xx_hal_timebase_tim.o
    0x20000884        -       0x000000c8   Zero   RW         5463    .bss                tasks.o
    0x2000094c        -       0x00001000   Zero   RW         6032    .bss                heap_1.o
    0x2000194c        -       0x0000000c   Zero   RW         6526    .bss                ff_gen_drv.o
    0x20001958        -       0x00000200   Zero   RW         1269    HEAP                startup_stm32f072xb.o
    0x20001b58        -       0x00000400   Zero   RW         1268    STACK               startup_stm32f072xb.o


==============================================================================

Image component sizes


      Code (inc. data)   RO Data    RW Data    ZI Data      Debug   Object Name

       734         78          0          0          0       5140   animations.o
        76          0          0          0          0       1490   buttons.o
       132          0          0          0          0       8015   cmsis_os.o
        64          0          0          0          0       2231   config.o
        40         10          0          4          0       1990   delay_us.o
        80          4          0          0          9      15324   ds18b20.o
       140         10          0          0          0       1185   eeprom.o
         0          0          0          0          0       9364   event_groups.o
        28         10          0          5          0       3822   fatfs.o
        78          8          0          0         12       1599   ff_gen_drv.o
        20          4          0          0        332       1188   freertos.o
       132         12        171          0          0       2054   gps_config.o
        90         12          0          8       4096       2183   heap_1.o
       794         72         12         12         40     534814   helpers.o
       140          0          0          0          0       3374   list.o
      1248        146        170          4        576      14989   main.o
      2120        154         48          0          0      15112   minmea.o
       284          4          0          0          0       3671   my_1wire.o
      1326        136          0         44        948      24679   my_tasks.o
       374         54          0          4          0       7216   port.o
        28          8        192          0       1536        592   startup_stm32f072xb.o
        96         20          0         12          0       7846   stm32f0xx_hal.o
       120         24          0          0          0       9779   stm32f0xx_hal_cortex.o
       140          0          0          0          0       1723   stm32f0xx_hal_dma.o
       430         36          0          0          0       3963   stm32f0xx_hal_gpio.o
      2076         42          0          0          0      13054   stm32f0xx_hal_i2c.o
       166          0          0          0          0       2199   stm32f0xx_hal_i2c_ex.o
       132         20          0          0          0       1867   stm32f0xx_hal_iwdg.o
       484         64          0          0          0       3990   stm32f0xx_hal_msp.o
      1894         76         32          0          0       7230   stm32f0xx_hal_rcc.o
       308         14          0          0          0       1576   stm32f0xx_hal_rcc_ex.o
       886         32          0          0          0       7761   stm32f0xx_hal_rtc.o
      1194         10          0          0          0       5870   stm32f0xx_hal_spi.o
      1082         52          0          0          0      10156   stm32f0xx_hal_tim.o
       104         12          0          0          0       2477   stm32f0xx_hal_tim_ex.o
       156         26          0          0         72       1431   stm32f0xx_hal_timebase_tim.o
      2914         70          0          0          0      23332   stm32f0xx_hal_uart.o
         2          0          0          0          0        948   stm32f0xx_hal_uart_ex.o
        48         12          0          0          0       2146   stm32f0xx_it.o
        92         16         24          4          0       1119   system_stm32f0xx.o
      1260        104          0         56        200      14849   tasks.o
        44         12          0         21          0      11524   user_diskio.o

    ----------------------------------------------------------------------
     21598       1364        684        180       7828     794872   Object Totals
         0          0         32          0          0          0   (incl. Generated)
        42          0          3          6          7          0   (incl. Padding)

    ----------------------------------------------------------------------

      Code (inc. data)   RO Data    RW Data    ZI Data      Debug   Library Member Name

       152         10          0          0          0        104   cos.o
       244         20         48          0          0         92   cos_i.o
        46          6          0          0          0        204   dunder.o
        44          4          0          0          0         60   fpclassify.o
       172          0          0          0          0         76   poly.o
       924         86        200          0          0        120   rred.o
       156         10          0          0          0        104   sin.o
       236         14         40          0          0        100   sin_i.o
        30          0          0          0          0         60   _chval.o
       166          0          0          0          0         84   _strtoul.o
         8          4        133          0          0         60   ctype_o.o
         0          0          0          0          0          0   entry.o
         0          0          0          0          0          0   entry10a.o
         0          0          0          0          0          0   entry11a.o
         8          4          0          0          0          0   entry2.o
         4          0          0          0          0          0   entry5.o
         0          0          0          0          0          0   entry7b.o
         0          0          0          0          0          0   entry8b.o
         8          4          0          0          0          0   entry9a.o
        20         10          0          4          0        120   errno.o
        30          0          0          0          0          0   handlers.o
        40          0          0          0          0         72   idiv.o
        36          8          0          0          0         68   init.o
         0          0          0          0          0          0   iusefp.o
        32          0          0          0          0         68   llshl.o
        38          0          0          0          0         68   llsshr.o
        34          0          0          0          0         68   llushr.o
       116         12         12          0          0         72   localtime_i.o
       108         16          0          0          0         76   malloc.o
        36          0          0          0          0         60   memcpya.o
        36          0          0          0          0        100   memseta.o
       140         16         12          0          0         72   mktime.o
         0          0          0          8          0          0   mvars.o
       368         12          0          0          0        168   printf1.o
         0          0          0          4          0          0   stdout.o
        28          0          0          0          0         68   strcmp.o
        14          0          0          0          0         60   strlen.o
       112          4          0          0          0         76   strtol.o
        44          0          0          0          0         72   uidiv.o
        96          0          0          0          0         84   uldiv.o
        40          2          0          0          0         68   cdcmple.o
        40          2          0          0          0         68   cdrcmple.o
       356          4          0          0          0        140   dadd.o
       240          6          0          0          0         84   ddiv.o
       236          0          0          0          0        216   depilogue.o
        72         10          0          0          0         72   dfixi.o
        60         10          0          0          0         68   dfixui.o
        40          6          0          0          0         68   dflti.o
        28          4          0          0          0         68   dfltui.o
       208          6          0          0          0         88   dmul.o
        44          0          0          0          0         72   dscalb.o

    ----------------------------------------------------------------------
      4902        290        448         16          0       3448   Library Totals
        12          0          3          0          0          0   (incl. Padding)

    ----------------------------------------------------------------------

      Code (inc. data)   RO Data    RW Data    ZI Data      Debug   Library Name

      1974        150        288          0          0        860   m_ps.l
      1552         90        157         16          0       1576   mc_p.l
      1364         50          0          0          0       1012   mf_p.l

    ----------------------------------------------------------------------
      4902        290        448         16          0       3448   Library Totals

    ----------------------------------------------------------------------

==============================================================================


      Code (inc. data)   RO Data    RW Data    ZI Data      Debug   

     26500       1654       1132        196       7828     787580   Grand Totals
     26500       1654       1132        196       7828     787580   ELF Image Totals
     26500       1654       1132        196          0          0   ROM Totals

==============================================================================

    Total RO  Size (Code + RO Data)                27632 (  26.98kB)
    Total RW  Size (RW Data + ZI Data)              8024 (   7.84kB)
    Total ROM Size (Code + RO Data + RW Data)      27828 (  27.18kB)

==============================================================================

