Component: ARM Compiler 5.06 update 6 (build 750) Tool: armlink [4d35ed]

==============================================================================

Section Cross References

    helpers.o(i.__secs_to_tm) refers to idiv.o(.text) for __aeabi_idivmod
    helpers.o(i.__secs_to_tm) refers to helpers.o(.constdata) for .constdata
    helpers.o(i.get_time_rmc) refers to minmea.o(i.minmea_gettime) for minmea_gettime
    helpers.o(i.linear_buf_add) refers to stm32f0xx_hal.o(i.HAL_GetTick) for HAL_GetTick
    helpers.o(i.linear_buf_add_str) refers to helpers.o(i.linear_buf_add) for linear_buf_add
    helpers.o(i.linear_buf_idle) refers to helpers.o(i.linear_buf_reset) for linear_buf_reset
    helpers.o(i.linear_buf_idle) refers to stm32f0xx_hal.o(i.HAL_GetTick) for HAL_GetTick
    helpers.o(i.linear_buf_init) refers to malloc.o(i.malloc) for malloc
    helpers.o(i.linear_buf_init) refers to printf6.o(i.__0printf$6) for __2printf
    helpers.o(i.linear_buf_init) refers to stm32f0xx_hal_gpio.o(i.HAL_GPIO_TogglePin) for HAL_GPIO_TogglePin
    helpers.o(i.linear_buf_init) refers to stm32f0xx_hal.o(i.HAL_Delay) for HAL_Delay
    helpers.o(i.linear_buf_init) refers to helpers.o(i.linear_buf_reset) for linear_buf_reset
    helpers.o(i.linear_buf_line_available) refers to helpers.o(i.linear_buf_reset) for linear_buf_reset
    helpers.o(i.linear_buf_reset) refers to memseta.o(.text) for __aeabi_memclr
    helpers.o(i.unix_ts_2_datetime) refers to helpers.o(i.__secs_to_tm) for __secs_to_tm
    helpers.o(i.unix_ts_2_datetime) refers to idiv.o(.text) for __aeabi_idivmod
    my_tasks.o(i.HAL_GPIO_EXTI_Callback) refers to stm32f0xx_hal_gpio.o(i.HAL_GPIO_WritePin) for HAL_GPIO_WritePin
    my_tasks.o(i.HAL_GPIO_EXTI_Callback) refers to helpers.o(i.get_time_rmc) for get_time_rmc
    my_tasks.o(i.HAL_GPIO_EXTI_Callback) refers to helpers.o(i.unix_ts_2_datetime) for unix_ts_2_datetime
    my_tasks.o(i.HAL_GPIO_EXTI_Callback) refers to animations.o(i.tube_print2) for tube_print2
    my_tasks.o(i.HAL_GPIO_EXTI_Callback) refers to animations.o(i.led_start_animation) for led_start_animation
    my_tasks.o(i.HAL_GPIO_EXTI_Callback) refers to uidiv.o(.text) for __aeabi_uidivmod
    my_tasks.o(i.HAL_GPIO_EXTI_Callback) refers to my_tasks.o(i.replace_nlcr_with_space) for replace_nlcr_with_space
    my_tasks.o(i.HAL_GPIO_EXTI_Callback) refers to memseta.o(.text) for __aeabi_memclr4
    my_tasks.o(i.HAL_GPIO_EXTI_Callback) refers to printf6.o(i.__0sprintf$6) for __2sprintf
    my_tasks.o(i.HAL_GPIO_EXTI_Callback) refers to my_tasks.o(i.write_log) for write_log
    my_tasks.o(i.HAL_GPIO_EXTI_Callback) refers to printf6.o(i.__0printf$6) for __2printf
    my_tasks.o(i.HAL_GPIO_EXTI_Callback) refers to my_tasks.o(.data) for .data
    my_tasks.o(i.HAL_GPIO_EXTI_Callback) refers to my_tasks.o(.bss) for .bss
    my_tasks.o(i.HAL_GPIO_EXTI_Callback) refers to my_tasks.o(.conststring) for .conststring
    my_tasks.o(i.animation_task_start) refers to animations.o(i.animation_handler) for animation_handler
    my_tasks.o(i.animation_task_start) refers to animations.o(i.led_animation_handler) for led_animation_handler
    my_tasks.o(i.animation_task_start) refers to dfixui.o(.text) for __aeabi_d2uiz
    my_tasks.o(i.animation_task_start) refers to my_tasks.o(i.spi_send) for spi_send
    my_tasks.o(i.animation_task_start) refers to cmsis_os.o(i.osDelay) for osDelay
    my_tasks.o(i.animation_task_start) refers to my_tasks.o(.bss) for .bss
    my_tasks.o(i.animation_task_start) refers to my_tasks.o(.data) for .data
    my_tasks.o(i.gps_temp_parse_task_start) refers to my_tasks.o(i.my_halt) for my_halt
    my_tasks.o(i.gps_temp_parse_task_start) refers to stm32f0xx_hal_iwdg.o(i.HAL_IWDG_Refresh) for HAL_IWDG_Refresh
    my_tasks.o(i.gps_temp_parse_task_start) refers to helpers.o(i.linear_buf_line_available) for linear_buf_line_available
    my_tasks.o(i.gps_temp_parse_task_start) refers to memseta.o(.text) for __aeabi_memclr4
    my_tasks.o(i.gps_temp_parse_task_start) refers to strncpy.o(.text) for strncpy
    my_tasks.o(i.gps_temp_parse_task_start) refers to minmea.o(i.parse_gps) for parse_gps
    my_tasks.o(i.gps_temp_parse_task_start) refers to helpers.o(i.linear_buf_reset) for linear_buf_reset
    my_tasks.o(i.gps_temp_parse_task_start) refers to ds18b20.o(i.ds18b20_start_conversion) for ds18b20_start_conversion
    my_tasks.o(i.gps_temp_parse_task_start) refers to ds18b20.o(i.ds18b20_get_temp) for ds18b20_get_temp
    my_tasks.o(i.gps_temp_parse_task_start) refers to uidiv.o(.text) for __aeabi_uidivmod
    my_tasks.o(i.gps_temp_parse_task_start) refers to cmsis_os.o(i.osDelay) for osDelay
    my_tasks.o(i.gps_temp_parse_task_start) refers to my_tasks.o(.data) for .data
    my_tasks.o(i.gps_temp_parse_task_start) refers to main.o(.bss) for hiwdg
    my_tasks.o(i.gps_temp_parse_task_start) refers to my_tasks.o(.bss) for .bss
[...]
    SPI2_IRQHandler                          0x0800015f   Thumb Code     0  startup_stm32f072xb.o(.text)
    TIM14_IRQHandler                         0x0800015f   Thumb Code     0  startup_stm32f072xb.o(.text)
    TIM15_IRQHandler                         0x0800015f   Thumb Code     0  startup_stm32f072xb.o(.text)
    TIM16_IRQHandler                         0x0800015f   Thumb Code     0  startup_stm32f072xb.o(.text)
    TIM17_IRQHandler                         0x0800015f   Thumb Code     0  startup_stm32f072xb.o(.text)
    TIM1_BRK_UP_TRG_COM_IRQHandler           0x0800015f   Thumb Code     0  startup_stm32f072xb.o(.text)
    TIM1_CC_IRQHandler                       0x0800015f   Thumb Code     0  startup_stm32f072xb.o(.text)
    TIM2_IRQHandler                          0x0800015f   Thumb Code     0  startup_stm32f072xb.o(.text)
    TIM3_IRQHandler                          0x0800015f   Thumb Code     0  startup_stm32f072xb.o(.text)
    TIM6_DAC_IRQHandler                      0x0800015f   Thumb Code     0  startup_stm32f072xb.o(.text)
    TSC_IRQHandler                           0x0800015f   Thumb Code     0  startup_stm32f072xb.o(.text)
    USART2_IRQHandler                        0x0800015f   Thumb Code     0  startup_stm32f072xb.o(.text)
    USART3_4_IRQHandler                      0x0800015f   Thumb Code     0  startup_stm32f072xb.o(.text)
    USB_IRQHandler                           0x0800015f   Thumb Code     0  startup_stm32f072xb.o(.text)
    WWDG_IRQHandler                          0x0800015f   Thumb Code     0  startup_stm32f072xb.o(.text)
    __aeabi_uidiv                            0x08000169   Thumb Code     0  uidiv.o(.text)
    __aeabi_uidivmod                         0x08000169   Thumb Code    44  uidiv.o(.text)
    __aeabi_idiv                             0x08000195   Thumb Code     0  idiv.o(.text)
    __aeabi_idivmod                          0x08000195   Thumb Code    40  idiv.o(.text)
    __aeabi_uldivmod                         0x080001bd   Thumb Code    96  uldiv.o(.text)
    __aeabi_llsr                             0x0800021d   Thumb Code    34  llushr.o(.text)
    _ll_ushift_r                             0x0800021d   Thumb Code     0  llushr.o(.text)
    __rt_ctype_table                         0x08000241   Thumb Code     4  ctype_o.o(.text)
    __aeabi_memcpy                           0x08000249   Thumb Code    36  memcpya.o(.text)
    __aeabi_memcpy4                          0x08000249   Thumb Code     0  memcpya.o(.text)
    __aeabi_memcpy8                          0x08000249   Thumb Code     0  memcpya.o(.text)
    __aeabi_memset                           0x0800026d   Thumb Code    14  memseta.o(.text)
    __aeabi_memset4                          0x0800026d   Thumb Code     0  memseta.o(.text)
    __aeabi_memset8                          0x0800026d   Thumb Code     0  memseta.o(.text)
    __aeabi_memclr                           0x0800027b   Thumb Code     4  memseta.o(.text)
    __aeabi_memclr4                          0x0800027b   Thumb Code     0  memseta.o(.text)
    __aeabi_memclr8                          0x0800027b   Thumb Code     0  memseta.o(.text)
    memset                                   0x0800027f   Thumb Code    18  memseta.o(.text)
    strncpy                                  0x08000291   Thumb Code    26  strncpy.o(.text)
    strlen                                   0x080002ab   Thumb Code    14  strlen.o(.text)
    strcmp                                   0x080002b9   Thumb Code    28  strcmp.o(.text)
    strtol                                   0x080002d5   Thumb Code   108  strtol.o(.text)
    __aeabi_dadd                             0x08000345   Thumb Code   328  dadd.o(.text)
    __aeabi_dsub                             0x0800048d   Thumb Code    12  dadd.o(.text)
    __aeabi_drsub                            0x08000499   Thumb Code    12  dadd.o(.text)
    __aeabi_dmul                             0x080004a9   Thumb Code   202  dmul.o(.text)
    __aeabi_ddiv                             0x08000579   Thumb Code   234  ddiv.o(.text)
    __aeabi_ui2d                             0x08000669   Thumb Code    24  dfltui.o(.text)
    __aeabi_d2uiz                            0x08000685   Thumb Code    50  dfixui.o(.text)
    __aeabi_cdcmpeq                          0x080006c1   Thumb Code     0  cdcmple.o(.text)
    __aeabi_cdcmple                          0x080006c1   Thumb Code    38  cdcmple.o(.text)
    __aeabi_cdrcmple                         0x080006e9   Thumb Code    38  cdrcmple.o(.text)
    __aeabi_llsl                             0x08000711   Thumb Code    32  llshl.o(.text)
    _ll_shift_l                              0x08000711   Thumb Code     0  llshl.o(.text)
    __aeabi_lasr                             0x08000731   Thumb Code    38  llsshr.o(.text)
    _ll_sshift_r                             0x08000731   Thumb Code     0  llsshr.o(.text)
    _strtoul                                 0x08000757   Thumb Code   166  _strtoul.o(.text)
    __I$use$fp                               0x080007fd   Thumb Code     0  iusefp.o(.text)
    _double_round                            0x080007fd   Thumb Code    26  depilogue.o(.text)
    _double_epilogue                         0x08000817   Thumb Code   164  depilogue.o(.text)
    __scatterload                            0x080008bd   Thumb Code    28  init.o(.text)
    __scatterload_rt2                        0x080008bd   Thumb Code     0  init.o(.text)
    _chval                                   0x080008e1   Thumb Code    30  _chval.o(.text)
    __ARM_scalbn                             0x080008ff   Thumb Code    44  dscalb.o(.text)
    scalbn                                   0x080008ff   Thumb Code     0  dscalb.o(.text)
    __aeabi_i2d                              0x0800092d   Thumb Code    34  dflti.o(.text)
    __aeabi_d2iz                             0x08000955   Thumb Code    62  dfixi.o(.text)
    EXTI4_15_IRQHandler                      0x0800099d   Thumb Code    12  stm32f0xx_it.o(i.EXTI4_15_IRQHandler)
    FATFS_LinkDriver                         0x080009a9   Thumb Code    10  ff_gen_drv.o(i.FATFS_LinkDriver)
    FATFS_LinkDriverEx                       0x080009b5   Thumb Code    60  ff_gen_drv.o(i.FATFS_LinkDriverEx)
    HAL_DMA_Abort                            0x080009f9   Thumb Code    68  stm32f0xx_hal_dma.o(i.HAL_DMA_Abort)
    HAL_DMA_Abort_IT                         0x08000a3d   Thumb Code    72  stm32f0xx_hal_dma.o(i.HAL_DMA_Abort_IT)
    HAL_Delay                                0x08000a85   Thumb Code    32  stm32f0xx_hal.o(i.HAL_Delay)
    HAL_GPIO_DeInit                          0x08000aa9   Thumb Code   196  stm32f0xx_hal_gpio.o(i.HAL_GPIO_DeInit)
    HAL_GPIO_EXTI_Callback                   0x08000b85   Thumb Code   376  my_tasks.o(i.HAL_GPIO_EXTI_Callback)
    HAL_GPIO_EXTI_IRQHandler                 0x08000d19   Thumb Code    18  stm32f0xx_hal_gpio.o(i.HAL_GPIO_EXTI_IRQHandler)
    HAL_GPIO_Init                            0x08000d31   Thumb Code   334  stm32f0xx_hal_gpio.o(i.HAL_GPIO_Init)
    HAL_GPIO_ReadPin                         0x08000e9d   Thumb Code    14  stm32f0xx_hal_gpio.o(i.HAL_GPIO_ReadPin)
    HAL_GPIO_TogglePin                       0x08000eab   Thumb Code    16  stm32f0xx_hal_gpio.o(i.HAL_GPIO_TogglePin)
    HAL_GPIO_WritePin                        0x08000ebb   Thumb Code    12  stm32f0xx_hal_gpio.o(i.HAL_GPIO_WritePin)
    HAL_GetTick                              0x08000ec9   Thumb Code     6  stm32f0xx_hal.o(i.HAL_GetTick)
    HAL_I2CEx_ConfigAnalogFilter             0x08000ed5   Thumb Code    84  stm32f0xx_hal_i2c_ex.o(i.HAL_I2CEx_ConfigAnalogFilter)
    HAL_I2CEx_ConfigDigitalFilter            0x08000f29   Thumb Code    82  stm32f0xx_hal_i2c_ex.o(i.HAL_I2CEx_ConfigDigitalFilter)
    HAL_I2C_Init                             0x08000f7d   Thumb Code   196  stm32f0xx_hal_i2c.o(i.HAL_I2C_Init)
    HAL_I2C_IsDeviceReady                    0x08001045   Thumb Code   308  stm32f0xx_hal_i2c.o(i.HAL_I2C_IsDeviceReady)
    HAL_I2C_Master_Receive                   0x08001181   Thumb Code   328  stm32f0xx_hal_i2c.o(i.HAL_I2C_Master_Receive)
    HAL_I2C_Master_Transmit                  0x080012d1   Thumb Code   364  stm32f0xx_hal_i2c.o(i.HAL_I2C_Master_Transmit)
    HAL_I2C_MspInit                          0x08001445   Thumb Code    88  stm32f0xx_hal_msp.o(i.HAL_I2C_MspInit)
    HAL_IWDG_Init                            0x080014a9   Thumb Code   102  stm32f0xx_hal_iwdg.o(i.HAL_IWDG_Init)
    HAL_IWDG_Refresh                         0x0800151d   Thumb Code    10  stm32f0xx_hal_iwdg.o(i.HAL_IWDG_Refresh)
    HAL_IncTick                              0x0800152d   Thumb Code    12  stm32f0xx_hal.o(i.HAL_IncTick)
    HAL_Init                                 0x0800153d   Thumb Code    26  stm32f0xx_hal.o(i.HAL_Init)
    HAL_InitTick                             0x0800155d   Thumb Code   130  stm32f0xx_hal_timebase_tim.o(i.HAL_InitTick)
    HAL_MspInit                              0x080015f9   Thumb Code    44  stm32f0xx_hal_msp.o(i.HAL_MspInit)
    HAL_NVIC_DisableIRQ                      0x08001629   Thumb Code    26  stm32f0xx_hal_cortex.o(i.HAL_NVIC_DisableIRQ)
    HAL_NVIC_EnableIRQ                       0x08001649   Thumb Code    18  stm32f0xx_hal_cortex.o(i.HAL_NVIC_EnableIRQ)
    HAL_NVIC_SetPriority                     0x08001661   Thumb Code    60  stm32f0xx_hal_cortex.o(i.HAL_NVIC_SetPriority)
    HAL_NVIC_SystemReset                     0x080016a5   Thumb Code    18  stm32f0xx_hal_cortex.o(i.HAL_NVIC_SystemReset)
    HAL_RCCEx_PeriphCLKConfig                0x080016c1   Thumb Code   294  stm32f0xx_hal_rcc_ex.o(i.HAL_RCCEx_PeriphCLKConfig)
    HAL_RCC_ClockConfig                      0x080017f5   Thumb Code   292  stm32f0xx_hal_rcc.o(i.HAL_RCC_ClockConfig)
    HAL_RCC_GetClockConfig                   0x0800192d   Thumb Code    48  stm32f0xx_hal_rcc.o(i.HAL_RCC_GetClockConfig)
    HAL_RCC_GetHCLKFreq                      0x08001965   Thumb Code     6  stm32f0xx_hal_rcc.o(i.HAL_RCC_GetHCLKFreq)
    HAL_RCC_GetPCLK1Freq                     0x08001971   Thumb Code    22  stm32f0xx_hal_rcc.o(i.HAL_RCC_GetPCLK1Freq)
    HAL_RCC_GetSysClockFreq                  0x08001991   Thumb Code   112  stm32f0xx_hal_rcc.o(i.HAL_RCC_GetSysClockFreq)
    HAL_RCC_OscConfig                        0x08001a15   Thumb Code  1300  stm32f0xx_hal_rcc.o(i.HAL_RCC_OscConfig)
    HAL_SPI_DeInit                           0x08001f29   Thumb Code    46  stm32f0xx_hal_spi.o(i.HAL_SPI_DeInit)
    HAL_SPI_Init                             0x08001f57   Thumb Code   240  stm32f0xx_hal_spi.o(i.HAL_SPI_Init)
    HAL_SPI_MspDeInit                        0x08002049   Thumb Code    30  stm32f0xx_hal_msp.o(i.HAL_SPI_MspDeInit)
    HAL_SPI_MspInit                          0x08002075   Thumb Code    82  stm32f0xx_hal_msp.o(i.HAL_SPI_MspInit)
    HAL_SPI_Transmit                         0x080020d5   Thumb Code   408  stm32f0xx_hal_spi.o(i.HAL_SPI_Transmit)
    HAL_SPI_TransmitReceive                  0x0800226d   Thumb Code   536  stm32f0xx_hal_spi.o(i.HAL_SPI_TransmitReceive)
    HAL_TIMEx_BreakCallback                  0x08002485   Thumb Code     2  stm32f0xx_hal_tim_ex.o(i.HAL_TIMEx_BreakCallback)
    HAL_TIMEx_CommutCallback                 0x08002487   Thumb Code     2  stm32f0xx_hal_tim_ex.o(i.HAL_TIMEx_CommutCallback)
    HAL_TIMEx_MasterConfigSynchronization    0x08002489   Thumb Code    88  stm32f0xx_hal_tim_ex.o(i.HAL_TIMEx_MasterConfigSynchronization)
    HAL_TIM_Base_Init                        0x080024ed   Thumb Code    74  stm32f0xx_hal_tim.o(i.HAL_TIM_Base_Init)
    HAL_TIM_Base_MspInit                     0x08002539   Thumb Code    30  stm32f0xx_hal_msp.o(i.HAL_TIM_Base_MspInit)
    HAL_TIM_Base_Start                       0x0800255d   Thumb Code    74  stm32f0xx_hal_tim.o(i.HAL_TIM_Base_Start)
    HAL_TIM_Base_Start_IT                    0x080025b5   Thumb Code    82  stm32f0xx_hal_tim.o(i.HAL_TIM_Base_Start_IT)
    HAL_TIM_ConfigClockSource                0x08002615   Thumb Code   232  stm32f0xx_hal_tim.o(i.HAL_TIM_ConfigClockSource)
    HAL_TIM_IC_CaptureCallback               0x080026fd   Thumb Code     2  stm32f0xx_hal_tim.o(i.HAL_TIM_IC_CaptureCallback)
    HAL_TIM_IRQHandler                       0x080026ff   Thumb Code   304  stm32f0xx_hal_tim.o(i.HAL_TIM_IRQHandler)
    HAL_TIM_OC_DelayElapsedCallback          0x0800282f   Thumb Code     2  stm32f0xx_hal_tim.o(i.HAL_TIM_OC_DelayElapsedCallback)
    HAL_TIM_PWM_PulseFinishedCallback        0x08002831   Thumb Code     2  stm32f0xx_hal_tim.o(i.HAL_TIM_PWM_PulseFinishedCallback)
    HAL_TIM_PeriodElapsedCallback            0x08002835   Thumb Code    16  main.o(i.HAL_TIM_PeriodElapsedCallback)
    HAL_TIM_TriggerCallback                  0x08002849   Thumb Code     2  stm32f0xx_hal_tim.o(i.HAL_TIM_TriggerCallback)
    HAL_UARTEx_RxEventCallback               0x0800284b   Thumb Code     2  stm32f0xx_hal_uart.o(i.HAL_UARTEx_RxEventCallback)
    HAL_UARTEx_WakeupCallback                0x0800284d   Thumb Code     2  stm32f0xx_hal_uart_ex.o(i.HAL_UARTEx_WakeupCallback)
    HAL_UART_ErrorCallback                   0x08002851   Thumb Code    22  main.o(i.HAL_UART_ErrorCallback)
    HAL_UART_IRQHandler                      0x08002875   Thumb Code   662  stm32f0xx_hal_uart.o(i.HAL_UART_IRQHandler)
    HAL_UART_Init                            0x08002b19   Thumb Code   112  stm32f0xx_hal_uart.o(i.HAL_UART_Init)
    HAL_UART_MspInit                         0x08002b89   Thumb Code   154  stm32f0xx_hal_msp.o(i.HAL_UART_MspInit)
    HAL_UART_Receive_IT                      0x08002c35   Thumb Code    94  stm32f0xx_hal_uart.o(i.HAL_UART_Receive_IT)
    HAL_UART_RxCpltCallback                  0x08002c95   Thumb Code    32  main.o(i.HAL_UART_RxCpltCallback)
    HAL_UART_Transmit                        0x08002cc5   Thumb Code   226  stm32f0xx_hal_uart.o(i.HAL_UART_Transmit)
    HAL_UART_TxCpltCallback                  0x08002da7   Thumb Code     2  stm32f0xx_hal_uart.o(i.HAL_UART_TxCpltCallback)
    HardFault_Handler                        0x08002da9   Thumb Code     2  stm32f0xx_it.o(i.HardFault_Handler)
    MX_FATFS_Init                            0x08003101   Thumb Code    18  fatfs.o(i.MX_FATFS_Init)
    NMI_Handler                              0x080033b1   Thumb Code     2  stm32f0xx_it.o(i.NMI_Handler)
    SVC_Handler                              0x080035d5   Thumb Code     2  port.o(i.SVC_Handler)
    StartDefaultTask                         0x080035d7   Thumb Code    12  main.o(i.StartDefaultTask)
    SysTick_Handler                          0x080035e5   Thumb Code    32  port.o(i.SysTick_Handler)
    SystemClock_Config                       0x08003609   Thumb Code   106  main.o(i.SystemClock_Config)
    SystemInit                               0x08003675   Thumb Code    76  system_stm32f0xx.o(i.SystemInit)
    TIM7_IRQHandler                          0x080036d1   Thumb Code    10  stm32f0xx_it.o(i.TIM7_IRQHandler)
    TIM_Base_SetConfig                       0x080036e1   Thumb Code   140  stm32f0xx_hal_tim.o(i.TIM_Base_SetConfig)
    TIM_ETR_SetConfig                        0x08003785   Thumb Code    24  stm32f0xx_hal_tim.o(i.TIM_ETR_SetConfig)
    UART_AdvFeatureConfig                    0x080037f9   Thumb Code   204  stm32f0xx_hal_uart.o(i.UART_AdvFeatureConfig)
    UART_CheckIdleState                      0x080038c5   Thumb Code   202  stm32f0xx_hal_uart.o(i.UART_CheckIdleState)
    UART_SetConfig                           0x08003bd1   Thumb Code   372  stm32f0xx_hal_uart.o(i.UART_SetConfig)
    UART_Start_Receive_IT                    0x08003d69   Thumb Code   210  stm32f0xx_hal_uart.o(i.UART_Start_Receive_IT)
    UART_WaitOnFlagUntilTimeout              0x08003e49   Thumb Code   186  stm32f0xx_hal_uart.o(i.UART_WaitOnFlagUntilTimeout)
    USART1_IRQHandler                        0x08003f05   Thumb Code    10  stm32f0xx_it.o(i.USART1_IRQHandler)
    USER_initialize                          0x08003f15   Thumb Code    22  user_diskio.o(i.USER_initialize)
    USER_ioctl                               0x08003f35   Thumb Code    42  user_diskio.o(i.USER_ioctl)
    USER_read                                0x08003f65   Thumb Code    42  user_diskio.o(i.USER_read)
    USER_status                              0x08003f95   Thumb Code    22  user_diskio.o(i.USER_status)
    USER_write                               0x08003fb5   Thumb Code    42  user_diskio.o(i.USER_write)
    __0printf$6                              0x08003fe5   Thumb Code    24  printf6.o(i.__0printf$6)
    __1printf$6                              0x08003fe5   Thumb Code     0  printf6.o(i.__0printf$6)
    __2printf                                0x08003fe5   Thumb Code     0  printf6.o(i.__0printf$6)
    __0sprintf$6                             0x08004005   Thumb Code    36  printf6.o(i.__0sprintf$6)
    __1sprintf$6                             0x08004005   Thumb Code     0  printf6.o(i.__0sprintf$6)
    __2sprintf                               0x08004005   Thumb Code     0  printf6.o(i.__0sprintf$6)
    __ARM_clz                                0x0800402d   Thumb Code    46  depilogue.o(i.__ARM_clz)
    __ARM_common_ll_muluu                    0x0800405b   Thumb Code    50  stm32f0xx_hal_rcc.o(i.__ARM_common_ll_muluu)
    __ARM_common_switch8                     0x0800408d   Thumb Code    26  my_tasks.o(i.__ARM_common_switch8)
    __ARM_fpclassify                         0x080040a9   Thumb Code    40  fpclassify.o(i.__ARM_fpclassify)
    __aeabi_errno_addr                       0x080040d5   Thumb Code     4  errno.o(i.__aeabi_errno_addr)
    __rt_errno_addr                          0x080040d5   Thumb Code     0  errno.o(i.__aeabi_errno_addr)
    __ieee754_rem_pio2                       0x080040dd   Thumb Code   838  rred.o(i.__ieee754_rem_pio2)
    __kernel_cos                             0x08004479   Thumb Code   224  cos_i.o(i.__kernel_cos)
    __kernel_poly                            0x0800456d   Thumb Code   172  poly.o(i.__kernel_poly)
    __kernel_sin                             0x08004619   Thumb Code   222  sin_i.o(i.__kernel_sin)
    __mathlib_dbl_infnan                     0x08004705   Thumb Code    10  dunder.o(i.__mathlib_dbl_infnan)
    __mathlib_dbl_invalid                    0x0800470f   Thumb Code    16  dunder.o(i.__mathlib_dbl_invalid)
    __mathlib_dbl_underflow                  0x08004721   Thumb Code    14  dunder.o(i.__mathlib_dbl_underflow)
    __scatterload_copy                       0x08004735   Thumb Code    14  handlers.o(i.__scatterload_copy)
    __scatterload_null                       0x08004743   Thumb Code     2  handlers.o(i.__scatterload_null)
    __scatterload_zeroinit                   0x08004745   Thumb Code    14  handlers.o(i.__scatterload_zeroinit)
    __secs_to_tm                             0x08004755   Thumb Code   282  helpers.o(i.__secs_to_tm)
    __set_errno                              0x08004889   Thumb Code     6  errno.o(i.__set_errno)
    animation_handler                        0x08004bf1   Thumb Code   174  animations.o(i.animation_handler)
    animation_init                           0x08004cb9   Thumb Code    28  animations.o(i.animation_init)
    animation_task_start                     0x08004cd5   Thumb Code   182  my_tasks.o(i.animation_task_start)
    button_init                              0x08004d95   Thumb Code    16  buttons.o(i.button_init)
    button_update                            0x08004da5   Thumb Code    60  buttons.o(i.button_update)
    clust2sect                               0x08004f51   Thumb Code    30  ff.o(i.clust2sect)
    cos                                      0x08004f71   Thumb Code   142  cos.o(i.cos)
    crc16                                    0x08005009   Thumb Code    46  sd_util.o(i.crc16)
    delay_us                                 0x08005269   Thumb Code    18  delay_us.o(i.delay_us)
    delay_us_init                            0x08005281   Thumb Code    12  delay_us.o(i.delay_us_init)
    disk_initialize                          0x0800555d   Thumb Code    38  diskio.o(i.disk_initialize)
    disk_ioctl                               0x08005589   Thumb Code    22  diskio.o(i.disk_ioctl)
    disk_read                                0x080055a5   Thumb Code    24  diskio.o(i.disk_read)
    disk_status                              0x080055c1   Thumb Code    18  diskio.o(i.disk_status)
    disk_write                               0x080055d9   Thumb Code    24  diskio.o(i.disk_write)
    ds18b20_get_temp                         0x080055f5   Thumb Code    48  ds18b20.o(i.ds18b20_get_temp)
    ds18b20_start_conversion                 0x08005629   Thumb Code    28  ds18b20.o(i.ds18b20_start_conversion)
    eeprom_read                              0x08005645   Thumb Code    66  eeprom.o(i.eeprom_read)
    eeprom_write                             0x0800568d   Thumb Code    64  eeprom.o(i.eeprom_write)
    f_close                                  0x080056f9   Thumb Code    62  ff.o(i.f_close)
    f_lseek                                  0x08005737   Thumb Code   848  ff.o(i.f_lseek)
    f_mount                                  0x08005a89   Thumb Code   152  ff.o(i.f_mount)
    f_open                                   0x08005b25   Thumb Code   430  ff.o(i.f_open)
    f_sync                                   0x08005cd3   Thumb Code   188  ff.o(i.f_sync)
    f_write                                  0x08005d91   Thumb Code   580  ff.o(i.f_write)
    ff_cre_syncobj                           0x08005fd9   Thumb Code    32  syscall.o(i.ff_cre_syncobj)
    ff_del_syncobj                           0x08005ff9   Thumb Code    10  syscall.o(i.ff_del_syncobj)
    ff_rel_grant                             0x08006003   Thumb Code     8  syscall.o(i.ff_rel_grant)
    ff_req_grant                             0x0800600b   Thumb Code    22  syscall.o(i.ff_req_grant)
    fputc                                    0x080063e9   Thumb Code    18  main.o(i.fputc)
    get_display_mode                         0x08006401   Thumb Code    14  config.o(i.get_display_mode)
    get_fat                                  0x0800640f   Thumb Code   218  ff.o(i.get_fat)
    get_time_rmc                             0x08006531   Thumb Code    28  helpers.o(i.get_time_rmc)
    get_use_24hour                           0x0800654d   Thumb Code    14  config.o(i.get_use_24hour)
    get_utc_offset                           0x0800655b   Thumb Code    16  config.o(i.get_utc_offset)
    gps_init                                 0x0800656d   Thumb Code    98  gps_config.o(i.gps_init)
    gps_say                                  0x080065d5   Thumb Code    22  gps_config.o(i.gps_say)
    gps_temp_parse_task_start                0x080065f1   Thumb Code   132  my_tasks.o(i.gps_temp_parse_task_start)
    hwif_init                                0x080066b3   Thumb Code    80  sd_util.o(i.hwif_init)
    led_animation_handler                    0x080067dd   Thumb Code   252  animations.o(i.led_animation_handler)
    led_animation_init                       0x080068fd   Thumb Code    36  animations.o(i.led_animation_init)
    led_start_animation                      0x08006921   Thumb Code    66  animations.o(i.led_start_animation)
    linear_buf_add                           0x0800696d   Thumb Code    42  helpers.o(i.linear_buf_add)
    linear_buf_init                          0x08006999   Thumb Code    60  helpers.o(i.linear_buf_init)
    linear_buf_line_available                0x080069e5   Thumb Code    36  helpers.o(i.linear_buf_line_available)
    linear_buf_reset                         0x08006a09   Thumb Code    16  helpers.o(i.linear_buf_reset)
    main                                     0x08006a29   Thumb Code   190  main.o(i.main)
    malloc                                   0x08006b09   Thumb Code    92  malloc.o(i.malloc)
    minmea_check                             0x08006bbd   Thumb Code   132  minmea.o(i.minmea_check)
    minmea_gettime                           0x08006c49   Thumb Code    92  minmea.o(i.minmea_gettime)
    minmea_parse_gga                         0x08006ccd   Thumb Code   114  minmea.o(i.minmea_parse_gga)
    minmea_parse_gst                         0x08006d55   Thumb Code    78  minmea.o(i.minmea_parse_gst)
    minmea_parse_gsv                         0x08006db5   Thumb Code   112  minmea.o(i.minmea_parse_gsv)
    minmea_parse_rmc                         0x08006e41   Thumb Code   132  minmea.o(i.minmea_parse_rmc)
    minmea_scan                              0x08006ed9   Thumb Code   884  minmea.o(i.minmea_scan)
    minmea_sentence_id                       0x08007255   Thumb Code   136  minmea.o(i.minmea_sentence_id)
    my_1wire_read_bit                        0x08007333   Thumb Code    58  my_1wire.o(i.my_1wire_read_bit)
    my_1wire_read_byte                       0x0800736d   Thumb Code    28  my_1wire.o(i.my_1wire_read_byte)
    my_1wire_read_bytes                      0x08007389   Thumb Code    24  my_1wire.o(i.my_1wire_read_bytes)
    my_1wire_reset                           0x080073a1   Thumb Code    70  my_1wire.o(i.my_1wire_reset)
    my_1wire_write_bit                       0x080073e9   Thumb Code    72  my_1wire.o(i.my_1wire_write_bit)
    my_1wire_write_byte                      0x08007435   Thumb Code    28  my_1wire.o(i.my_1wire_write_byte)
    my_halt                                  0x08007451   Thumb Code    32  my_tasks.o(i.my_halt)
    osDelay                                  0x08007475   Thumb Code    16  cmsis_os.o(i.osDelay)
    osKernelStart                            0x08007485   Thumb Code    10  cmsis_os.o(i.osKernelStart)
    osSemaphoreCreate                        0x0800748f   Thumb Code    70  cmsis_os.o(i.osSemaphoreCreate)
    osSemaphoreDelete                        0x080074d5   Thumb Code    26  cmsis_os.o(i.osSemaphoreDelete)
    osSemaphoreRelease                       0x080074f1   Thumb Code    72  cmsis_os.o(i.osSemaphoreRelease)
    osSemaphoreWait                          0x0800753d   Thumb Code    96  cmsis_os.o(i.osSemaphoreWait)
    osThreadCreate                           0x080075a1   Thumb Code    94  cmsis_os.o(i.osThreadCreate)
    parse_gps                                0x080075ff   Thumb Code    80  minmea.o(i.parse_gps)
    put_fat                                  0x08007999   Thumb Code   248  ff.o(i.put_fat)
    pvPortMalloc                             0x08007a91   Thumb Code    68  heap_1.o(i.pvPortMalloc)
    pxPortInitialiseStack                    0x08007ae1   Thumb Code    26  port.o(i.pxPortInitialiseStack)
    replace_nlcr_with_space                  0x08007b6f   Thumb Code    28  my_tasks.o(i.replace_nlcr_with_space)
    sd_read                                  0x08007fc1   Thumb Code    50  sd_util.o(i.sd_read)
    sd_write                                 0x0800824d   Thumb Code    50  sd_util.o(i.sd_write)
    setup_task                               0x0800830d   Thumb Code   252  my_tasks.o(i.setup_task)
    sin                                      0x0800844d   Thumb Code   146  sin.o(i.sin)
    spi_send                                 0x080084e9   Thumb Code    84  my_tasks.o(i.spi_send)
    start_animation                          0x080085b5   Thumb Code    38  animations.o(i.start_animation)
    test_task_start                          0x080086d1   Thumb Code   286  my_tasks.o(i.test_task_start)
    timegm                                   0x08008811   Thumb Code   140  minmea.o(i.timegm)
    tube_print2                              0x080088a5   Thumb Code    62  animations.o(i.tube_print2)
    unix_ts_2_datetime                       0x080088e3   Thumb Code    88  helpers.o(i.unix_ts_2_datetime)
    utc_offset_trim                          0x0800895f   Thumb Code    20  config.o(i.utc_offset_trim)
    uxListRemove                             0x08008973   Thumb Code    38  list.o(i.uxListRemove)
    vApplicationGetIdleTaskMemory            0x08008999   Thumb Code    16  freertos.o(i.vApplicationGetIdleTaskMemory)
    vListInitialise                          0x080089ad   Thumb Code    22  list.o(i.vListInitialise)
    vListInitialiseItem                      0x080089c3   Thumb Code     6  list.o(i.vListInitialiseItem)
    vListInsert                              0x080089c9   Thumb Code    50  list.o(i.vListInsert)
    vListInsertEnd                           0x080089fb   Thumb Code    24  list.o(i.vListInsertEnd)
    vPortEnterCritical                       0x08008a15   Thumb Code    20  port.o(i.vPortEnterCritical)
    vPortExitCritical                        0x08008a2d   Thumb Code    24  port.o(i.vPortExitCritical)
    vPortFree                                0x08008a49   Thumb Code    10  heap_1.o(i.vPortFree)
    vPortYield                               0x08008a55   Thumb Code    18  port.o(i.vPortYield)
    vQueueDelete                             0x08008a6d   Thumb Code    34  queue.o(i.vQueueDelete)
    vQueueUnregisterQueue                    0x08008a91   Thumb Code    34  queue.o(i.vQueueUnregisterQueue)
    vTaskDelay                               0x08008ab9   Thumb Code    48  tasks.o(i.vTaskDelay)
    vTaskInternalSetTimeOutState             0x08008aed   Thumb Code    12  tasks.o(i.vTaskInternalSetTimeOutState)
    vTaskMissedYield                         0x08008afd   Thumb Code     8  tasks.o(i.vTaskMissedYield)
    vTaskPlaceOnEventList                    0x08008b09   Thumb Code    32  tasks.o(i.vTaskPlaceOnEventList)
    vTaskStartScheduler                      0x08008b2d   Thumb Code    90  tasks.o(i.vTaskStartScheduler)
    vTaskSuspendAll                          0x08008b99   Thumb Code    10  tasks.o(i.vTaskSuspendAll)
    vTaskSwitchContext                       0x08008ba9   Thumb Code    94  tasks.o(i.vTaskSwitchContext)
    write_log                                0x08008c59   Thumb Code    82  my_tasks.o(i.write_log)
    xPortStartScheduler                      0x08008cb9   Thumb Code    40  port.o(i.xPortStartScheduler)
    xQueueGenericCreate                      0x08008ce9   Thumb Code    66  queue.o(i.xQueueGenericCreate)
    xQueueGenericCreateStatic                0x08008d2b   Thumb Code    70  queue.o(i.xQueueGenericCreateStatic)
    xQueueGenericReset                       0x08008d71   Thumb Code   112  queue.o(i.xQueueGenericReset)
    xQueueGenericSend                        0x08008de1   Thumb Code   290  queue.o(i.xQueueGenericSend)
    xQueueGiveFromISR                        0x08008f03   Thumb Code   118  queue.o(i.xQueueGiveFromISR)
    xQueueReceiveFromISR                     0x08008f79   Thumb Code   124  queue.o(i.xQueueReceiveFromISR)
    xQueueSemaphoreTake                      0x08008ff5   Thumb Code   256  queue.o(i.xQueueSemaphoreTake)
    xTaskCheckForTimeOut                     0x080090f5   Thumb Code    84  tasks.o(i.xTaskCheckForTimeOut)
    xTaskCreate                              0x0800914d   Thumb Code    94  tasks.o(i.xTaskCreate)
    xTaskCreateStatic                        0x080091ab   Thumb Code    70  tasks.o(i.xTaskCreateStatic)
    xTaskGetSchedulerState                   0x080091f1   Thumb Code    26  tasks.o(i.xTaskGetSchedulerState)
    xTaskIncrementTick                       0x08009211   Thumb Code   184  tasks.o(i.xTaskIncrementTick)
    xTaskRemoveFromEventList                 0x080092d1   Thumb Code    94  tasks.o(i.xTaskRemoveFromEventList)
    xTaskResumeAll                           0x0800933d   Thumb Code   168  tasks.o(i.xTaskResumeAll)
    log_file_path                            0x080093fc   Data           8  my_tasks.o(.constdata)
    disable_gll                              0x08009404   Data          11  gps_config.o(.constdata)
    disable_gsa                              0x0800940f   Data          11  gps_config.o(.constdata)
    disable_gsv                              0x0800941a   Data          11  gps_config.o(.constdata)
    disable_vtg                              0x08009425   Data          11  gps_config.o(.constdata)
    disable_gga                              0x08009430   Data          11  gps_config.o(.constdata)
    disable_sbas                             0x0800943b   Data          16  gps_config.o(.constdata)
    pos_mode_stationary                      0x0800944b   Data          44  gps_config.o(.constdata)
    pwr_full_power                           0x08009477   Data          16  gps_config.o(.constdata)
    tp_1hz                                   0x08009487   Data          40  gps_config.o(.constdata)
    AHBPrescTable                            0x08009550   Data          16  system_stm32f0xx.o(.constdata)
    APBPrescTable                            0x08009560   Data           8  system_stm32f0xx.o(.constdata)
    __ctype_table                            0x08009588   Data         129  ctype_o.o(.constdata)
    Region$$Table$$Base                      0x080097d4   Number         0  anon$$obj.o(Region$$Table)
    Region$$Table$$Limit                     0x080097f4   Number         0  anon$$obj.o(Region$$Table)
    gps_byte_buf                             0x20000000   Data           1  my_tasks.o(.data)
    year                                     0x20000001   Data           1  my_tasks.o(.data)
    month                                    0x20000002   Data           1  my_tasks.o(.data)
    day                                      0x20000003   Data           1  my_tasks.o(.data)
    hour                                     0x20000004   Data           1  my_tasks.o(.data)
    minute                                   0x20000005   Data           1  my_tasks.o(.data)
    second                                   0x20000006   Data           1  my_tasks.o(.data)
    display_mode                             0x20000007   Data           1  my_tasks.o(.data)
    is_in_setup_mode                         0x20000008   Data           1  my_tasks.o(.data)
    use_24hour                               0x20000009   Data           1  my_tasks.o(.data)
    utc_offset                               0x2000000a   Data           1  my_tasks.o(.data)
    sd_fresult                               0x2000000b   Data           1  my_tasks.o(.data)
    sd_error_count                           0x2000000c   Data           1  my_tasks.o(.data)
    counter                                  0x2000000d   Data           1  my_tasks.o(.data)
    raw_temp                                 0x2000000e   Data           2  my_tasks.o(.data)
    rgb_orange                               0x20000010   Data           3  my_tasks.o(.data)
    rgb_purple                               0x20000013   Data           3  my_tasks.o(.data)
    frame_counter                            0x20000018   Data           4  my_tasks.o(.data)
    current_time                             0x2000001c   Data           4  my_tasks.o(.data)
    up_button                                0x20000020   Data           8  my_tasks.o(.data)
    down_button                              0x20000028   Data           8  my_tasks.o(.data)
    us_timer                                 0x20000030   Data           4  delay_us.o(.data)
    defaultTaskHandle                        0x20000034   Data           4  main.o(.data)
    USER_Driver                              0x2000003c   Data          20  user_diskio.o(.data)
    retUSER                                  0x20000050   Data           1  fatfs.o(.data)
    USERPath                                 0x20000051   Data           4  fatfs.o(.data)
    SystemCoreClock                          0x20000058   Data           4  system_stm32f0xx.o(.data)
    uwTickFreq                               0x2000005c   Data           1  stm32f0xx_hal.o(.data)
    uwTickPrio                               0x20000060   Data           4  stm32f0xx_hal.o(.data)
    uwTick                                   0x20000064   Data           4  stm32f0xx_hal.o(.data)
    pxCurrentTCB                             0x20000068   Data           4  tasks.o(.data)
    __stdout                                 0x200000b4   Data           4  stdout.o(.data)
    __microlib_freelist                      0x200000b8   Data           4  mvars.o(.data)
    __microlib_freelist_initialised          0x200000bc   Data           4  mvars.o(.data)
    spi_buf                                  0x200000c8   Data          16  my_tasks.o(.bss)
    tube_animation                           0x200000d8   Data         168  my_tasks.o(.bss)
    rgb_animation                            0x20000180   Data         336  my_tasks.o(.bss)
    gps_lb                                   0x200002d0   Data          16  my_tasks.o(.bss)
    gps_rmc                                  0x200002e0   Data          72  my_tasks.o(.bss)
    gps_gga                                  0x20000328   Data          76  my_tasks.o(.bss)
    gps_gsa                                  0x20000374   Data          80  my_tasks.o(.bss)
    gps_gll                                  0x200003c4   Data          36  my_tasks.o(.bss)
    gps_gst                                  0x200003e8   Data          72  my_tasks.o(.bss)
    gps_gsv                                  0x20000430   Data          76  my_tasks.o(.bss)
    sd_fs                                    0x2000047c   Data         564  my_tasks.o(.bss)
    sd_file                                  0x200006b0   Data         556  my_tasks.o(.bss)
    last_rmc                                 0x200008dc   Data         128  my_tasks.o(.bss)
    sd_write_buf                             0x2000095c   Data         256  my_tasks.o(.bss)
    ds18b20_buf                              0x20000a5c   Data           9  ds18b20.o(.bss)
    hi2c1                                    0x20000a68   Data          84  main.o(.bss)
    hiwdg                                    0x20000abc   Data          16  main.o(.bss)
    hspi1                                    0x20000acc   Data         100  main.o(.bss)
    htim2                                    0x20000b30   Data          72  main.o(.bss)
    huart1                                   0x20000b78   Data         136  main.o(.bss)
    huart3                                   0x20000c00   Data         136  main.o(.bss)
    hw                                       0x20000dd4   Data          16  user_diskio.o(.bss)
    htim7                                    0x20000de4   Data          72  stm32f0xx_hal_timebase_tim.o(.bss)
    xQueueRegistry                           0x20000e2c   Data          64  queue.o(.bss)
    disk                                     0x20001f4c   Data          12  ff_gen_drv.o(.bss)
    __heap_base                              0x20001f58   Data           0  startup_stm32f072xb.o(HEAP)
    __heap_limit                             0x20002158   Data           0  startup_stm32f072xb.o(HEAP)
    __initial_sp                             0x20002558   Data           0  startup_stm32f072xb.o(STACK)



==============================================================================

Memory Map of the image

  Image Entry point : 0x080000c1

  Load Region LR_IROM1 (Base: 0x08000000, Size: 0x000098b8, Max: 0x00010000, ABSOLUTE)

    Execution Region ER_IROM1 (Exec base: 0x08000000, Load base: 0x08000000, Size: 0x000097f4, Max: 0x00010000, ABSOLUTE)

    Exec Addr    Load Addr    Size         Type   Attr      Idx    E Section Name        Object

    0x08000000   0x08000000   0x000000c0   Data   RO         1396    RESET               startup_stm32f072xb.o
    0x080000c0   0x080000c0   0x00000000   Code   RO         6373  * .ARM.Collect$$$$00000000  mc_p.l(entry.o)
    0x080000c0   0x080000c0   0x00000004   Code   RO         6759    .ARM.Collect$$$$00000001  mc_p.l(entry2.o)
    0x080000c4   0x080000c4   0x00000004   Code   RO         6762    .ARM.Collect$$$$00000004  mc_p.l(entry5.o)
    0x080000c8   0x080000c8   0x00000000   Code   RO         6764    .ARM.Collect$$$$00000008  mc_p.l(entry7b.o)
    0x080000c8   0x080000c8   0x00000000   Code   RO         6766    .ARM.Collect$$$$0000000A  mc_p.l(entry8b.o)
    0x080000c8   0x080000c8   0x00000008   Code   RO         6767    .ARM.Collect$$$$0000000B  mc_p.l(entry9a.o)
    0x080000d0   0x080000d0   0x00000000   Code   RO         6769    .ARM.Collect$$$$0000000D  mc_p.l(entry10a.o)
    0x080000d0   0x080000d0   0x00000000   Code   RO         6771    .ARM.Collect$$$$0000000F  mc_p.l(entry11a.o)
    0x080000d0   0x080000d0   0x00000004   Code   RO         6760    .ARM.Collect$$$$00002712  mc_p.l(entry2.o)
    0x080000d4   0x080000d4   0x00000078   Code   RO         5805    .emb_text           port.o
    0x0800014c   0x0800014c   0x0000001c   Code   RO         1397    .text               startup_stm32f072xb.o
    0x08000168   0x08000168   0x0000002c   Code   RO         6376    .text               mc_p.l(uidiv.o)
    0x08000194   0x08000194   0x00000028   Code   RO         6378    .text               mc_p.l(idiv.o)
    0x080001bc   0x080001bc   0x00000060   Code   RO         6380    .text               mc_p.l(uldiv.o)
    0x0800021c   0x0800021c   0x00000022   Code   RO         6382    .text               mc_p.l(llushr.o)
    0x0800023e   0x0800023e   0x00000002   PAD
    0x08000240   0x08000240   0x00000008   Code   RO         6384    .text               mc_p.l(ctype_o.o)
    0x08000248   0x08000248   0x00000024   Code   RO         6412    .text               mc_p.l(memcpya.o)
    0x0800026c   0x0800026c   0x00000024   Code   RO         6416    .text               mc_p.l(memseta.o)
    0x08000290   0x08000290   0x0000001a   Code   RO         6418    .text               mc_p.l(strncpy.o)
    0x080002aa   0x080002aa   0x0000000e   Code   RO         6420    .text               mc_p.l(strlen.o)
    0x080002b8   0x080002b8   0x0000001c   Code   RO         6422    .text               mc_p.l(strcmp.o)
    0x080002d4   0x080002d4   0x00000070   Code   RO         6715    .text               mc_p.l(strtol.o)
    0x08000344   0x08000344   0x00000164   Code   RO         6717    .text               mf_p.l(dadd.o)
    0x080004a8   0x080004a8   0x000000d0   Code   RO         6719    .text               mf_p.l(dmul.o)
    0x08000578   0x08000578   0x000000f0   Code   RO         6721    .text               mf_p.l(ddiv.o)
    0x08000668   0x08000668   0x0000001c   Code   RO         6723    .text               mf_p.l(dfltui.o)
    0x08000684   0x08000684   0x0000003c   Code   RO         6725    .text               mf_p.l(dfixui.o)
    0x080006c0   0x080006c0   0x00000028   Code   RO         6727    .text               mf_p.l(cdcmple.o)
    0x080006e8   0x080006e8   0x00000028   Code   RO         6729    .text               mf_p.l(cdrcmple.o)
    0x08000710   0x08000710   0x00000020   Code   RO         6774    .text               mc_p.l(llshl.o)
    0x08000730   0x08000730   0x00000026   Code   RO         6776    .text               mc_p.l(llsshr.o)
    0x08000756   0x08000756   0x000000a6   Code   RO         6787    .text               mc_p.l(_strtoul.o)
    0x080007fc   0x080007fc   0x00000000   Code   RO         6789    .text               mc_p.l(iusefp.o)
    0x080007fc   0x080007fc   0x000000be   Code   RO         6790    .text               mf_p.l(depilogue.o)
    0x080008ba   0x080008ba   0x00000002   PAD
    0x080008bc   0x080008bc   0x00000024   Code   RO         6800    .text               mc_p.l(init.o)
    0x080008e0   0x080008e0   0x0000001e   Code   RO         6802    .text               mc_p.l(_chval.o)
    0x080008fe   0x080008fe   0x0000002c   Code   RO         6804    .text               mf_p.l(dscalb.o)
    0x0800092a   0x0800092a   0x00000002   PAD
    0x0800092c   0x0800092c   0x00000028   Code   RO         6806    .text               mf_p.l(dflti.o)
    0x08000954   0x08000954   0x00000048   Code   RO         6808    .text               mf_p.l(dfixi.o)
    0x0800099c   0x0800099c   0x0000000c   Code   RO         1211    i.EXTI4_15_IRQHandler  stm32f0xx_it.o
    0x080009a8   0x080009a8   0x0000000a   Code   RO         6266    i.FATFS_LinkDriver  ff_gen_drv.o
    0x080009b2   0x080009b2   0x00000002   PAD
    0x080009b4   0x080009b4   0x00000044   Code   RO         6267    i.FATFS_LinkDriverEx  ff_gen_drv.o
    0x080009f8   0x080009f8   0x00000044   Code   RO         2324    i.HAL_DMA_Abort     stm32f0xx_hal_dma.o
    0x08000a3c   0x08000a3c   0x00000048   Code   RO         2325    i.HAL_DMA_Abort_IT  stm32f0xx_hal_dma.o
    0x08000a84   0x08000a84   0x00000024   Code   RO         1589    i.HAL_Delay         stm32f0xx_hal.o
    0x08000aa8   0x08000aa8   0x000000dc   Code   RO         2260    i.HAL_GPIO_DeInit   stm32f0xx_hal_gpio.o
    0x08000b84   0x08000b84   0x00000194   Code   RO          215    i.HAL_GPIO_EXTI_Callback  my_tasks.o
    0x08000d18   0x08000d18   0x00000018   Code   RO         2262    i.HAL_GPIO_EXTI_IRQHandler  stm32f0xx_hal_gpio.o
    0x08000d30   0x08000d30   0x0000016c   Code   RO         2263    i.HAL_GPIO_Init     stm32f0xx_hal_gpio.o
    0x08000e9c   0x08000e9c   0x0000000e   Code   RO         2265    i.HAL_GPIO_ReadPin  stm32f0xx_hal_gpio.o
    0x08000eaa   0x08000eaa   0x00000010   Code   RO         2266    i.HAL_GPIO_TogglePin  stm32f0xx_hal_gpio.o
    0x08000eba   0x08000eba   0x0000000c   Code   RO         2267    i.HAL_GPIO_WritePin  stm32f0xx_hal_gpio.o
    0x08000ec6   0x08000ec6   0x00000002   PAD
    0x08000ec8   0x08000ec8   0x0000000c   Code   RO         1593    i.HAL_GetTick       stm32f0xx_hal.o
    0x08000ed4   0x08000ed4   0x00000054   Code   RO         2210    i.HAL_I2CEx_ConfigAnalogFilter  stm32f0xx_hal_i2c_ex.o
    0x08000f28   0x08000f28   0x00000052   Code   RO         2211    i.HAL_I2CEx_ConfigDigitalFilter  stm32f0xx_hal_i2c_ex.o
    0x08000f7a   0x08000f7a   0x00000002   PAD
    0x08000f7c   0x08000f7c   0x000000c8   Code   RO         1753    i.HAL_I2C_Init      stm32f0xx_hal_i2c.o
    0x08001044   0x08001044   0x0000013c   Code   RO         1754    i.HAL_I2C_IsDeviceReady  stm32f0xx_hal_i2c.o
    0x08001180   0x08001180   0x00000150   Code   RO         1759    i.HAL_I2C_Master_Receive  stm32f0xx_hal_i2c.o
    0x080012d0   0x080012d0   0x00000174   Code   RO         1766    i.HAL_I2C_Master_Transmit  stm32f0xx_hal_i2c.o
    0x08001444   0x08001444   0x00000064   Code   RO         1260    i.HAL_I2C_MspInit   stm32f0xx_hal_msp.o
    0x080014a8   0x080014a8   0x00000074   Code   RO         2930    i.HAL_IWDG_Init     stm32f0xx_hal_iwdg.o
    0x0800151c   0x0800151c   0x00000010   Code   RO         2931    i.HAL_IWDG_Refresh  stm32f0xx_hal_iwdg.o
    0x0800152c   0x0800152c   0x00000010   Code   RO         1599    i.HAL_IncTick       stm32f0xx_hal.o
    0x0800153c   0x0800153c   0x00000020   Code   RO         1600    i.HAL_Init          stm32f0xx_hal.o
    0x0800155c   0x0800155c   0x0000009c   Code   RO         1327    i.HAL_InitTick      stm32f0xx_hal_timebase_tim.o
    0x080015f8   0x080015f8   0x00000030   Code   RO         1261    i.HAL_MspInit       stm32f0xx_hal_msp.o
    0x08001628   0x08001628   0x00000020   Code   RO         2419    i.HAL_NVIC_DisableIRQ  stm32f0xx_hal_cortex.o
    0x08001648   0x08001648   0x00000018   Code   RO         2420    i.HAL_NVIC_EnableIRQ  stm32f0xx_hal_cortex.o
    0x08001660   0x08001660   0x00000044   Code   RO         2424    i.HAL_NVIC_SetPriority  stm32f0xx_hal_cortex.o
    0x080016a4   0x080016a4   0x0000001c   Code   RO         2425    i.HAL_NVIC_SystemReset  stm32f0xx_hal_cortex.o
    0x080016c0   0x080016c0   0x00000134   Code   RO         1509    i.HAL_RCCEx_PeriphCLKConfig  stm32f0xx_hal_rcc_ex.o
    0x080017f4   0x080017f4   0x00000138   Code   RO         1404    i.HAL_RCC_ClockConfig  stm32f0xx_hal_rcc.o
    0x0800192c   0x0800192c   0x00000038   Code   RO         1408    i.HAL_RCC_GetClockConfig  stm32f0xx_hal_rcc.o
    0x08001964   0x08001964   0x0000000c   Code   RO         1409    i.HAL_RCC_GetHCLKFreq  stm32f0xx_hal_rcc.o
    0x08001970   0x08001970   0x00000020   Code   RO         1411    i.HAL_RCC_GetPCLK1Freq  stm32f0xx_hal_rcc.o
    0x08001990   0x08001990   0x00000084   Code   RO         1412    i.HAL_RCC_GetSysClockFreq  stm32f0xx_hal_rcc.o
    0x08001a14   0x08001a14   0x00000514   Code   RO         1415    i.HAL_RCC_OscConfig  stm32f0xx_hal_rcc.o
    0x08001f28   0x08001f28   0x0000002e   Code   RO         2962    i.HAL_SPI_DeInit    stm32f0xx_hal_spi.o
    0x08001f56   0x08001f56   0x000000f0   Code   RO         2967    i.HAL_SPI_Init      stm32f0xx_hal_spi.o
    0x08002046   0x08002046   0x00000002   PAD
    0x08002048   0x08002048   0x0000002c   Code   RO         1262    i.HAL_SPI_MspDeInit  stm32f0xx_hal_msp.o
    0x08002074   0x08002074   0x00000060   Code   RO         1263    i.HAL_SPI_MspInit   stm32f0xx_hal_msp.o
    0x080020d4   0x080020d4   0x00000198   Code   RO         2975    i.HAL_SPI_Transmit  stm32f0xx_hal_spi.o
    0x0800226c   0x0800226c   0x00000218   Code   RO         2976    i.HAL_SPI_TransmitReceive  stm32f0xx_hal_spi.o
    0x08002484   0x08002484   0x00000002   Code   RO         4012    i.HAL_TIMEx_BreakCallback  stm32f0xx_hal_tim_ex.o
    0x08002486   0x08002486   0x00000002   Code   RO         4013    i.HAL_TIMEx_CommutCallback  stm32f0xx_hal_tim_ex.o
    0x08002488   0x08002488   0x00000064   Code   RO         4031    i.HAL_TIMEx_MasterConfigSynchronization  stm32f0xx_hal_tim_ex.o
    0x080024ec   0x080024ec   0x0000004a   Code   RO         3301    i.HAL_TIM_Base_Init  stm32f0xx_hal_tim.o
    0x08002536   0x08002536   0x00000002   PAD
    0x08002538   0x08002538   0x00000024   Code   RO         1265    i.HAL_TIM_Base_MspInit  stm32f0xx_hal_msp.o
    0x0800255c   0x0800255c   0x00000058   Code   RO         3304    i.HAL_TIM_Base_Start  stm32f0xx_hal_tim.o
    0x080025b4   0x080025b4   0x00000060   Code   RO         3306    i.HAL_TIM_Base_Start_IT  stm32f0xx_hal_tim.o
    0x08002614   0x08002614   0x000000e8   Code   RO         3310    i.HAL_TIM_ConfigClockSource  stm32f0xx_hal_tim.o
    0x080026fc   0x080026fc   0x00000002   Code   RO         3335    i.HAL_TIM_IC_CaptureCallback  stm32f0xx_hal_tim.o
    0x080026fe   0x080026fe   0x00000130   Code   RO         3349    i.HAL_TIM_IRQHandler  stm32f0xx_hal_tim.o
    0x0800282e   0x0800282e   0x00000002   Code   RO         3352    i.HAL_TIM_OC_DelayElapsedCallback  stm32f0xx_hal_tim.o
    0x08002830   0x08002830   0x00000002   Code   RO         3379    i.HAL_TIM_PWM_PulseFinishedCallback  stm32f0xx_hal_tim.o
    0x08002832   0x08002832   0x00000002   PAD
    0x08002834   0x08002834   0x00000014   Code   RO          967    i.HAL_TIM_PeriodElapsedCallback  main.o
    0x08002848   0x08002848   0x00000002   Code   RO         3392    i.HAL_TIM_TriggerCallback  stm32f0xx_hal_tim.o
    0x0800284a   0x0800284a   0x00000002   Code   RO         4284    i.HAL_UARTEx_RxEventCallback  stm32f0xx_hal_uart.o
    0x0800284c   0x0800284c   0x00000002   Code   RO         4680    i.HAL_UARTEx_WakeupCallback  stm32f0xx_hal_uart_ex.o
    0x0800284e   0x0800284e   0x00000002   PAD
    0x08002850   0x08002850   0x00000024   Code   RO          968    i.HAL_UART_ErrorCallback  main.o
    0x08002874   0x08002874   0x000002a4   Code   RO         4303    i.HAL_UART_IRQHandler  stm32f0xx_hal_uart.o
    0x08002b18   0x08002b18   0x00000070   Code   RO         4304    i.HAL_UART_Init     stm32f0xx_hal_uart.o
    0x08002b88   0x08002b88   0x000000ac   Code   RO         1267    i.HAL_UART_MspInit  stm32f0xx_hal_msp.o
    0x08002c34   0x08002c34   0x0000005e   Code   RO         4309    i.HAL_UART_Receive_IT  stm32f0xx_hal_uart.o
    0x08002c92   0x08002c92   0x00000002   PAD
    0x08002c94   0x08002c94   0x00000030   Code   RO          969    i.HAL_UART_RxCpltCallback  main.o
    0x08002cc4   0x08002cc4   0x000000e2   Code   RO         4313    i.HAL_UART_Transmit  stm32f0xx_hal_uart.o
    0x08002da6   0x08002da6   0x00000002   Code   RO         4316    i.HAL_UART_TxCpltCallback  stm32f0xx_hal_uart.o
    0x08002da8   0x08002da8   0x00000002   Code   RO         1212    i.HardFault_Handler  stm32f0xx_it.o
    0x08002daa   0x08002daa   0x00000022   Code   RO         1800    i.I2C_Flush_TXDR    stm32f0xx_hal_i2c.o
    0x08002dcc   0x08002dcc   0x00000114   Code   RO         1808    i.I2C_IsErrorOccurred  stm32f0xx_hal_i2c.o
    0x08002ee0   0x08002ee0   0x0000002c   Code   RO         1817    i.I2C_TransferConfig  stm32f0xx_hal_i2c.o
    0x08002f0c   0x08002f0c   0x00000086   Code   RO         1819    i.I2C_WaitOnFlagUntilTimeout  stm32f0xx_hal_i2c.o
    0x08002f92   0x08002f92   0x00000002   PAD
    0x08002f94   0x08002f94   0x000000a8   Code   RO         1820    i.I2C_WaitOnRXNEFlagUntilTimeout  stm32f0xx_hal_i2c.o
    0x0800303c   0x0800303c   0x00000060   Code   RO         1821    i.I2C_WaitOnSTOPFlagUntilTimeout  stm32f0xx_hal_i2c.o
    0x0800309c   0x0800309c   0x00000064   Code   RO         1822    i.I2C_WaitOnTXISFlagUntilTimeout  stm32f0xx_hal_i2c.o
    0x08003100   0x08003100   0x0000001c   Code   RO         1180    i.MX_FATFS_Init     fatfs.o
    0x0800311c   0x0800311c   0x00000120   Code   RO          970    i.MX_GPIO_Init      main.o
    0x0800323c   0x0800323c   0x00000054   Code   RO          971    i.MX_I2C1_Init      main.o
    0x08003290   0x08003290   0x0000004c   Code   RO          972    i.MX_SPI1_Init      main.o
    0x080032dc   0x080032dc   0x00000060   Code   RO          973    i.MX_TIM2_Init      main.o
    0x0800333c   0x0800333c   0x0000003c   Code   RO          974    i.MX_USART1_UART_Init  main.o
    0x08003378   0x08003378   0x00000038   Code   RO          975    i.MX_USART3_UART_Init  main.o
    0x080033b0   0x080033b0   0x00000002   Code   RO         1213    i.NMI_Handler       stm32f0xx_it.o
    0x080033b2   0x080033b2   0x00000066   Code   RO         3005    i.SPI_EndRxTxTransaction  stm32f0xx_hal_spi.o
    0x08003418   0x08003418   0x000000e4   Code   RO         3010    i.SPI_WaitFifoStateUntilTimeout  stm32f0xx_hal_spi.o
    0x080034fc   0x080034fc   0x000000d8   Code   RO         3011    i.SPI_WaitFlagStateUntilTimeout  stm32f0xx_hal_spi.o
    0x080035d4   0x080035d4   0x00000002   Code   RO         5806    i.SVC_Handler       port.o
    0x080035d6   0x080035d6   0x0000000c   Code   RO          976    i.StartDefaultTask  main.o
    0x080035e2   0x080035e2   0x00000002   PAD
    0x080035e4   0x080035e4   0x00000024   Code   RO         5807    i.SysTick_Handler   port.o
    0x08003608   0x08003608   0x0000006a   Code   RO          977    i.SystemClock_Config  main.o
    0x08003672   0x08003672   0x00000002   PAD
    0x08003674   0x08003674   0x0000005c   Code   RO         1363    i.SystemInit        system_stm32f0xx.o
    0x080036d0   0x080036d0   0x00000010   Code   RO         1214    i.TIM7_IRQHandler   stm32f0xx_it.o
    0x080036e0   0x080036e0   0x000000a4   Code   RO         3394    i.TIM_Base_SetConfig  stm32f0xx_hal_tim.o
    0x08003784   0x08003784   0x00000018   Code   RO         3405    i.TIM_ETR_SetConfig  stm32f0xx_hal_tim.o
    0x0800379c   0x0800379c   0x00000010   Code   RO         3406    i.TIM_ITRx_SetConfig  stm32f0xx_hal_tim.o
    0x080037ac   0x080037ac   0x00000024   Code   RO         3412    i.TIM_TI1_ConfigInputStage  stm32f0xx_hal_tim.o
    0x080037d0   0x080037d0   0x00000028   Code   RO         3414    i.TIM_TI2_ConfigInputStage  stm32f0xx_hal_tim.o
    0x080037f8   0x080037f8   0x000000cc   Code   RO         4318    i.UART_AdvFeatureConfig  stm32f0xx_hal_uart.o
    0x080038c4   0x080038c4   0x000000d0   Code   RO         4319    i.UART_CheckIdleState  stm32f0xx_hal_uart.o
    0x08003994   0x08003994   0x00000014   Code   RO         4320    i.UART_DMAAbortOnError  stm32f0xx_hal_uart.o
    0x080039a8   0x080039a8   0x00000060   Code   RO         4330    i.UART_EndRxTransfer  stm32f0xx_hal_uart.o
    0x08003a08   0x08003a08   0x00000028   Code   RO         4331    i.UART_EndTransmit_IT  stm32f0xx_hal_uart.o
    0x08003a30   0x08003a30   0x000000d0   Code   RO         4333    i.UART_RxISR_16BIT  stm32f0xx_hal_uart.o
    0x08003b00   0x08003b00   0x000000d0   Code   RO         4334    i.UART_RxISR_8BIT   stm32f0xx_hal_uart.o
    0x08003bd0   0x08003bd0   0x00000198   Code   RO         4335    i.UART_SetConfig    stm32f0xx_hal_uart.o
    0x08003d68   0x08003d68   0x000000e0   Code   RO         4337    i.UART_Start_Receive_IT  stm32f0xx_hal_uart.o
    0x08003e48   0x08003e48   0x000000ba   Code   RO         4340    i.UART_WaitOnFlagUntilTimeout  stm32f0xx_hal_uart.o
    0x08003f02   0x08003f02   0x00000002   PAD
    0x08003f04   0x08003f04   0x00000010   Code   RO         1215    i.USART1_IRQHandler  stm32f0xx_it.o
    0x08003f14   0x08003f14   0x00000020   Code   RO         1110    i.USER_initialize   user_diskio.o
    0x08003f34   0x08003f34   0x00000030   Code   RO         1111    i.USER_ioctl        user_diskio.o
    0x08003f64   0x08003f64   0x00000030   Code   RO         1112    i.USER_read         user_diskio.o
    0x08003f94   0x08003f94   0x00000020   Code   RO         1113    i.USER_status       user_diskio.o
    0x08003fb4   0x08003fb4   0x00000030   Code   RO         1114    i.USER_write        user_diskio.o
    0x08003fe4   0x08003fe4   0x00000020   Code   RO         6581    i.__0printf$6       mc_p.l(printf6.o)
    0x08004004   0x08004004   0x00000028   Code   RO         6583    i.__0sprintf$6      mc_p.l(printf6.o)
    0x0800402c   0x0800402c   0x0000002e   Code   RO         6792    i.__ARM_clz         mf_p.l(depilogue.o)
    0x0800405a   0x0800405a   0x00000032   Code   RO         1491    i.__ARM_common_ll_muluu  stm32f0xx_hal_rcc.o
    0x0800408c   0x0800408c   0x0000001a   Code   RO          286    i.__ARM_common_switch8  my_tasks.o
    0x080040a6   0x080040a6   0x00000002   PAD
    0x080040a8   0x080040a8   0x0000002c   Code   RO         6796    i.__ARM_fpclassify  m_ps.l(fpclassify.o)
    0x080040d4   0x080040d4   0x00000008   Code   RO         6780    i.__aeabi_errno_addr  mc_p.l(errno.o)
    0x080040dc   0x080040dc   0x0000039c   Code   RO         6748    i.__ieee754_rem_pio2  m_ps.l(rred.o)
    0x08004478   0x08004478   0x000000f4   Code   RO         6731    i.__kernel_cos      m_ps.l(cos_i.o)
    0x0800456c   0x0800456c   0x000000ac   Code   RO         6798    i.__kernel_poly     m_ps.l(poly.o)
    0x08004618   0x08004618   0x000000ec   Code   RO         6753    i.__kernel_sin      m_ps.l(sin_i.o)
    0x08004704   0x08004704   0x0000000a   Code   RO         6735    i.__mathlib_dbl_infnan  m_ps.l(dunder.o)
    0x0800470e   0x0800470e   0x00000010   Code   RO         6737    i.__mathlib_dbl_invalid  m_ps.l(dunder.o)
    0x0800471e   0x0800471e   0x00000002   PAD
    0x08004720   0x08004720   0x00000014   Code   RO         6740    i.__mathlib_dbl_underflow  m_ps.l(dunder.o)
    0x08004734   0x08004734   0x0000000e   Code   RO         6812    i.__scatterload_copy  mc_p.l(handlers.o)
    0x08004742   0x08004742   0x00000002   Code   RO         6813    i.__scatterload_null  mc_p.l(handlers.o)
    0x08004744   0x08004744   0x0000000e   Code   RO         6814    i.__scatterload_zeroinit  mc_p.l(handlers.o)
    0x08004752   0x08004752   0x00000002   PAD
    0x08004754   0x08004754   0x00000134   Code   RO            3    i.__secs_to_tm      helpers.o
    0x08004888   0x08004888   0x0000000c   Code   RO         6782    i.__set_errno       mc_p.l(errno.o)
    0x08004894   0x08004894   0x00000304   Code   RO         6588    i._printf_core      mc_p.l(printf6.o)
    0x08004b98   0x08004b98   0x00000020   Code   RO         6589    i._printf_post_padding  mc_p.l(printf6.o)
    0x08004bb8   0x08004bb8   0x0000002c   Code   RO         6590    i._printf_pre_padding  mc_p.l(printf6.o)
    0x08004be4   0x08004be4   0x0000000a   Code   RO         6592    i._sputc            mc_p.l(printf6.o)
    0x08004bee   0x08004bee   0x00000002   PAD
    0x08004bf0   0x08004bf0   0x000000c8   Code   RO          386    i.animation_handler  animations.o
    0x08004cb8   0x08004cb8   0x0000001c   Code   RO          387    i.animation_init    animations.o
    0x08004cd4   0x08004cd4   0x000000c0   Code   RO          216    i.animation_task_start  my_tasks.o
    0x08004d94   0x08004d94   0x00000010   Code   RO          812    i.button_init       buttons.o
    0x08004da4   0x08004da4   0x0000003c   Code   RO          813    i.button_update     buttons.o
    0x08004de0   0x08004de0   0x00000088   Code   RO         5928    i.check_fs          ff.o
    0x08004e68   0x08004e68   0x00000012   Code   RO         5929    i.chk_chr           ff.o
    0x08004e7a   0x08004e7a   0x00000002   PAD
    0x08004e7c   0x08004e7c   0x00000078   Code   RO         5930    i.chk_lock          ff.o
    0x08004ef4   0x08004ef4   0x00000024   Code   RO         5931    i.clear_lock        ff.o
    0x08004f18   0x08004f18   0x00000038   Code   RO         5932    i.clmt_clust        ff.o
    0x08004f50   0x08004f50   0x0000001e   Code   RO         5933    i.clust2sect        ff.o
    0x08004f6e   0x08004f6e   0x00000002   PAD
    0x08004f70   0x08004f70   0x00000098   Code   RO         6358    i.cos               m_ps.l(cos.o)
    0x08005008   0x08005008   0x0000002e   Code   RO          838    i.crc16             sd_util.o
    0x08005036   0x08005036   0x00000018   Code   RO          840    i.crc7_one          sd_util.o
    0x0800504e   0x0800504e   0x00000002   PAD
    0x08005050   0x08005050   0x000000c0   Code   RO         5934    i.create_chain      ff.o
    0x08005110   0x08005110   0x0000011c   Code   RO         5935    i.create_name       ff.o
    0x0800522c   0x0800522c   0x0000003c   Code   RO         5936    i.dec_lock          ff.o
    0x08005268   0x08005268   0x00000018   Code   RO          449    i.delay_us          delay_us.o
    0x08005280   0x08005280   0x00000010   Code   RO          450    i.delay_us_init     delay_us.o
    0x08005290   0x08005290   0x00000050   Code   RO         5937    i.dir_alloc         ff.o
    0x080052e0   0x080052e0   0x00000054   Code   RO         5938    i.dir_find          ff.o
    0x08005334   0x08005334   0x00000140   Code   RO         5939    i.dir_next          ff.o
    0x08005474   0x08005474   0x0000004a   Code   RO         5941    i.dir_register      ff.o
    0x080054be   0x080054be   0x0000009e   Code   RO         5943    i.dir_sdi           ff.o
    0x0800555c   0x0800555c   0x0000002c   Code   RO         5877    i.disk_initialize   diskio.o
    0x08005588   0x08005588   0x0000001c   Code   RO         5878    i.disk_ioctl        diskio.o
    0x080055a4   0x080055a4   0x0000001c   Code   RO         5879    i.disk_read         diskio.o
    0x080055c0   0x080055c0   0x00000018   Code   RO         5880    i.disk_status       diskio.o
    0x080055d8   0x080055d8   0x0000001c   Code   RO         5881    i.disk_write        diskio.o
    0x080055f4   0x080055f4   0x00000034   Code   RO          537    i.ds18b20_get_temp  ds18b20.o
    0x08005628   0x08005628   0x0000001c   Code   RO          538    i.ds18b20_start_conversion  ds18b20.o
    0x08005644   0x08005644   0x00000048   Code   RO          586    i.eeprom_read       eeprom.o
    0x0800568c   0x0800568c   0x00000044   Code   RO          587    i.eeprom_write      eeprom.o
    0x080056d0   0x080056d0   0x00000028   Code   RO         5944    i.enq_lock          ff.o
    0x080056f8   0x080056f8   0x0000003e   Code   RO         5946    i.f_close           ff.o
    0x08005736   0x08005736   0x00000350   Code   RO         5950    i.f_lseek           ff.o
    0x08005a86   0x08005a86   0x00000002   PAD
    0x08005a88   0x08005a88   0x0000009c   Code   RO         5952    i.f_mount           ff.o
    0x08005b24   0x08005b24   0x000001ae   Code   RO         5953    i.f_open            ff.o
    0x08005cd2   0x08005cd2   0x000000bc   Code   RO         5962    i.f_sync            ff.o
    0x08005d8e   0x08005d8e   0x00000002   PAD
    0x08005d90   0x08005d90   0x00000248   Code   RO         5966    i.f_write           ff.o
    0x08005fd8   0x08005fd8   0x00000020   Code   RO         6312    i.ff_cre_syncobj    syscall.o
    0x08005ff8   0x08005ff8   0x0000000a   Code   RO         6313    i.ff_del_syncobj    syscall.o
    0x08006002   0x08006002   0x00000008   Code   RO         6314    i.ff_rel_grant      syscall.o
    0x0800600a   0x0800600a   0x00000016   Code   RO         6315    i.ff_req_grant      syscall.o
    0x08006020   0x08006020   0x00000350   Code   RO         5967    i.find_volume       ff.o
    0x08006370   0x08006370   0x00000078   Code   RO         5968    i.follow_path       ff.o
    0x080063e8   0x080063e8   0x00000018   Code   RO          978    i.fputc             main.o
    0x08006400   0x08006400   0x0000000e   Code   RO          774    i.get_display_mode  config.o
    0x0800640e   0x0800640e   0x000000da   Code   RO         5969    i.get_fat           ff.o
    0x080064e8   0x080064e8   0x00000048   Code   RO         5971    i.get_ldnumber      ff.o
    0x08006530   0x08006530   0x0000001c   Code   RO            4    i.get_time_rmc      helpers.o
    0x0800654c   0x0800654c   0x0000000e   Code   RO          775    i.get_use_24hour    config.o
    0x0800655a   0x0800655a   0x00000010   Code   RO          776    i.get_utc_offset    config.o
    0x0800656a   0x0800656a   0x00000002   PAD
    0x0800656c   0x0800656c   0x00000068   Code   RO          617    i.gps_init          gps_config.o
    0x080065d4   0x080065d4   0x0000001c   Code   RO          619    i.gps_say           gps_config.o
    0x080065f0   0x080065f0   0x00000098   Code   RO          217    i.gps_temp_parse_task_start  my_tasks.o
    0x08006688   0x08006688   0x0000002a   Code   RO          651    i.hex2int           minmea.o
    0x080066b2   0x080066b2   0x00000050   Code   RO          841    i.hwif_init         sd_util.o
    0x08006702   0x08006702   0x00000010   Code   RO         5421    i.inHandlerMode     cmsis_os.o
    0x08006712   0x08006712   0x00000002   PAD
    0x08006714   0x08006714   0x000000a4   Code   RO         5972    i.inc_lock          ff.o
    0x080067b8   0x080067b8   0x00000024   Code   RO         5973    i.ld_clust          ff.o
    0x080067dc   0x080067dc   0x00000120   Code   RO          388    i.led_animation_handler  animations.o
    0x080068fc   0x080068fc   0x00000024   Code   RO          389    i.led_animation_init  animations.o
    0x08006920   0x08006920   0x0000004c   Code   RO          390    i.led_start_animation  animations.o
    0x0800696c   0x0800696c   0x0000002a   Code   RO            5    i.linear_buf_add    helpers.o
    0x08006996   0x08006996   0x00000002   PAD
    0x08006998   0x08006998   0x0000004c   Code   RO            8    i.linear_buf_init   helpers.o
    0x080069e4   0x080069e4   0x00000024   Code   RO            9    i.linear_buf_line_available  helpers.o
    0x08006a08   0x08006a08   0x00000010   Code   RO           10    i.linear_buf_reset  helpers.o
    0x08006a18   0x08006a18   0x00000010   Code   RO         5974    i.lock_fs           ff.o
    0x08006a28   0x08006a28   0x000000d4   Code   RO          979    i.main              main.o
    0x08006afc   0x08006afc   0x0000000c   Code   RO         5423    i.makeFreeRtosPriority  cmsis_os.o
    0x08006b08   0x08006b08   0x0000006c   Code   RO         6688    i.malloc            mc_p.l(malloc.o)
    0x08006b74   0x08006b74   0x0000001c   Code   RO         5975    i.mem_cmp           ff.o
    0x08006b90   0x08006b90   0x00000016   Code   RO         5976    i.mem_cpy           ff.o
    0x08006ba6   0x08006ba6   0x00000014   Code   RO         5977    i.mem_set           ff.o
    0x08006bba   0x08006bba   0x00000002   PAD
    0x08006bbc   0x08006bbc   0x0000008c   Code   RO          652    i.minmea_check      minmea.o
    0x08006c48   0x08006c48   0x00000060   Code   RO          654    i.minmea_gettime    minmea.o
    0x08006ca8   0x08006ca8   0x00000022   Code   RO          655    i.minmea_isfield    minmea.o
    0x08006cca   0x08006cca   0x00000002   PAD
    0x08006ccc   0x08006ccc   0x00000088   Code   RO          656    i.minmea_parse_gga  minmea.o
    0x08006d54   0x08006d54   0x00000060   Code   RO          659    i.minmea_parse_gst  minmea.o
    0x08006db4   0x08006db4   0x0000008c   Code   RO          660    i.minmea_parse_gsv  minmea.o
    0x08006e40   0x08006e40   0x00000098   Code   RO          661    i.minmea_parse_rmc  minmea.o
    0x08006ed8   0x08006ed8   0x0000037c   Code   RO          662    i.minmea_scan       minmea.o
    0x08007254   0x08007254   0x000000a4   Code   RO          663    i.minmea_sentence_id  minmea.o
    0x080072f8   0x080072f8   0x0000003a   Code   RO         5978    i.move_window       ff.o
    0x08007332   0x08007332   0x0000003a   Code   RO          487    i.my_1wire_read_bit  my_1wire.o
    0x0800736c   0x0800736c   0x0000001c   Code   RO          488    i.my_1wire_read_byte  my_1wire.o
    0x08007388   0x08007388   0x00000018   Code   RO          489    i.my_1wire_read_bytes  my_1wire.o
    0x080073a0   0x080073a0   0x00000046   Code   RO          490    i.my_1wire_reset    my_1wire.o
    0x080073e6   0x080073e6   0x00000002   PAD
    0x080073e8   0x080073e8   0x0000004c   Code   RO          491    i.my_1wire_write_bit  my_1wire.o
    0x08007434   0x08007434   0x0000001c   Code   RO          492    i.my_1wire_write_byte  my_1wire.o
    0x08007450   0x08007450   0x00000024   Code   RO          218    i.my_halt           my_tasks.o
    0x08007474   0x08007474   0x00000010   Code   RO         5425    i.osDelay           cmsis_os.o
    0x08007484   0x08007484   0x0000000a   Code   RO         5428    i.osKernelStart     cmsis_os.o
    0x0800748e   0x0800748e   0x00000046   Code   RO         5454    i.osSemaphoreCreate  cmsis_os.o
    0x080074d4   0x080074d4   0x0000001a   Code   RO         5455    i.osSemaphoreDelete  cmsis_os.o
    0x080074ee   0x080074ee   0x00000002   PAD
    0x080074f0   0x080074f0   0x0000004c   Code   RO         5457    i.osSemaphoreRelease  cmsis_os.o
    0x0800753c   0x0800753c   0x00000064   Code   RO         5458    i.osSemaphoreWait   cmsis_os.o
    0x080075a0   0x080075a0   0x0000005e   Code   RO         5462    i.osThreadCreate    cmsis_os.o
    0x080075fe   0x080075fe   0x00000050   Code   RO          666    i.parse_gps         minmea.o
    0x0800764e   0x0800764e   0x00000002   PAD
    0x08007650   0x08007650   0x00000040   Code   RO         5168    i.prvAddCurrentTaskToDelayedList  tasks.o
    0x08007690   0x08007690   0x00000078   Code   RO         5169    i.prvAddNewTaskToReadyList  tasks.o
    0x08007708   0x08007708   0x00000002   Code   RO         5170    i.prvCheckTasksWaitingTermination  tasks.o
    0x0800770a   0x0800770a   0x00000024   Code   RO         4877    i.prvCopyDataFromQueue  queue.o
    0x0800772e   0x0800772e   0x0000005c   Code   RO         4878    i.prvCopyDataToQueue  queue.o
    0x0800778a   0x0800778a   0x00000002   PAD
    0x0800778c   0x0800778c   0x00000018   Code   RO         5171    i.prvIdleTask       tasks.o
    0x080077a4   0x080077a4   0x0000001c   Code   RO         4879    i.prvInitialiseNewQueue  queue.o
    0x080077c0   0x080077c0   0x0000007e   Code   RO         5172    i.prvInitialiseNewTask  tasks.o
    0x0800783e   0x0800783e   0x00000002   PAD
    0x08007840   0x08007840   0x00000048   Code   RO         5173    i.prvInitialiseTaskLists  tasks.o
    0x08007888   0x08007888   0x0000001c   Code   RO         4880    i.prvIsQueueEmpty   queue.o
    0x080078a4   0x080078a4   0x0000001e   Code   RO         4881    i.prvIsQueueFull    queue.o
    0x080078c2   0x080078c2   0x00000002   PAD
    0x080078c4   0x080078c4   0x00000024   Code   RO         5174    i.prvResetNextTaskUnblockTime  tasks.o
    0x080078e8   0x080078e8   0x00000028   Code   RO         5808    i.prvSetupTimerInterrupt  port.o
    0x08007910   0x08007910   0x00000014   Code   RO         5809    i.prvTaskExitError  port.o
    0x08007924   0x08007924   0x00000074   Code   RO         4882    i.prvUnlockQueue    queue.o
    0x08007998   0x08007998   0x000000f8   Code   RO         5979    i.put_fat           ff.o
    0x08007a90   0x08007a90   0x00000050   Code   RO         5772    i.pvPortMalloc      heap_1.o
    0x08007ae0   0x08007ae0   0x00000020   Code   RO         5810    i.pxPortInitialiseStack  port.o
    0x08007b00   0x08007b00   0x0000006e   Code   RO         5981    i.remove_chain      ff.o
    0x08007b6e   0x08007b6e   0x0000001c   Code   RO          219    i.replace_nlcr_with_space  my_tasks.o
    0x08007b8a   0x08007b8a   0x00000068   Code   RO          842    i.sd_cmd            sd_util.o
    0x08007bf2   0x08007bf2   0x00000002   PAD
    0x08007bf4   0x08007bf4   0x0000005c   Code   RO          843    i.sd_get_data       sd_util.o
    0x08007c50   0x08007c50   0x0000001a   Code   RO          844    i.sd_get_r1         sd_util.o
    0x08007c6a   0x08007c6a   0x00000036   Code   RO          845    i.sd_get_r7         sd_util.o
    0x08007ca0   0x08007ca0   0x00000282   Code   RO          846    i.sd_init           sd_util.o
    0x08007f22   0x08007f22   0x00000012   Code   RO          847    i.sd_nec            sd_util.o
    0x08007f34   0x08007f34   0x0000008c   Code   RO          848    i.sd_put_data       sd_util.o
    0x08007fc0   0x08007fc0   0x00000032   Code   RO          849    i.sd_read           sd_util.o
    0x08007ff2   0x08007ff2   0x0000007a   Code   RO          850    i.sd_read_cid       sd_util.o
    0x0800806c   0x0800806c   0x000000f4   Code   RO          851    i.sd_read_csd       sd_util.o
    0x08008160   0x08008160   0x00000064   Code   RO          852    i.sd_read_status    sd_util.o
    0x080081c4   0x080081c4   0x00000088   Code   RO          853    i.sd_readsector     sd_util.o
    0x0800824c   0x0800824c   0x00000032   Code   RO          854    i.sd_write          sd_util.o
    0x0800827e   0x0800827e   0x0000008e   Code   RO          855    i.sd_writesector    sd_util.o
    0x0800830c   0x0800830c   0x00000140   Code   RO          220    i.setup_task        my_tasks.o
    0x0800844c   0x0800844c   0x0000009c   Code   RO         6366    i.sin               m_ps.l(sin.o)
    0x080084e8   0x080084e8   0x0000005c   Code   RO          221    i.spi_send          my_tasks.o
    0x08008544   0x08008544   0x00000038   Code   RO          856    i.spi_set_speed     sd_util.o
    0x0800857c   0x0800857c   0x00000028   Code   RO          857    i.spi_txrx          sd_util.o
    0x080085a4   0x080085a4   0x00000010   Code   RO         5982    i.st_clust          ff.o
    0x080085b4   0x080085b4   0x0000002c   Code   RO          391    i.start_animation   animations.o
    0x080085e0   0x080085e0   0x00000098   Code   RO         5983    i.sync_fs           ff.o
    0x08008678   0x08008678   0x00000056   Code   RO         5984    i.sync_window       ff.o
    0x080086ce   0x080086ce   0x00000002   PAD
    0x080086d0   0x080086d0   0x00000140   Code   RO          222    i.test_task_start   my_tasks.o
    0x08008810   0x08008810   0x00000094   Code   RO          667    i.timegm            minmea.o
    0x080088a4   0x080088a4   0x0000003e   Code   RO          392    i.tube_print2       animations.o
    0x080088e2   0x080088e2   0x00000058   Code   RO           11    i.unix_ts_2_datetime  helpers.o
    0x0800893a   0x0800893a   0x00000024   Code   RO         5985    i.unlock_fs         ff.o
    0x0800895e   0x0800895e   0x00000014   Code   RO          777    i.utc_offset_trim   config.o
    0x08008972   0x08008972   0x00000026   Code   RO         4840    i.uxListRemove      list.o
    0x08008998   0x08008998   0x00000014   Code   RO         1080    i.vApplicationGetIdleTaskMemory  freertos.o
    0x080089ac   0x080089ac   0x00000016   Code   RO         4841    i.vListInitialise   list.o
    0x080089c2   0x080089c2   0x00000006   Code   RO         4842    i.vListInitialiseItem  list.o
    0x080089c8   0x080089c8   0x00000032   Code   RO         4843    i.vListInsert       list.o
    0x080089fa   0x080089fa   0x00000018   Code   RO         4844    i.vListInsertEnd    list.o
    0x08008a12   0x08008a12   0x00000002   PAD
    0x08008a14   0x08008a14   0x00000018   Code   RO         5812    i.vPortEnterCritical  port.o
    0x08008a2c   0x08008a2c   0x0000001c   Code   RO         5813    i.vPortExitCritical  port.o
    0x08008a48   0x08008a48   0x0000000a   Code   RO         5773    i.vPortFree         heap_1.o
    0x08008a52   0x08008a52   0x00000002   PAD
    0x08008a54   0x08008a54   0x00000018   Code   RO         5814    i.vPortYield        port.o
    0x08008a6c   0x08008a6c   0x00000022   Code   RO         4887    i.vQueueDelete      queue.o
    0x08008a8e   0x08008a8e   0x00000002   PAD
    0x08008a90   0x08008a90   0x00000028   Code   RO         4888    i.vQueueUnregisterQueue  queue.o
    0x08008ab8   0x08008ab8   0x00000034   Code   RO         5180    i.vTaskDelay        tasks.o
    0x08008aec   0x08008aec   0x00000010   Code   RO         5182    i.vTaskInternalSetTimeOutState  tasks.o
    0x08008afc   0x08008afc   0x0000000c   Code   RO         5183    i.vTaskMissedYield  tasks.o
    0x08008b08   0x08008b08   0x00000024   Code   RO         5185    i.vTaskPlaceOnEventList  tasks.o
    0x08008b2c   0x08008b2c   0x0000006c   Code   RO         5190    i.vTaskStartScheduler  tasks.o
    0x08008b98   0x08008b98   0x00000010   Code   RO         5191    i.vTaskSuspendAll   tasks.o
    0x08008ba8   0x08008ba8   0x00000068   Code   RO         5192    i.vTaskSwitchContext  tasks.o
    0x08008c10   0x08008c10   0x00000046   Code   RO         5986    i.validate          ff.o
    0x08008c56   0x08008c56   0x00000002   PAD
    0x08008c58   0x08008c58   0x00000060   Code   RO          223    i.write_log         my_tasks.o
    0x08008cb8   0x08008cb8   0x00000030   Code   RO         5815    i.xPortStartScheduler  port.o
    0x08008ce8   0x08008ce8   0x00000042   Code   RO         4889    i.xQueueGenericCreate  queue.o
    0x08008d2a   0x08008d2a   0x00000046   Code   RO         4890    i.xQueueGenericCreateStatic  queue.o
    0x08008d70   0x08008d70   0x00000070   Code   RO         4891    i.xQueueGenericReset  queue.o
    0x08008de0   0x08008de0   0x00000122   Code   RO         4892    i.xQueueGenericSend  queue.o
    0x08008f02   0x08008f02   0x00000076   Code   RO         4894    i.xQueueGiveFromISR  queue.o
    0x08008f78   0x08008f78   0x0000007c   Code   RO         4900    i.xQueueReceiveFromISR  queue.o
    0x08008ff4   0x08008ff4   0x00000100   Code   RO         4901    i.xQueueSemaphoreTake  queue.o
    0x080090f4   0x080090f4   0x00000058   Code   RO         5193    i.xTaskCheckForTimeOut  tasks.o
    0x0800914c   0x0800914c   0x0000005e   Code   RO         5194    i.xTaskCreate       tasks.o
    0x080091aa   0x080091aa   0x00000046   Code   RO         5195    i.xTaskCreateStatic  tasks.o
    0x080091f0   0x080091f0   0x00000020   Code   RO         5199    i.xTaskGetSchedulerState  tasks.o
    0x08009210   0x08009210   0x000000c0   Code   RO         5202    i.xTaskIncrementTick  tasks.o
    0x080092d0   0x080092d0   0x0000006c   Code   RO         5205    i.xTaskRemoveFromEventList  tasks.o
    0x0800933c   0x0800933c   0x000000b4   Code   RO         5206    i.xTaskResumeAll    tasks.o
    0x080093f0   0x080093f0   0x0000000c   Data   RO           12    .constdata          helpers.o
    0x080093fc   0x080093fc   0x00000008   Data   RO          227    .constdata          my_tasks.o
    0x08009404   0x08009404   0x000000ab   Data   RO          620    .constdata          gps_config.o
    0x080094af   0x080094af   0x00000001   PAD
    0x080094b0   0x080094b0   0x00000030   Data   RO          668    .constdata          minmea.o
    0x080094e0   0x080094e0   0x00000070   Data   RO          981    .constdata          main.o
    0x08009550   0x08009550   0x00000010   Data   RO         1364    .constdata          system_stm32f0xx.o
    0x08009560   0x08009560   0x00000008   Data   RO         1365    .constdata          system_stm32f0xx.o
    0x08009568   0x08009568   0x00000020   Data   RO         1416    .constdata          stm32f0xx_hal_rcc.o
    0x08009588   0x08009588   0x00000081   Data   RO         6385    .constdata          mc_p.l(ctype_o.o)
    0x08009609   0x08009609   0x00000003   PAD
    0x0800960c   0x0800960c   0x00000004   Data   RO         6386    .constdata          mc_p.l(ctype_o.o)
    0x08009610   0x08009610   0x00000030   Data   RO         6732    .constdata          m_ps.l(cos_i.o)
    0x08009640   0x08009640   0x000000c8   Data   RO         6750    .constdata          m_ps.l(rred.o)
    0x08009708   0x08009708   0x00000028   Data   RO         6754    .constdata          m_ps.l(sin_i.o)
    0x08009730   0x08009730   0x00000068   Data   RO          228    .conststring        my_tasks.o
    0x08009798   0x08009798   0x0000003a   Data   RO          982    .conststring        main.o
    0x080097d2   0x080097d2   0x00000002   PAD
    0x080097d4   0x080097d4   0x00000020   Data   RO         6810    Region$$Table       anon$$obj.o


    Execution Region RW_IRAM1 (Exec base: 0x20000000, Load base: 0x080097f4, Size: 0x00002558, Max: 0x00004000, ABSOLUTE)

    Exec Addr    Load Addr    Size         Type   Attr      Idx    E Section Name        Object

    0x20000000   0x080097f4   0x00000030   Data   RW          229    .data               my_tasks.o
    0x20000030   0x08009824   0x00000004   Data   RW          452    .data               delay_us.o
    0x20000034   0x08009828   0x00000004   Data   RW          983    .data               main.o
    0x20000038   0x0800982c   0x00000001   Data   RW         1116    .data               user_diskio.o
    0x20000039   0x0800982d   0x00000003   PAD
    0x2000003c   0x08009830   0x00000014   Data   RW         1117    .data               user_diskio.o
    0x20000050   0x08009844   0x00000005   Data   RW         1183    .data               fatfs.o
    0x20000055   0x08009849   0x00000003   PAD
    0x20000058   0x0800984c   0x00000004   Data   RW         1366    .data               system_stm32f0xx.o
    0x2000005c   0x08009850   0x0000000c   Data   RW         1607    .data               stm32f0xx_hal.o
    0x20000068   0x0800985c   0x00000038   Data   RW         5208    .data               tasks.o
    0x200000a0   0x08009894   0x00000008   Data   RW         5777    .data               heap_1.o
    0x200000a8   0x0800989c   0x00000004   Data   RW         5816    .data               port.o
    0x200000ac   0x080098a0   0x00000008   Data   RW         5988    .data               ff.o
    0x200000b4   0x080098a8   0x00000004   Data   RW         6773    .data               mc_p.l(stdout.o)
    0x200000b8   0x080098ac   0x00000004   Data   RW         6778    .data               mc_p.l(mvars.o)
    0x200000bc   0x080098b0   0x00000004   Data   RW         6779    .data               mc_p.l(mvars.o)
    0x200000c0   0x080098b4   0x00000004   Data   RW         6783    .data               mc_p.l(errno.o)
    0x200000c4   0x080098b8   0x00000004   PAD
    0x200000c8        -       0x00000994   Zero   RW          224    .bss                my_tasks.o
    0x20000a5c        -       0x00000009   Zero   RW          539    .bss                ds18b20.o
    0x20000a65   0x080098b8   0x00000003   PAD
    0x20000a68        -       0x00000220   Zero   RW          980    .bss                main.o
    0x20000c88        -       0x0000014c   Zero   RW         1081    .bss                freertos.o
    0x20000dd4        -       0x00000010   Zero   RW         1115    .bss                user_diskio.o
    0x20000de4        -       0x00000048   Zero   RW         1330    .bss                stm32f0xx_hal_timebase_tim.o
    0x20000e2c        -       0x00000040   Zero   RW         4902    .bss                queue.o
    0x20000e6c        -       0x000000c8   Zero   RW         5207    .bss                tasks.o
    0x20000f34        -       0x00001000   Zero   RW         5776    .bss                heap_1.o
    0x20001f34        -       0x00000018   Zero   RW         5987    .bss                ff.o
    0x20001f4c        -       0x0000000c   Zero   RW         6270    .bss                ff_gen_drv.o
    0x20001f58        -       0x00000200   Zero   RW         1395    HEAP                startup_stm32f072xb.o
    0x20002158        -       0x00000400   Zero   RW         1394    STACK               startup_stm32f072xb.o


==============================================================================

Image component sizes


      Code (inc. data)   RO Data    RW Data    ZI Data      Debug   Object Name

       734         78          0          0          0       5140   animations.o
        76          0          0          0          0       1490   buttons.o
       420          8          0          0          0      14162   cmsis_os.o
        64          0          0          0          0       2231   config.o
        40         10          0          4          0       1990   delay_us.o
       152         26          0          0          0       3517   diskio.o
        80          4          0          0          9      15324   ds18b20.o
       140         10          0          0          0       1185   eeprom.o
         0          0          0          0          0       9364   event_groups.o
        28         10          0          5          0       3822   fatfs.o
      6276         98          0          8         24      37555   ff.o
        78          8          0          0         12       1599   ff_gen_drv.o
        20          4          0          0        332       1188   freertos.o
       132         12        171          0          0       2054   gps_config.o
        90         12          0          8       4096       2183   heap_1.o
       594         42         12          0          0     523305   helpers.o
       140          0          0          0          0       3374   list.o
      1118        132        170          4        544      12380   main.o
      2120        154         48          0          0      15112   minmea.o
       284          4          0          0          0       3671   my_1wire.o
      1666        194        112         48       2452      44278   my_tasks.o
       374         54          0          4          0       7216   port.o
      1440          6          0          0         64      14596   queue.o
      2166         22          0          0          0      14753   sd_util.o
        28          8        192          0       1536        592   startup_stm32f072xb.o
        96         20          0         12          0       7846   stm32f0xx_hal.o
       152         30          0          0          0      10437   stm32f0xx_hal_cortex.o
       140          0          0          0          0       1723   stm32f0xx_hal_dma.o
       650         60          0          0          0       4821   stm32f0xx_hal_gpio.o
      2076         42          0          0          0      13054   stm32f0xx_hal_i2c.o
       166          0          0          0          0       2199   stm32f0xx_hal_i2c_ex.o
       132         20          0          0          0       1867   stm32f0xx_hal_iwdg.o
       496         68          0          0          0       4020   stm32f0xx_hal_msp.o
      1894         76         32          0          0       7230   stm32f0xx_hal_rcc.o
       308         14          0          0          0       1576   stm32f0xx_hal_rcc_ex.o
      1776         10          0          0          0       8365   stm32f0xx_hal_spi.o
      1082         52          0          0          0      10156   stm32f0xx_hal_tim.o
       104         12          0          0          0       2477   stm32f0xx_hal_tim_ex.o
       156         26          0          0         72       1431   stm32f0xx_hal_timebase_tim.o
      2914         70          0          0          0      23332   stm32f0xx_hal_uart.o
         2          0          0          0          0        948   stm32f0xx_hal_uart_ex.o
        48         12          0          0          0       2146   stm32f0xx_it.o
        72          0          0          0          0       7820   syscall.o
        92         16         24          4          0       1119   system_stm32f0xx.o
      1552        140          0         56        200      18750   tasks.o
       208         38          0         21         16      12079   user_diskio.o

    ----------------------------------------------------------------------
     32446       1602        796        180       9360     885477   Object Totals
         0          0         32          0          0          0   (incl. Generated)
        70          0          3          6          3          0   (incl. Padding)

    ----------------------------------------------------------------------

      Code (inc. data)   RO Data    RW Data    ZI Data      Debug   Library Member Name

       152         10          0          0          0        104   cos.o
       244         20         48          0          0         92   cos_i.o
        46          6          0          0          0        204   dunder.o
        44          4          0          0          0         60   fpclassify.o
       172          0          0          0          0         76   poly.o
       924         86        200          0          0        120   rred.o
       156         10          0          0          0        104   sin.o
       236         14         40          0          0        100   sin_i.o
        30          0          0          0          0         60   _chval.o
       166          0          0          0          0         84   _strtoul.o
         8          4        133          0          0         60   ctype_o.o
         0          0          0          0          0          0   entry.o
         0          0          0          0          0          0   entry10a.o
         0          0          0          0          0          0   entry11a.o
         8          4          0          0          0          0   entry2.o
         4          0          0          0          0          0   entry5.o
         0          0          0          0          0          0   entry7b.o
         0          0          0          0          0          0   entry8b.o
         8          4          0          0          0          0   entry9a.o
        20         10          0          4          0        120   errno.o
        30          0          0          0          0          0   handlers.o
        40          0          0          0          0         72   idiv.o
        36          8          0          0          0         68   init.o
         0          0          0          0          0          0   iusefp.o
        32          0          0          0          0         68   llshl.o
        38          0          0          0          0         68   llsshr.o
        34          0          0          0          0         68   llushr.o
       108         16          0          0          0         76   malloc.o
        36          0          0          0          0         60   memcpya.o
        36          0          0          0          0        100   memseta.o
         0          0          0          8          0          0   mvars.o
       930         16          0          0          0        468   printf6.o
         0          0          0          4          0          0   stdout.o
        28          0          0          0          0         68   strcmp.o
        14          0          0          0          0         60   strlen.o
        26          0          0          0          0         68   strncpy.o
       112          4          0          0          0         76   strtol.o
        44          0          0          0          0         72   uidiv.o
        96          0          0          0          0         84   uldiv.o
        40          2          0          0          0         68   cdcmple.o
        40          2          0          0          0         68   cdrcmple.o
       356          4          0          0          0        140   dadd.o
       240          6          0          0          0         84   ddiv.o
       236          0          0          0          0        216   depilogue.o
        72         10          0          0          0         72   dfixi.o
        60         10          0          0          0         68   dfixui.o
        40          6          0          0          0         68   dflti.o
        28          4          0          0          0         68   dfltui.o
       208          6          0          0          0         88   dmul.o
        44          0          0          0          0         72   dscalb.o

    ----------------------------------------------------------------------
      5234        266        424         16          4       3672   Library Totals
        12          0          3          0          4          0   (incl. Padding)

    ----------------------------------------------------------------------

      Code (inc. data)   RO Data    RW Data    ZI Data      Debug   Library Name

      1974        150        288          0          0        860   m_ps.l
      1884         66        133         16          0       1800   mc_p.l
      1364         50          0          0          0       1012   mf_p.l

    ----------------------------------------------------------------------
      5234        266        424         16          4       3672   Library Totals

    ----------------------------------------------------------------------

==============================================================================


      Code (inc. data)   RO Data    RW Data    ZI Data      Debug   

     37680       1868       1220        196       9364     874449   Grand Totals
     37680       1868       1220        196       9364     874449   ELF Image Totals
     37680       1868       1220        196          0          0   ROM Totals

==============================================================================

    Total RO  Size (Code + RO Data)                38900 (  37.99kB)
    Total RW  Size (RW Data + ZI Data)              9560 (   9.34kB)
    Total ROM Size (Code + RO Data + RW Data)      39096 (  38.18kB)

==============================================================================

